---
source: src/raw.rs
expression: parsed
---
RawLog(
  version: 0,
  length: 0,
  teams: None,
  players: {
    SteamID(76561197961748177): Player(
      class_stats: [
        ClassStat(
          type: scout,
          kills: 21,
          assists: 16,
          deaths: 15,
          dmg: 5820,
          total_time: 2111,
          weapon: {},
        ),
        ClassStat(
          type: pyro,
          kills: 1,
          assists: 0,
          deaths: 1,
          dmg: 65,
          total_time: 34,
          weapon: {},
        ),
        ClassStat(
          type: heavyweapons,
          kills: 2,
          assists: 0,
          deaths: 1,
          dmg: 313,
          total_time: 20,
          weapon: {},
        ),
      ],
      team: Some(Blue),
      kills: 24,
      deaths: 17,
      assists: 16,
      suicides: 0,
      dmg: 6198,
      dmg_real: 0,
      dt: 0,
      dt_real: 0,
      hr: 0,
      lks: 9,
      ubers: 0,
      ubertypes: {},
      drops: 0,
      medkits: 28,
      medkits_hp: 0,
      backstabs: 0,
      headshots: 0,
      headshots_hit: 0,
      heal: 0,
      cpc: 14,
      ic: 0,
      medicstat: None,
    ),
    SteamID(76561197962878685): Player(
      class_stats: [
        ClassStat(
          type: medic,
          kills: 0,
          assists: 13,
          deaths: 8,
          dmg: 137,
          total_time: 2173,
          weapon: {},
        ),
      ],
      team: Some(Red),
      kills: 0,
      deaths: 8,
      assists: 13,
      suicides: 0,
      dmg: 137,
      dmg_real: 0,
      dt: 0,
      dt_real: 0,
      hr: 0,
      lks: 0,
      ubers: 17,
      ubertypes: {},
      drops: 0,
      medkits: 9,
      medkits_hp: 0,
      backstabs: 0,
      headshots: 0,
      headshots_hit: 0,
      heal: 6972,
      cpc: 6,
      ic: 0,
      medicstat: None,
    ),
    SteamID(76561197966454151): Player(
      class_stats: [
        ClassStat(
          type: scout,
          kills: 12,
          assists: 6,
          deaths: 24,
          dmg: 4958,
          total_time: 1976,
          weapon: {},
        ),
        ClassStat(
          type: sniper,
          kills: 1,
          assists: 0,
          deaths: 0,
          dmg: 600,
          total_time: 197,
          weapon: {},
        ),
      ],
      team: Some(Red),
      kills: 13,
      deaths: 24,
      assists: 6,
      suicides: 0,
      dmg: 5558,
      dmg_real: 0,
      dt: 0,
      dt_real: 0,
      hr: 0,
      lks: 3,
      ubers: 0,
      ubertypes: {},
      drops: 0,
      medkits: 19,
      medkits_hp: 0,
      backstabs: 0,
      headshots: 1,
      headshots_hit: 0,
      heal: 0,
      cpc: 6,
      ic: 0,
      medicstat: None,
    ),
    SteamID(76561197986584186): Player(
      class_stats: [
        ClassStat(
          type: scout,
          kills: 19,
          assists: 5,
          deaths: 20,
          dmg: 5975,
          total_time: 1974,
          weapon: {},
        ),
        ClassStat(
          type: pyro,
          kills: 1,
          assists: 0,
          deaths: 2,
          dmg: 170,
          total_time: 94,
          weapon: {},
        ),
        ClassStat(
          type: sniper,
          kills: 0,
          assists: 0,
          deaths: 1,
          dmg: 150,
          total_time: 67,
          weapon: {},
        ),
      ],
      team: Some(Red),
      kills: 20,
      deaths: 23,
      assists: 5,
      suicides: 0,
      dmg: 6495,
      dmg_real: 0,
      dt: 0,
      dt_real: 0,
      hr: 0,
      lks: 9,
      ubers: 0,
      ubertypes: {},
      drops: 0,
      medkits: 18,
      medkits_hp: 0,
      backstabs: 0,
      headshots: 0,
      headshots_hit: 0,
      heal: 0,
      cpc: 7,
      ic: 0,
      medicstat: None,
    ),
    SteamID(76561197987681768): Player(
      class_stats: [
        ClassStat(
          type: soldier,
          kills: 14,
          assists: 3,
          deaths: 17,
          dmg: 5348,
          total_time: 1979,
          weapon: {},
        ),
        ClassStat(
          type: sniper,
          kills: 4,
          assists: 0,
          deaths: 1,
          dmg: 897,
          total_time: 155,
          weapon: {},
        ),
      ],
      team: Some(Blue),
      kills: 18,
      deaths: 18,
      assists: 3,
      suicides: 0,
      dmg: 6245,
      dmg_real: 0,
      dt: 0,
      dt_real: 0,
      hr: 0,
      lks: 6,
      ubers: 0,
      ubertypes: {},
      drops: 0,
      medkits: 47,
      medkits_hp: 0,
      backstabs: 0,
      headshots: 2,
      headshots_hit: 0,
      heal: 0,
      cpc: 5,
      ic: 0,
      medicstat: None,
    ),
    SteamID(76561197995254867): Player(
      class_stats: [
        ClassStat(
          type: demoman,
          kills: 24,
          assists: 8,
          deaths: 19,
          dmg: 9254,
          total_time: 2173,
          weapon: {},
        ),
      ],
      team: Some(Blue),
      kills: 24,
      deaths: 19,
      assists: 8,
      suicides: 0,
      dmg: 9254,
      dmg_real: 0,
      dt: 0,
      dt_real: 0,
      hr: 0,
      lks: 4,
      ubers: 0,
      ubertypes: {},
      drops: 0,
      medkits: 29,
      medkits_hp: 0,
      backstabs: 0,
      headshots: 0,
      headshots_hit: 0,
      heal: 0,
      cpc: 3,
      ic: 0,
      medicstat: None,
    ),
    SteamID(76561197995536944): Player(
      class_stats: [
        ClassStat(
          type: demoman,
          kills: 29,
          assists: 14,
          deaths: 18,
          dmg: 10198,
          total_time: 2172,
          weapon: {},
        ),
      ],
      team: Some(Red),
      kills: 29,
      deaths: 18,
      assists: 14,
      suicides: 0,
      dmg: 10198,
      dmg_real: 0,
      dt: 0,
      dt_real: 0,
      hr: 0,
      lks: 4,
      ubers: 0,
      ubertypes: {},
      drops: 0,
      medkits: 27,
      medkits_hp: 0,
      backstabs: 0,
      headshots: 0,
      headshots_hit: 0,
      heal: 0,
      cpc: 4,
      ic: 0,
      medicstat: None,
    ),
    SteamID(76561197998282889): Player(
      class_stats: [
        ClassStat(
          type: soldier,
          kills: 18,
          assists: 9,
          deaths: 19,
          dmg: 6632,
          total_time: 2158,
          weapon: {},
        ),
      ],
      team: Some(Red),
      kills: 18,
      deaths: 19,
      assists: 9,
      suicides: 0,
      dmg: 6632,
      dmg_real: 0,
      dt: 0,
      dt_real: 0,
      hr: 0,
      lks: 4,
      ubers: 0,
      ubertypes: {},
      drops: 0,
      medkits: 37,
      medkits_hp: 0,
      backstabs: 0,
      headshots: 0,
      headshots_hit: 0,
      heal: 0,
      cpc: 2,
      ic: 0,
      medicstat: None,
    ),
    SteamID(76561198009281220): Player(
      class_stats: [
        ClassStat(
          type: medic,
          kills: 0,
          assists: 19,
          deaths: 12,
          dmg: 181,
          total_time: 2173,
          weapon: {},
        ),
      ],
      team: Some(Blue),
      kills: 0,
      deaths: 12,
      assists: 19,
      suicides: 0,
      dmg: 181,
      dmg_real: 0,
      dt: 0,
      dt_real: 0,
      hr: 0,
      lks: 0,
      ubers: 16,
      ubertypes: {},
      drops: 1,
      medkits: 6,
      medkits_hp: 0,
      backstabs: 0,
      headshots: 0,
      headshots_hit: 0,
      heal: 8263,
      cpc: 6,
      ic: 0,
      medicstat: None,
    ),
    SteamID(76561198013476484): Player(
      class_stats: [
        ClassStat(
          type: soldier,
          kills: 21,
          assists: 7,
          deaths: 19,
          dmg: 7443,
          total_time: 2171,
          weapon: {},
        ),
      ],
      team: Some(Blue),
      kills: 21,
      deaths: 19,
      assists: 7,
      suicides: 0,
      dmg: 7443,
      dmg_real: 0,
      dt: 0,
      dt_real: 0,
      hr: 0,
      lks: 6,
      ubers: 0,
      ubertypes: {},
      drops: 0,
      medkits: 46,
      medkits_hp: 0,
      backstabs: 0,
      headshots: 0,
      headshots_hit: 0,
      heal: 0,
      cpc: 3,
      ic: 0,
      medicstat: None,
    ),
    SteamID(76561198026076116): Player(
      class_stats: [
        ClassStat(
          type: soldier,
          kills: 22,
          assists: 8,
          deaths: 22,
          dmg: 7992,
          total_time: 2158,
          weapon: {},
        ),
      ],
      team: Some(Red),
      kills: 22,
      deaths: 22,
      assists: 8,
      suicides: 0,
      dmg: 7992,
      dmg_real: 0,
      dt: 0,
      dt_real: 0,
      hr: 0,
      lks: 4,
      ubers: 0,
      ubertypes: {},
      drops: 0,
      medkits: 31,
      medkits_hp: 0,
      backstabs: 0,
      headshots: 0,
      headshots_hit: 0,
      heal: 0,
      cpc: 3,
      ic: 0,
      medicstat: None,
    ),
    SteamID(76561198040284781): Player(
      class_stats: [
        ClassStat(
          type: scout,
          kills: 25,
          assists: 10,
          deaths: 14,
          dmg: 5835,
          total_time: 2039,
          weapon: {},
        ),
        ClassStat(
          type: sniper,
          kills: 1,
          assists: 0,
          deaths: 2,
          dmg: 160,
          total_time: 117,
          weapon: {},
        ),
        ClassStat(
          type: heavyweapons,
          kills: 1,
          assists: 0,
          deaths: 1,
          dmg: 150,
          total_time: 14,
          weapon: {},
        ),
      ],
      team: Some(Blue),
      kills: 27,
      deaths: 17,
      assists: 10,
      suicides: 0,
      dmg: 6145,
      dmg_real: 0,
      dt: 0,
      dt_real: 0,
      hr: 0,
      lks: 4,
      ubers: 0,
      ubertypes: {},
      drops: 0,
      medkits: 41,
      medkits_hp: 0,
      backstabs: 0,
      headshots: 0,
      headshots_hit: 0,
      heal: 0,
      cpc: 12,
      ic: 0,
      medicstat: None,
    ),
  },
  names: {
    SteamID(76561197961748177): "furbo",
    SteamID(76561197962878685): "qn. Kritzonite",
    SteamID(76561197966454151): "qn. zappis",
    SteamID(76561197986584186): "qn. Qun.TV",
    SteamID(76561197987681768): "zooob",
    SteamID(76561197995254867): "Hildreth -ts-",
    SteamID(76561197995536944): "qn. fuo",
    SteamID(76561197998282889): "qn. lime",
    SteamID(76561198009281220): "Ritalin",
    SteamID(76561198013476484): "Shifty",
    SteamID(76561198026076116): "qn. kalho",
    SteamID(76561198040284781): "sheepy",
  },
  rounds: None,
  healspread: {
    SteamID(76561197962878685): {
      SteamID(76561197966454151): 390,
      SteamID(76561197986584186): 733,
      SteamID(76561197995536944): 2241,
      SteamID(76561197998282889): 1779,
      SteamID(76561198026076116): 1829,
    },
    SteamID(76561198009281220): {
      SteamID(76561197961748177): 468,
      SteamID(76561197987681768): 1856,
      SteamID(76561197995254867): 1940,
      SteamID(76561198013476484): 2879,
      SteamID(76561198040284781): 1120,
    },
  },
  classkills: {
    SteamID(76561197961748177): ClassNumbers(
      scout: 9,
      soldier: 8,
      pyro: 0,
      demoman: 5,
      heavyweapons: 0,
      engineer: 0,
      medic: 2,
      sniper: 0,
      spy: 0,
    ),
    SteamID(76561197966454151): ClassNumbers(
      scout: 6,
      soldier: 4,
      pyro: 0,
      demoman: 2,
      heavyweapons: 0,
      engineer: 0,
      medic: 1,
      sniper: 0,
      spy: 0,
    ),
    SteamID(76561197986584186): ClassNumbers(
      scout: 6,
      soldier: 7,
      pyro: 0,
      demoman: 5,
      heavyweapons: 0,
      engineer: 0,
      medic: 2,
      sniper: 0,
      spy: 0,
    ),
    SteamID(76561197987681768): ClassNumbers(
      scout: 4,
      soldier: 7,
      pyro: 0,
      demoman: 3,
      heavyweapons: 0,
      engineer: 0,
      medic: 3,
      sniper: 1,
      spy: 0,
    ),
    SteamID(76561197995254867): ClassNumbers(
      scout: 9,
      soldier: 9,
      pyro: 1,
      demoman: 4,
      heavyweapons: 0,
      engineer: 0,
      medic: 1,
      sniper: 0,
      spy: 0,
    ),
    SteamID(76561197995536944): ClassNumbers(
      scout: 5,
      soldier: 11,
      pyro: 0,
      demoman: 3,
      heavyweapons: 2,
      engineer: 0,
      medic: 6,
      sniper: 2,
      spy: 0,
    ),
    SteamID(76561197998282889): ClassNumbers(
      scout: 7,
      soldier: 6,
      pyro: 1,
      demoman: 2,
      heavyweapons: 0,
      engineer: 0,
      medic: 2,
      sniper: 0,
      spy: 0,
    ),
    SteamID(76561198013476484): ClassNumbers(
      scout: 9,
      soldier: 7,
      pyro: 1,
      demoman: 3,
      heavyweapons: 0,
      engineer: 0,
      medic: 1,
      sniper: 0,
      spy: 0,
    ),
    SteamID(76561198026076116): ClassNumbers(
      scout: 5,
      soldier: 8,
      pyro: 0,
      demoman: 7,
      heavyweapons: 0,
      engineer: 0,
      medic: 1,
      sniper: 1,
      spy: 0,
    ),
    SteamID(76561198040284781): ClassNumbers(
      scout: 13,
      soldier: 10,
      pyro: 0,
      demoman: 3,
      heavyweapons: 0,
      engineer: 0,
      medic: 1,
      sniper: 0,
      spy: 0,
    ),
  },
  classdeaths: {
    SteamID(76561197961748177): ClassNumbers(
      scout: 6,
      soldier: 7,
      pyro: 0,
      demoman: 4,
      heavyweapons: 0,
      engineer: 0,
      medic: 0,
      sniper: 0,
      spy: 0,
    ),
    SteamID(76561197962878685): ClassNumbers(
      scout: 3,
      soldier: 3,
      pyro: 0,
      demoman: 1,
      heavyweapons: 0,
      engineer: 0,
      medic: 0,
      sniper: 1,
      spy: 0,
    ),
    SteamID(76561197966454151): ClassNumbers(
      scout: 10,
      soldier: 7,
      pyro: 0,
      demoman: 6,
      heavyweapons: 0,
      engineer: 0,
      medic: 0,
      sniper: 1,
      spy: 0,
    ),
    SteamID(76561197986584186): ClassNumbers(
      scout: 10,
      soldier: 6,
      pyro: 0,
      demoman: 4,
      heavyweapons: 1,
      engineer: 0,
      medic: 0,
      sniper: 2,
      spy: 0,
    ),
    SteamID(76561197987681768): ClassNumbers(
      scout: 7,
      soldier: 6,
      pyro: 0,
      demoman: 5,
      heavyweapons: 0,
      engineer: 0,
      medic: 0,
      sniper: 0,
      spy: 0,
    ),
    SteamID(76561197995254867): ClassNumbers(
      scout: 7,
      soldier: 9,
      pyro: 0,
      demoman: 3,
      heavyweapons: 0,
      engineer: 0,
      medic: 0,
      sniper: 0,
      spy: 0,
    ),
    SteamID(76561197995536944): ClassNumbers(
      scout: 8,
      soldier: 6,
      pyro: 0,
      demoman: 4,
      heavyweapons: 0,
      engineer: 0,
      medic: 0,
      sniper: 0,
      spy: 0,
    ),
    SteamID(76561197998282889): ClassNumbers(
      scout: 9,
      soldier: 5,
      pyro: 0,
      demoman: 4,
      heavyweapons: 1,
      engineer: 0,
      medic: 0,
      sniper: 0,
      spy: 0,
    ),
    SteamID(76561198009281220): ClassNumbers(
      scout: 3,
      soldier: 3,
      pyro: 0,
      demoman: 6,
      heavyweapons: 0,
      engineer: 0,
      medic: 0,
      sniper: 0,
      spy: 0,
    ),
    SteamID(76561198013476484): ClassNumbers(
      scout: 3,
      soldier: 8,
      pyro: 0,
      demoman: 7,
      heavyweapons: 0,
      engineer: 0,
      medic: 0,
      sniper: 1,
      spy: 0,
    ),
    SteamID(76561198026076116): ClassNumbers(
      scout: 6,
      soldier: 8,
      pyro: 1,
      demoman: 5,
      heavyweapons: 1,
      engineer: 0,
      medic: 0,
      sniper: 1,
      spy: 0,
    ),
    SteamID(76561198040284781): ClassNumbers(
      scout: 5,
      soldier: 7,
      pyro: 1,
      demoman: 4,
      heavyweapons: 0,
      engineer: 0,
      medic: 0,
      sniper: 0,
      spy: 0,
    ),
  },
  classkillassists: None,
  chat: [
    ChatMessage(
      steamid: (),
      name: "Console",
      msg: "ETF2L config (2012-09-03) loaded.",
    ),
    ChatMessage(
      steamid: (),
      name: "Console",
      msg: "* Please check that the settings are correct for this game mode!",
    ),
    ChatMessage(
      steamid: (),
      name: "Console",
      msg: "* You must record POV demos and take screenshots of all results.",
    ),
    ChatMessage(
      steamid: SteamID(76561197961748177),
      name: "furbo",
      msg: "hf",
    ),
    ChatMessage(
      steamid: SteamID(76561197966454151),
      name: "qn. zappis",
      msg: "fun fun fun",
    ),
    ChatMessage(
      steamid: SteamID(76561197961748177),
      name: "furbo",
      msg: ":)",
    ),
    ChatMessage(
      steamid: SteamID(76561197998282889),
      name: "qn. lime",
      msg: "hf",
    ),
    ChatMessage(
      steamid: SteamID(76561197986584186),
      name: "qn. Qun.TV",
      msg: "dont ruin my youtube moment",
    ),
    ChatMessage(
      steamid: SteamID(76561197986584186),
      name: "qn. Qun.TV",
      msg: ":(",
    ),
    ChatMessage(
      steamid: SteamID(76561197962878685),
      name: "qn. Kritzonite",
      msg: "rule break - default",
    ),
    ChatMessage(
      steamid: SteamID(76561197961748177),
      name: "furbo",
      msg: "he\'ll be a couple of minutes",
    ),
    ChatMessage(
      steamid: SteamID(76561197986584186),
      name: "qn. Qun.TV",
      msg: "fu",
    ),
    ChatMessage(
      steamid: SteamID(76561197961748177),
      name: "furbo",
      msg: "lol",
    ),
    ChatMessage(
      steamid: SteamID(76561198026076116),
      name: "qn. kalho",
      msg: "bastards",
    ),
    ChatMessage(
      steamid: SteamID(76561197995254867),
      name: "Hildreth -ts-",
      msg: "sorry he tried to repause but it didn\'t work",
    ),
    ChatMessage(
      steamid: SteamID(76561197995536944),
      name: "qn. fuo",
      msg: "r?",
    ),
    ChatMessage(
      steamid: SteamID(76561197998282889),
      name: "qn. lime",
      msg: "reasdy",
    ),
    ChatMessage(
      steamid: SteamID(76561198009281220),
      name: "Ritalin",
      msg: "unpausing in 5",
    ),
    ChatMessage(
      steamid: SteamID(76561198026076116),
      name: "qn. kalho",
      msg: "Brutal!",
    ),
    ChatMessage(
      steamid: SteamID(76561198009281220),
      name: "Ritalin",
      msg: "lol idiot",
    ),
    ChatMessage(
      steamid: SteamID(76561197966454151),
      name: "qn. zappis",
      msg: "lol",
    ),
    ChatMessage(
      steamid: SteamID(76561197995536944),
      name: "qn. fuo",
      msg: "lol :p",
    ),
    ChatMessage(
      steamid: SteamID(76561197987681768),
      name: "zooob",
      msg: ":p",
    ),
    ChatMessage(
      steamid: SteamID(76561198013476484),
      name: "Shifty",
      msg: "lol :D",
    ),
    ChatMessage(
      steamid: SteamID(76561198040284781),
      name: "sheepy",
      msg: "ns",
    ),
    ChatMessage(
      steamid: SteamID(76561197986584186),
      name: "qn. Qun.TV",
      msg: "gg",
    ),
    ChatMessage(
      steamid: SteamID(76561198040284781),
      name: "sheepy",
      msg: "fuk",
    ),
    ChatMessage(
      steamid: SteamID(76561197995254867),
      name: "Hildreth -ts-",
      msg: "gg",
    ),
    ChatMessage(
      steamid: SteamID(76561198013476484),
      name: "Shifty",
      msg: "gg",
    ),
    ChatMessage(
      steamid: SteamID(76561197987681768),
      name: "zooob",
      msg: "gg",
    ),
    ChatMessage(
      steamid: SteamID(76561197962878685),
      name: "qn. Kritzonite",
      msg: "gg",
    ),
    ChatMessage(
      steamid: SteamID(76561197995254867),
      name: "Hildreth -ts-",
      msg: "thanks for pausing",
    ),
    ChatMessage(
      steamid: SteamID(76561198040284781),
      name: "sheepy",
      msg: "rtgg",
    ),
    ChatMessage(
      steamid: SteamID(76561198026076116),
      name: "qn. kalho",
      msg: "gg",
    ),
    ChatMessage(
      steamid: SteamID(76561197961748177),
      name: "furbo",
      msg: "gg",
    ),
    ChatMessage(
      steamid: SteamID(76561197961748177),
      name: "furbo",
      msg: "gg",
    ),
    ChatMessage(
      steamid: SteamID(76561198026076116),
      name: "qn. kalho",
      msg: "wp",
    ),
    ChatMessage(
      steamid: SteamID(76561197987681768),
      name: "zooob",
      msg: "ty",
    ),
    ChatMessage(
      steamid: SteamID(76561197995254867),
      name: "Hildreth -ts-",
      msg: "cheers gg",
    ),
    ChatMessage(
      steamid: SteamID(76561198013476484),
      name: "Shifty",
      msg: "and you !",
    ),
    ChatMessage(
      steamid: SteamID(76561198040284781),
      name: "sheepy",
      msg: ".",
    ),
  ],
  info: {
    "AD_scoring": false,
    "Blue": Team(
      score: 4,
      kills: 0,
      deaths: 0,
      dmg: 0,
      charges: 0,
      drops: 0,
      firstcaps: 0,
      caps: 0,
    ),
    "Red": Team(
      score: 3,
      kills: 0,
      deaths: 0,
      dmg: 0,
      charges: 0,
      drops: 0,
      firstcaps: 0,
      caps: 0,
    ),
    "date": 1353272955,
    "has_accuracy": false,
    "has_as": false,
    "has_bs": false,
    "has_cp": false,
    "has_dt": false,
    "has_hp": false,
    "has_hp_real": false,
    "has_hr": false,
    "has_hs": false,
    "has_hs_hit": false,
    "has_intel": false,
    "has_real_damage": false,
    "has_sb": false,
    "has_weapon_damage": false,
    "map": "",
    "rounds": Some([
      {
        "Blue": Team(
          score: 0,
          kills: 16,
          deaths: 0,
          dmg: 0,
          charges: 0,
          drops: 0,
          firstcaps: 0,
          caps: 0,
        ),
        "Red": Team(
          score: 1,
          kills: 26,
          deaths: 0,
          dmg: 0,
          charges: 0,
          drops: 0,
          firstcaps: 0,
          caps: 0,
        ),
        "events": [
          Event(
            type: "pointcap",
            time: 46,
            team: Some(Blue),
            point: 3,
          ),
          Event(
            type: "pointcap",
            time: 76,
            team: Some(Blue),
            point: 4,
          ),
          Event(
            type: "charge",
            medigun: medigun,
            time: 86,
            steamid: SteamID(76561198009281220),
            team: Some(Blue),
          ),
          Event(
            type: "charge",
            medigun: medigun,
            time: 89,
            steamid: SteamID(76561197962878685),
            team: Some(Red),
          ),
          Event(
            type: "charge",
            medigun: medigun,
            time: 569,
            steamid: SteamID(76561198009281220),
            team: Some(Blue),
          ),
          Event(
            type: "charge",
            medigun: medigun,
            time: 571,
            steamid: SteamID(76561197962878685),
            team: Some(Red),
          ),
          Event(
            type: "pointcap",
            time: 601,
            team: Some(Red),
            point: 4,
          ),
          Event(
            type: "charge",
            medigun: medigun,
            time: 642,
            steamid: SteamID(76561198009281220),
            team: Some(Blue),
          ),
          Event(
            type: "charge",
            medigun: medigun,
            time: 644,
            steamid: SteamID(76561197962878685),
            team: Some(Red),
          ),
          Event(
            type: "medic_death",
            time: 680,
            team: Some(Blue),
            steamid: SteamID(76561198009281220),
            killer: SteamID(76561197986584186),
          ),
          Event(
            type: "pointcap",
            time: 704,
            team: Some(Red),
            point: 3,
          ),
          Event(
            type: "charge",
            medigun: medigun,
            time: 716,
            steamid: SteamID(76561197962878685),
            team: Some(Red),
          ),
          Event(
            type: "medic_death",
            time: 723,
            team: Some(Blue),
            steamid: SteamID(76561198009281220),
            killer: SteamID(76561198026076116),
          ),
          Event(
            type: "pointcap",
            time: 735,
            team: Some(Red),
            point: 2,
          ),
          Event(
            type: "medic_death",
            time: 751,
            team: Some(Blue),
            steamid: SteamID(76561198009281220),
            killer: SteamID(76561197995536944),
          ),
          Event(
            type: "pointcap",
            time: 754,
            team: Some(Red),
            point: 1,
          ),
          Event(
            type: "round_win",
            time: 754,
            team: Some(Red),
          ),
        ],
        "firstcap": None,
        "length": 754,
        "players": {
          SteamID(76561197961748177): RoundPlayer(
            kills: 5,
            dmg: 1093,
          ),
          SteamID(76561197962878685): RoundPlayer(
            kills: 0,
            dmg: 44,
          ),
          SteamID(76561197966454151): RoundPlayer(
            kills: 1,
            dmg: 1271,
          ),
          SteamID(76561197986584186): RoundPlayer(
            kills: 9,
            dmg: 2008,
          ),
          SteamID(76561197987681768): RoundPlayer(
            kills: 4,
            dmg: 925,
          ),
          SteamID(76561197995254867): RoundPlayer(
            kills: 3,
            dmg: 1192,
          ),
          SteamID(76561197995536944): RoundPlayer(
            kills: 8,
            dmg: 2395,
          ),
          SteamID(76561197998282889): RoundPlayer(
            kills: 2,
            dmg: 1400,
          ),
          SteamID(76561198013476484): RoundPlayer(
            kills: 1,
            dmg: 1736,
          ),
          SteamID(76561198026076116): RoundPlayer(
            kills: 6,
            dmg: 1746,
          ),
          SteamID(76561198040284781): RoundPlayer(
            kills: 3,
            dmg: 1053,
          ),
        },
        "start_time": 0,
        "team": None,
        "winner": Some(Red),
      },
      {
        "Blue": Team(
          score: 1,
          kills: 10,
          deaths: 0,
          dmg: 0,
          charges: 0,
          drops: 0,
          firstcaps: 0,
          caps: 0,
        ),
        "Red": Team(
          score: 1,
          kills: 3,
          deaths: 0,
          dmg: 0,
          charges: 0,
          drops: 0,
          firstcaps: 0,
          caps: 0,
        ),
        "events": [
          Event(
            type: "pointcap",
            time: 53,
            team: Some(Blue),
            point: 3,
          ),
          Event(
            type: "pointcap",
            time: 62,
            team: Some(Blue),
            point: 4,
          ),
          Event(
            type: "charge",
            medigun: medigun,
            time: 149,
            steamid: SteamID(76561198009281220),
            team: Some(Blue),
          ),
          Event(
            type: "charge",
            medigun: medigun,
            time: 151,
            steamid: SteamID(76561197962878685),
            team: Some(Red),
          ),
          Event(
            type: "medic_death",
            time: 164,
            team: Some(Red),
            steamid: SteamID(76561197962878685),
            killer: SteamID(76561197987681768),
          ),
          Event(
            type: "pointcap",
            time: 168,
            team: Some(Blue),
            point: 5,
          ),
          Event(
            type: "round_win",
            time: 168,
            team: Some(Blue),
          ),
        ],
        "firstcap": None,
        "length": 168,
        "players": {
          SteamID(76561197961748177): RoundPlayer(
            kills: 1,
            dmg: 470,
          ),
          SteamID(76561197966454151): RoundPlayer(
            kills: 2,
            dmg: 894,
          ),
          SteamID(76561197986584186): RoundPlayer(
            kills: 0,
            dmg: 216,
          ),
          SteamID(76561197987681768): RoundPlayer(
            kills: 3,
            dmg: 724,
          ),
          SteamID(76561197995254867): RoundPlayer(
            kills: 3,
            dmg: 689,
          ),
          SteamID(76561197995536944): RoundPlayer(
            kills: 0,
            dmg: 631,
          ),
          SteamID(76561197998282889): RoundPlayer(
            kills: 0,
            dmg: 580,
          ),
          SteamID(76561198013476484): RoundPlayer(
            kills: 0,
            dmg: 268,
          ),
          SteamID(76561198026076116): RoundPlayer(
            kills: 1,
            dmg: 372,
          ),
          SteamID(76561198040284781): RoundPlayer(
            kills: 3,
            dmg: 454,
          ),
        },
        "start_time": 0,
        "team": None,
        "winner": Some(Blue),
      },
      {
        "Blue": Team(
          score: 1,
          kills: 11,
          deaths: 0,
          dmg: 0,
          charges: 0,
          drops: 0,
          firstcaps: 0,
          caps: 0,
        ),
        "Red": Team(
          score: 2,
          kills: 16,
          deaths: 0,
          dmg: 0,
          charges: 0,
          drops: 0,
          firstcaps: 0,
          caps: 0,
        ),
        "events": [
          Event(
            type: "pointcap",
            time: 56,
            team: Some(Red),
            point: 3,
          ),
          Event(
            type: "charge",
            medigun: medigun,
            time: 86,
            steamid: SteamID(76561198009281220),
            team: Some(Blue),
          ),
          Event(
            type: "charge",
            medigun: medigun,
            time: 87,
            steamid: SteamID(76561197962878685),
            team: Some(Red),
          ),
          Event(
            type: "medic_death",
            time: 97,
            team: Some(Blue),
            steamid: SteamID(76561198009281220),
            killer: SteamID(76561197986584186),
          ),
          Event(
            type: "pointcap",
            time: 134,
            team: Some(Red),
            point: 2,
          ),
          Event(
            type: "charge",
            medigun: medigun,
            time: 143,
            steamid: SteamID(76561197962878685),
            team: Some(Red),
          ),
          Event(
            type: "medic_death",
            time: 146,
            team: Some(Blue),
            steamid: SteamID(76561198009281220),
            killer: SteamID(76561197995536944),
          ),
          Event(
            type: "pointcap",
            time: 173,
            team: Some(Red),
            point: 1,
          ),
          Event(
            type: "round_win",
            time: 173,
            team: Some(Red),
          ),
        ],
        "firstcap": None,
        "length": 173,
        "players": {
          SteamID(76561197961748177): RoundPlayer(
            kills: 1,
            dmg: 576,
          ),
          SteamID(76561197962878685): RoundPlayer(
            kills: 0,
            dmg: 65,
          ),
          SteamID(76561197966454151): RoundPlayer(
            kills: 3,
            dmg: 798,
          ),
          SteamID(76561197986584186): RoundPlayer(
            kills: 1,
            dmg: 661,
          ),
          SteamID(76561197987681768): RoundPlayer(
            kills: 3,
            dmg: 812,
          ),
          SteamID(76561197995254867): RoundPlayer(
            kills: 1,
            dmg: 1055,
          ),
          SteamID(76561197995536944): RoundPlayer(
            kills: 6,
            dmg: 1796,
          ),
          SteamID(76561197998282889): RoundPlayer(
            kills: 3,
            dmg: 559,
          ),
          SteamID(76561198013476484): RoundPlayer(
            kills: 3,
            dmg: 1029,
          ),
          SteamID(76561198026076116): RoundPlayer(
            kills: 3,
            dmg: 1349,
          ),
          SteamID(76561198040284781): RoundPlayer(
            kills: 3,
            dmg: 622,
          ),
        },
        "start_time": 0,
        "team": None,
        "winner": Some(Red),
      },
      {
        "Blue": Team(
          score: 2,
          kills: 14,
          deaths: 0,
          dmg: 0,
          charges: 0,
          drops: 0,
          firstcaps: 0,
          caps: 0,
        ),
        "Red": Team(
          score: 2,
          kills: 4,
          deaths: 0,
          dmg: 0,
          charges: 0,
          drops: 0,
          firstcaps: 0,
          caps: 0,
        ),
        "events": [
          Event(
            type: "pointcap",
            time: 48,
            team: Some(Red),
            point: 3,
          ),
          Event(
            type: "charge",
            medigun: medigun,
            time: 53,
            steamid: SteamID(76561198009281220),
            team: Some(Blue),
          ),
          Event(
            type: "charge",
            medigun: medigun,
            time: 55,
            steamid: SteamID(76561197962878685),
            team: Some(Red),
          ),
          Event(
            type: "pointcap",
            time: 77,
            team: Some(Blue),
            point: 3,
          ),
          Event(
            type: "medic_death",
            time: 103,
            team: Some(Red),
            steamid: SteamID(76561197962878685),
            killer: SteamID(76561197961748177),
          ),
          Event(
            type: "pointcap",
            time: 113,
            team: Some(Blue),
            point: 4,
          ),
          Event(
            type: "charge",
            medigun: medigun,
            time: 115,
            steamid: SteamID(76561198009281220),
            team: Some(Blue),
          ),
          Event(
            type: "medic_death",
            time: 125,
            team: Some(Blue),
            steamid: SteamID(76561198009281220),
            killer: SteamID(76561197995536944),
          ),
          Event(
            type: "pointcap",
            time: 127,
            team: Some(Blue),
            point: 5,
          ),
          Event(
            type: "round_win",
            time: 127,
            team: Some(Blue),
          ),
        ],
        "firstcap": None,
        "length": 127,
        "players": {
          SteamID(76561197961748177): RoundPlayer(
            kills: 2,
            dmg: 522,
          ),
          SteamID(76561197966454151): RoundPlayer(
            kills: 0,
            dmg: 167,
          ),
          SteamID(76561197986584186): RoundPlayer(
            kills: 0,
            dmg: 446,
          ),
          SteamID(76561197987681768): RoundPlayer(
            kills: 1,
            dmg: 282,
          ),
          SteamID(76561197995254867): RoundPlayer(
            kills: 4,
            dmg: 1612,
          ),
          SteamID(76561197995536944): RoundPlayer(
            kills: 3,
            dmg: 748,
          ),
          SteamID(76561197998282889): RoundPlayer(
            kills: 1,
            dmg: 487,
          ),
          SteamID(76561198013476484): RoundPlayer(
            kills: 6,
            dmg: 1164,
          ),
          SteamID(76561198026076116): RoundPlayer(
            kills: 0,
            dmg: 761,
          ),
          SteamID(76561198040284781): RoundPlayer(
            kills: 1,
            dmg: 470,
          ),
        },
        "start_time": 0,
        "team": None,
        "winner": Some(Blue),
      },
      {
        "Blue": Team(
          score: 3,
          kills: 13,
          deaths: 0,
          dmg: 0,
          charges: 0,
          drops: 0,
          firstcaps: 0,
          caps: 0,
        ),
        "Red": Team(
          score: 2,
          kills: 6,
          deaths: 0,
          dmg: 0,
          charges: 0,
          drops: 0,
          firstcaps: 0,
          caps: 0,
        ),
        "events": [
          Event(
            type: "medic_death",
            time: 27,
            team: Some(Red),
            steamid: SteamID(76561197962878685),
            killer: SteamID(76561197987681768),
          ),
          Event(
            type: "pointcap",
            time: 46,
            team: Some(Blue),
            point: 3,
          ),
          Event(
            type: "pointcap",
            time: 64,
            team: Some(Blue),
            point: 4,
          ),
          Event(
            type: "charge",
            medigun: medigun,
            time: 87,
            steamid: SteamID(76561198009281220),
            team: Some(Blue),
          ),
          Event(
            type: "medic_death",
            time: 95,
            team: Some(Red),
            steamid: SteamID(76561197962878685),
            killer: SteamID(76561197961748177),
          ),
          Event(
            type: "medic_death",
            time: 99,
            team: Some(Blue),
            steamid: SteamID(76561198009281220),
            killer: SteamID(76561197998282889),
          ),
          Event(
            type: "pointcap",
            time: 108,
            team: Some(Blue),
            point: 5,
          ),
          Event(
            type: "round_win",
            time: 108,
            team: Some(Blue),
          ),
        ],
        "firstcap": None,
        "length": 108,
        "players": {
          SteamID(76561197961748177): RoundPlayer(
            kills: 6,
            dmg: 767,
          ),
          SteamID(76561197962878685): RoundPlayer(
            kills: 0,
            dmg: 5,
          ),
          SteamID(76561197966454151): RoundPlayer(
            kills: 1,
            dmg: 372,
          ),
          SteamID(76561197986584186): RoundPlayer(
            kills: 2,
            dmg: 413,
          ),
          SteamID(76561197987681768): RoundPlayer(
            kills: 1,
            dmg: 419,
          ),
          SteamID(76561197995254867): RoundPlayer(
            kills: 0,
            dmg: 231,
          ),
          SteamID(76561197995536944): RoundPlayer(
            kills: 0,
            dmg: 320,
          ),
          SteamID(76561197998282889): RoundPlayer(
            kills: 3,
            dmg: 718,
          ),
          SteamID(76561198013476484): RoundPlayer(
            kills: 4,
            dmg: 629,
          ),
          SteamID(76561198026076116): RoundPlayer(
            kills: 0,
            dmg: 166,
          ),
          SteamID(76561198040284781): RoundPlayer(
            kills: 2,
            dmg: 748,
          ),
        },
        "start_time": 0,
        "team": None,
        "winner": Some(Blue),
      },
      {
        "Blue": Team(
          score: 4,
          kills: 27,
          deaths: 0,
          dmg: 0,
          charges: 0,
          drops: 0,
          firstcaps: 0,
          caps: 0,
        ),
        "Red": Team(
          score: 2,
          kills: 24,
          deaths: 0,
          dmg: 0,
          charges: 0,
          drops: 0,
          firstcaps: 0,
          caps: 0,
        ),
        "events": [
          Event(
            type: "medic_death",
            time: 25,
            team: Some(Blue),
            steamid: SteamID(76561198009281220),
            killer: SteamID(76561197966454151),
          ),
          Event(
            type: "medic_death",
            time: 54,
            team: Some(Red),
            steamid: SteamID(76561197962878685),
            killer: SteamID(76561198040284781),
          ),
          Event(
            type: "pointcap",
            time: 85,
            team: Some(Blue),
            point: 3,
          ),
          Event(
            type: "charge",
            medigun: medigun,
            time: 115,
            steamid: SteamID(76561198009281220),
            team: Some(Blue),
          ),
          Event(
            type: "charge",
            medigun: medigun,
            time: 125,
            steamid: SteamID(76561197962878685),
            team: Some(Red),
          ),
          Event(
            type: "pointcap",
            time: 156,
            team: Some(Blue),
            point: 4,
          ),
          Event(
            type: "charge",
            medigun: medigun,
            time: 173,
            steamid: SteamID(76561198009281220),
            team: Some(Blue),
          ),
          Event(
            type: "charge",
            medigun: medigun,
            time: 178,
            steamid: SteamID(76561197962878685),
            team: Some(Red),
          ),
          Event(
            type: "charge",
            medigun: medigun,
            time: 249,
            steamid: SteamID(76561198009281220),
            team: Some(Blue),
          ),
          Event(
            type: "charge",
            medigun: medigun,
            time: 255,
            steamid: SteamID(76561197962878685),
            team: Some(Red),
          ),
          Event(
            type: "charge",
            medigun: medigun,
            time: 353,
            steamid: SteamID(76561198009281220),
            team: Some(Blue),
          ),
          Event(
            type: "charge",
            medigun: medigun,
            time: 358,
            steamid: SteamID(76561197962878685),
            team: Some(Red),
          ),
          Event(
            type: "pointcap",
            time: 384,
            team: Some(Red),
            point: 4,
          ),
          Event(
            type: "charge",
            medigun: medigun,
            time: 432,
            steamid: SteamID(76561197962878685),
            team: Some(Red),
          ),
          Event(
            type: "charge",
            medigun: medigun,
            time: 433,
            steamid: SteamID(76561198009281220),
            team: Some(Blue),
          ),
          Event(
            type: "pointcap",
            time: 465,
            team: Some(Blue),
            point: 4,
          ),
          Event(
            type: "charge",
            medigun: medigun,
            time: 489,
            steamid: SteamID(76561198009281220),
            team: Some(Blue),
          ),
          Event(
            type: "charge",
            medigun: medigun,
            time: 492,
            steamid: SteamID(76561197962878685),
            team: Some(Red),
          ),
          Event(
            type: "pointcap",
            time: 520,
            team: Some(Blue),
            point: 5,
          ),
          Event(
            type: "round_win",
            time: 520,
            team: Some(Blue),
          ),
        ],
        "firstcap": None,
        "length": 520,
        "players": {
          SteamID(76561197961748177): RoundPlayer(
            kills: 6,
            dmg: 1819,
          ),
          SteamID(76561197962878685): RoundPlayer(
            kills: 0,
            dmg: 23,
          ),
          SteamID(76561197966454151): RoundPlayer(
            kills: 2,
            dmg: 1328,
          ),
          SteamID(76561197986584186): RoundPlayer(
            kills: 4,
            dmg: 1626,
          ),
          SteamID(76561197987681768): RoundPlayer(
            kills: 2,
            dmg: 1910,
          ),
          SteamID(76561197995254867): RoundPlayer(
            kills: 4,
            dmg: 2738,
          ),
          SteamID(76561197995536944): RoundPlayer(
            kills: 4,
            dmg: 1878,
          ),
          SteamID(76561197998282889): RoundPlayer(
            kills: 5,
            dmg: 1924,
          ),
          SteamID(76561198009281220): RoundPlayer(
            kills: 0,
            dmg: 51,
          ),
          SteamID(76561198013476484): RoundPlayer(
            kills: 4,
            dmg: 1667,
          ),
          SteamID(76561198026076116): RoundPlayer(
            kills: 9,
            dmg: 2701,
          ),
          SteamID(76561198040284781): RoundPlayer(
            kills: 11,
            dmg: 2053,
          ),
        },
        "start_time": 0,
        "team": None,
        "winner": Some(Blue),
      },
      {
        "Blue": Team(
          score: 4,
          kills: 17,
          deaths: 0,
          dmg: 0,
          charges: 0,
          drops: 0,
          firstcaps: 0,
          caps: 0,
        ),
        "Red": Team(
          score: 3,
          kills: 21,
          deaths: 0,
          dmg: 0,
          charges: 0,
          drops: 0,
          firstcaps: 0,
          caps: 0,
        ),
        "events": [
          Event(
            type: "medic_death",
            time: 33,
            team: Some(Red),
            steamid: SteamID(76561197962878685),
            killer: SteamID(76561197995254867),
          ),
          Event(
            type: "medic_death",
            time: 33,
            team: Some(Blue),
            steamid: SteamID(76561198009281220),
            killer: SteamID(76561197995536944),
          ),
          Event(
            type: "pointcap",
            time: 47,
            team: Some(Blue),
            point: 3,
          ),
          Event(
            type: "charge",
            medigun: medigun,
            time: 97,
            steamid: SteamID(76561197962878685),
            team: Some(Red),
          ),
          Event(
            type: "charge",
            medigun: medigun,
            time: 102,
            steamid: SteamID(76561198009281220),
            team: Some(Blue),
          ),
          Event(
            type: "medic_death",
            time: 103,
            team: Some(Blue),
            steamid: SteamID(76561198009281220),
            killer: SteamID(76561197995536944),
          ),
          Event(
            type: "pointcap",
            time: 123,
            team: Some(Red),
            point: 3,
          ),
          Event(
            type: "pointcap",
            time: 142,
            team: Some(Red),
            point: 2,
          ),
          Event(
            type: "charge",
            medigun: medigun,
            time: 154,
            steamid: SteamID(76561197962878685),
            team: Some(Red),
          ),
          Event(
            type: "medic_death",
            time: 155,
            team: Some(Red),
            steamid: SteamID(76561197962878685),
            killer: SteamID(76561198013476484),
          ),
          Event(
            type: "drop",
            time: 173,
            steamid: SteamID(76561198009281220),
            team: Some(Blue),
          ),
          Event(
            type: "medic_death",
            time: 173,
            team: Some(Blue),
            steamid: SteamID(76561198009281220),
            killer: SteamID(76561197998282889),
          ),
          Event(
            type: "charge",
            medigun: medigun,
            time: 222,
            steamid: SteamID(76561197962878685),
            team: Some(Red),
          ),
          Event(
            type: "medic_death",
            time: 223,
            team: Some(Blue),
            steamid: SteamID(76561198009281220),
            killer: SteamID(76561197995536944),
          ),
          Event(
            type: "pointcap",
            time: 235,
            team: Some(Red),
            point: 1,
          ),
          Event(
            type: "round_win",
            time: 235,
            team: Some(Red),
          ),
        ],
        "firstcap": None,
        "length": 235,
        "players": {
          SteamID(76561197961748177): RoundPlayer(
            kills: 3,
            dmg: 799,
          ),
          SteamID(76561197966454151): RoundPlayer(
            kills: 3,
            dmg: 584,
          ),
          SteamID(76561197986584186): RoundPlayer(
            kills: 4,
            dmg: 1018,
          ),
          SteamID(76561197987681768): RoundPlayer(
            kills: 1,
            dmg: 739,
          ),
          SteamID(76561197995254867): RoundPlayer(
            kills: 8,
            dmg: 1463,
          ),
          SteamID(76561197995536944): RoundPlayer(
            kills: 8,
            dmg: 2156,
          ),
          SteamID(76561197998282889): RoundPlayer(
            kills: 3,
            dmg: 699,
          ),
          SteamID(76561198009281220): RoundPlayer(
            kills: 0,
            dmg: 130,
          ),
          SteamID(76561198013476484): RoundPlayer(
            kills: 2,
            dmg: 807,
          ),
          SteamID(76561198026076116): RoundPlayer(
            kills: 3,
            dmg: 637,
          ),
          SteamID(76561198040284781): RoundPlayer(
            kills: 3,
            dmg: 547,
          ),
        },
        "start_time": 0,
        "team": None,
        "winner": Some(Red),
      },
      {
        "Blue": Team(
          score: 4,
          kills: 6,
          deaths: 0,
          dmg: 0,
          charges: 0,
          drops: 0,
          firstcaps: 0,
          caps: 0,
        ),
        "Red": Team(
          score: 3,
          kills: 2,
          deaths: 0,
          dmg: 0,
          charges: 0,
          drops: 0,
          firstcaps: 0,
          caps: 0,
        ),
        "events": [
          Event(
            type: "medic_death",
            time: 28,
            team: Some(Red),
            steamid: SteamID(76561197962878685),
            killer: SteamID(76561197987681768),
          ),
          Event(
            type: "pointcap",
            time: 55,
            team: Some(Blue),
            point: 3,
          ),
          Event(
            type: "pointcap",
            time: 71,
            team: Some(Blue),
            point: 4,
          ),
          Event(
            type: "charge",
            medigun: medigun,
            time: 87,
            steamid: SteamID(76561198009281220),
            team: Some(Blue),
          ),
          Event(
            type: "round_win",
            time: 88,
            team: Some(Blue),
          ),
        ],
        "firstcap": None,
        "length": 88,
        "players": {
          SteamID(76561197961748177): RoundPlayer(
            kills: 0,
            dmg: 152,
          ),
          SteamID(76561197966454151): RoundPlayer(
            kills: 1,
            dmg: 144,
          ),
          SteamID(76561197986584186): RoundPlayer(
            kills: 0,
            dmg: 107,
          ),
          SteamID(76561197987681768): RoundPlayer(
            kills: 3,
            dmg: 434,
          ),
          SteamID(76561197995254867): RoundPlayer(
            kills: 1,
            dmg: 274,
          ),
          SteamID(76561197995536944): RoundPlayer(
            kills: 0,
            dmg: 274,
          ),
          SteamID(76561197998282889): RoundPlayer(
            kills: 1,
            dmg: 265,
          ),
          SteamID(76561198013476484): RoundPlayer(
            kills: 1,
            dmg: 143,
          ),
          SteamID(76561198026076116): RoundPlayer(
            kills: 0,
            dmg: 260,
          ),
          SteamID(76561198040284781): RoundPlayer(
            kills: 1,
            dmg: 198,
          ),
        },
        "start_time": 0,
        "team": None,
        "winner": Some(Blue),
      },
    ]),
    "supplemental": true,
    "title": "Log 1",
    "total_length": 2173,
    "uploader": Uploader(
      id: SteamID(0),
      name: "unknown",
      info: None,
    ),
  },
  killstreaks: None,
)
