---
source: src/raw.rs
expression: parsed
---
RawLog(
  version: 0,
  length: 1344,
  teams: Some(Teams(
    Red: Team(
      score: 0,
      kills: 111,
      deaths: 0,
      dmg: 46240,
      charges: 4,
      drops: 0,
      firstcaps: 0,
      caps: 0,
    ),
    Blue: Team(
      score: 2,
      kills: 150,
      deaths: 0,
      dmg: 52816,
      charges: 8,
      drops: 0,
      firstcaps: 2,
      caps: 7,
    ),
  )),
  players: {
    SteamID(76561197988771970): Player(
      class_stats: [
        ClassStat(
          type: scout,
          kills: 16,
          assists: 8,
          deaths: 11,
          dmg: 3763,
          total_time: 566,
          weapon: {
            "bleed_kill": WeaponStat(
              kills: 1,
              dmg: 0,
              avg_dmg: 0.0,
              shots: 0,
              hits: 0,
            ),
            "scattergun": WeaponStat(
              kills: 15,
              dmg: 0,
              avg_dmg: 0.0,
              shots: 0,
              hits: 0,
            ),
          },
        ),
      ],
      team: Some(Blue),
      kills: 16,
      deaths: 11,
      assists: 8,
      suicides: 0,
      dmg: 3763,
      dmg_real: 0,
      dt: 0,
      dt_real: 0,
      hr: 0,
      lks: 6,
      ubers: 0,
      ubertypes: {},
      drops: 0,
      medkits: 14,
      medkits_hp: 0,
      backstabs: 0,
      headshots: 0,
      headshots_hit: 0,
      heal: 0,
      cpc: 3,
      ic: 0,
      medicstat: None,
    ),
    SteamID(76561197995029224): Player(
      class_stats: [
        ClassStat(
          type: soldier,
          kills: 22,
          assists: 7,
          deaths: 26,
          dmg: 8641,
          total_time: 566,
          weapon: {
            "tf_projectile_rocket": WeaponStat(
              kills: 20,
              dmg: 0,
              avg_dmg: 0.0,
              shots: 0,
              hits: 0,
            ),
            "world": WeaponStat(
              kills: 2,
              dmg: 0,
              avg_dmg: 0.0,
              shots: 0,
              hits: 0,
            ),
          },
        ),
      ],
      team: Some(Red),
      kills: 22,
      deaths: 26,
      assists: 7,
      suicides: 0,
      dmg: 8641,
      dmg_real: 0,
      dt: 0,
      dt_real: 0,
      hr: 0,
      lks: 4,
      ubers: 0,
      ubertypes: {},
      drops: 0,
      medkits: 48,
      medkits_hp: 0,
      backstabs: 0,
      headshots: 0,
      headshots_hit: 0,
      heal: 0,
      cpc: 1,
      ic: 0,
      medicstat: None,
    ),
    SteamID(76561198012319940): Player(
      class_stats: [
        ClassStat(
          type: spy,
          kills: 19,
          assists: 1,
          deaths: 17,
          dmg: 5755,
          total_time: 566,
          weapon: {
            "knife": WeaponStat(
              kills: 15,
              dmg: 0,
              avg_dmg: 0.0,
              shots: 0,
              hits: 0,
            ),
            "spy_cicle": WeaponStat(
              kills: 4,
              dmg: 0,
              avg_dmg: 0.0,
              shots: 0,
              hits: 0,
            ),
          },
        ),
      ],
      team: Some(Blue),
      kills: 19,
      deaths: 17,
      assists: 1,
      suicides: 0,
      dmg: 5755,
      dmg_real: 0,
      dt: 0,
      dt_real: 0,
      hr: 0,
      lks: 3,
      ubers: 0,
      ubertypes: {},
      drops: 0,
      medkits: 29,
      medkits_hp: 0,
      backstabs: 18,
      headshots: 0,
      headshots_hit: 0,
      heal: 0,
      cpc: 0,
      ic: 0,
      medicstat: None,
    ),
    SteamID(76561198016519750): Player(
      class_stats: [
        ClassStat(
          type: demoman,
          kills: 20,
          assists: 10,
          deaths: 10,
          dmg: 10662,
          total_time: 566,
          weapon: {
            "tf_projectile_pipe": WeaponStat(
              kills: 2,
              dmg: 0,
              avg_dmg: 0.0,
              shots: 0,
              hits: 0,
            ),
            "tf_projectile_pipe_remote": WeaponStat(
              kills: 16,
              dmg: 0,
              avg_dmg: 0.0,
              shots: 0,
              hits: 0,
            ),
            "world": WeaponStat(
              kills: 2,
              dmg: 0,
              avg_dmg: 0.0,
              shots: 0,
              hits: 0,
            ),
          },
        ),
      ],
      team: Some(Blue),
      kills: 20,
      deaths: 10,
      assists: 10,
      suicides: 0,
      dmg: 10662,
      dmg_real: 0,
      dt: 0,
      dt_real: 0,
      hr: 0,
      lks: 6,
      ubers: 0,
      ubertypes: {},
      drops: 0,
      medkits: 14,
      medkits_hp: 0,
      backstabs: 0,
      headshots: 0,
      headshots_hit: 0,
      heal: 0,
      cpc: 0,
      ic: 0,
      medicstat: None,
    ),
    SteamID(76561198019766105): Player(
      class_stats: [
        ClassStat(
          type: engineer,
          kills: 9,
          assists: 10,
          deaths: 9,
          dmg: 4756,
          total_time: 566,
          weapon: {
            "obj_minisentry": WeaponStat(
              kills: 2,
              dmg: 0,
              avg_dmg: 0.0,
              shots: 0,
              hits: 0,
            ),
            "obj_sentrygun": WeaponStat(
              kills: 1,
              dmg: 0,
              avg_dmg: 0.0,
              shots: 0,
              hits: 0,
            ),
            "obj_sentrygun3": WeaponStat(
              kills: 4,
              dmg: 0,
              avg_dmg: 0.0,
              shots: 0,
              hits: 0,
            ),
            "shotgun_primary": WeaponStat(
              kills: 1,
              dmg: 0,
              avg_dmg: 0.0,
              shots: 0,
              hits: 0,
            ),
            "wrangler_kill": WeaponStat(
              kills: 1,
              dmg: 0,
              avg_dmg: 0.0,
              shots: 0,
              hits: 0,
            ),
          },
        ),
      ],
      team: Some(Blue),
      kills: 9,
      deaths: 9,
      assists: 10,
      suicides: 0,
      dmg: 4756,
      dmg_real: 0,
      dt: 0,
      dt_real: 0,
      hr: 0,
      lks: 2,
      ubers: 0,
      ubertypes: {},
      drops: 0,
      medkits: 3,
      medkits_hp: 0,
      backstabs: 0,
      headshots: 0,
      headshots_hit: 0,
      heal: 0,
      cpc: 1,
      ic: 0,
      medicstat: None,
    ),
    SteamID(76561198024494988): Player(
      class_stats: [
        ClassStat(
          type: medic,
          kills: 0,
          assists: 19,
          deaths: 11,
          dmg: 60,
          total_time: 566,
          weapon: {},
        ),
      ],
      team: Some(Red),
      kills: 0,
      deaths: 11,
      assists: 19,
      suicides: 0,
      dmg: 60,
      dmg_real: 0,
      dt: 0,
      dt_real: 0,
      hr: 0,
      lks: 0,
      ubers: 6,
      ubertypes: {},
      drops: 3,
      medkits: 16,
      medkits_hp: 0,
      backstabs: 0,
      headshots: 0,
      headshots_hit: 0,
      heal: 20588,
      cpc: 0,
      ic: 0,
      medicstat: None,
    ),
    SteamID(76561198025078144): Player(
      class_stats: [
        ClassStat(
          type: engineer,
          kills: 4,
          assists: 10,
          deaths: 19,
          dmg: 4687,
          total_time: 566,
          weapon: {
            "obj_minisentry": WeaponStat(
              kills: 2,
              dmg: 0,
              avg_dmg: 0.0,
              shots: 0,
              hits: 0,
            ),
            "shotgun_primary": WeaponStat(
              kills: 2,
              dmg: 0,
              avg_dmg: 0.0,
              shots: 0,
              hits: 0,
            ),
          },
        ),
      ],
      team: Some(Red),
      kills: 4,
      deaths: 19,
      assists: 10,
      suicides: 0,
      dmg: 4687,
      dmg_real: 0,
      dt: 0,
      dt_real: 0,
      hr: 0,
      lks: 3,
      ubers: 0,
      ubertypes: {},
      drops: 0,
      medkits: 12,
      medkits_hp: 0,
      backstabs: 0,
      headshots: 0,
      headshots_hit: 0,
      heal: 0,
      cpc: 1,
      ic: 0,
      medicstat: None,
    ),
    SteamID(76561198027623164): Player(
      class_stats: [
        ClassStat(
          type: soldier,
          kills: 17,
          assists: 6,
          deaths: 26,
          dmg: 6401,
          total_time: 566,
          weapon: {
            "tf_projectile_rocket": WeaponStat(
              kills: 16,
              dmg: 0,
              avg_dmg: 0.0,
              shots: 0,
              hits: 0,
            ),
            "world": WeaponStat(
              kills: 1,
              dmg: 0,
              avg_dmg: 0.0,
              shots: 0,
              hits: 0,
            ),
          },
        ),
      ],
      team: Some(Blue),
      kills: 17,
      deaths: 26,
      assists: 6,
      suicides: 0,
      dmg: 6401,
      dmg_real: 0,
      dt: 0,
      dt_real: 0,
      hr: 0,
      lks: 2,
      ubers: 0,
      ubertypes: {},
      drops: 0,
      medkits: 44,
      medkits_hp: 0,
      backstabs: 0,
      headshots: 0,
      headshots_hit: 0,
      heal: 0,
      cpc: 0,
      ic: 0,
      medicstat: None,
    ),
    SteamID(76561198033463225): Player(
      class_stats: [
        ClassStat(
          type: heavyweapons,
          kills: 28,
          assists: 14,
          deaths: 15,
          dmg: 9041,
          total_time: 566,
          weapon: {
            "iron_curtain": WeaponStat(
              kills: 27,
              dmg: 0,
              avg_dmg: 0.0,
              shots: 0,
              hits: 0,
            ),
            "world": WeaponStat(
              kills: 1,
              dmg: 0,
              avg_dmg: 0.0,
              shots: 0,
              hits: 0,
            ),
          },
        ),
      ],
      team: Some(Blue),
      kills: 28,
      deaths: 15,
      assists: 14,
      suicides: 0,
      dmg: 9041,
      dmg_real: 0,
      dt: 0,
      dt_real: 0,
      hr: 0,
      lks: 9,
      ubers: 0,
      ubertypes: {},
      drops: 0,
      medkits: 20,
      medkits_hp: 0,
      backstabs: 0,
      headshots: 0,
      headshots_hit: 0,
      heal: 0,
      cpc: 0,
      ic: 0,
      medicstat: None,
    ),
    SteamID(76561198036579861): Player(
      class_stats: [
        ClassStat(
          type: medic,
          kills: 0,
          assists: 12,
          deaths: 9,
          dmg: 0,
          total_time: 566,
          weapon: {},
        ),
      ],
      team: Some(Blue),
      kills: 0,
      deaths: 9,
      assists: 12,
      suicides: 0,
      dmg: 0,
      dmg_real: 0,
      dt: 0,
      dt_real: 0,
      hr: 0,
      lks: 0,
      ubers: 6,
      ubertypes: {},
      drops: 4,
      medkits: 8,
      medkits_hp: 0,
      backstabs: 0,
      headshots: 0,
      headshots_hit: 0,
      heal: 18998,
      cpc: 0,
      ic: 0,
      medicstat: None,
    ),
    SteamID(76561198037716772): Player(
      class_stats: [
        ClassStat(
          type: pyro,
          kills: 17,
          assists: 6,
          deaths: 9,
          dmg: 4680,
          total_time: 566,
          weapon: {
            "axtinguisher": WeaponStat(
              kills: 2,
              dmg: 0,
              avg_dmg: 0.0,
              shots: 0,
              hits: 0,
            ),
            "degreaser": WeaponStat(
              kills: 6,
              dmg: 0,
              avg_dmg: 0.0,
              shots: 0,
              hits: 0,
            ),
            "flaregun": WeaponStat(
              kills: 9,
              dmg: 0,
              avg_dmg: 0.0,
              shots: 0,
              hits: 0,
            ),
          },
        ),
      ],
      team: Some(Blue),
      kills: 17,
      deaths: 9,
      assists: 6,
      suicides: 0,
      dmg: 4680,
      dmg_real: 0,
      dt: 0,
      dt_real: 0,
      hr: 0,
      lks: 5,
      ubers: 0,
      ubertypes: {},
      drops: 0,
      medkits: 12,
      medkits_hp: 0,
      backstabs: 0,
      headshots: 0,
      headshots_hit: 0,
      heal: 0,
      cpc: 0,
      ic: 0,
      medicstat: None,
    ),
    SteamID(76561198037870053): Player(
      class_stats: [
        ClassStat(
          type: scout,
          kills: 21,
          assists: 2,
          deaths: 14,
          dmg: 5620,
          total_time: 566,
          weapon: {
            "pep_brawlerblaster": WeaponStat(
              kills: 20,
              dmg: 0,
              avg_dmg: 0.0,
              shots: 0,
              hits: 0,
            ),
            "world": WeaponStat(
              kills: 1,
              dmg: 0,
              avg_dmg: 0.0,
              shots: 0,
              hits: 0,
            ),
          },
        ),
      ],
      team: Some(Red),
      kills: 21,
      deaths: 14,
      assists: 2,
      suicides: 0,
      dmg: 5620,
      dmg_real: 0,
      dt: 0,
      dt_real: 0,
      hr: 0,
      lks: 5,
      ubers: 0,
      ubertypes: {},
      drops: 0,
      medkits: 39,
      medkits_hp: 0,
      backstabs: 0,
      headshots: 0,
      headshots_hit: 0,
      heal: 0,
      cpc: 3,
      ic: 0,
      medicstat: None,
    ),
    SteamID(76561198044073782): Player(
      class_stats: [
        ClassStat(
          type: sniper,
          kills: 24,
          assists: 2,
          deaths: 12,
          dmg: 7758,
          total_time: 566,
          weapon: {
            "sniperrifle": WeaponStat(
              kills: 24,
              dmg: 0,
              avg_dmg: 0.0,
              shots: 0,
              hits: 0,
            ),
          },
        ),
      ],
      team: Some(Blue),
      kills: 24,
      deaths: 12,
      assists: 2,
      suicides: 0,
      dmg: 7758,
      dmg_real: 0,
      dt: 0,
      dt_real: 0,
      hr: 0,
      lks: 6,
      ubers: 0,
      ubertypes: {},
      drops: 0,
      medkits: 8,
      medkits_hp: 0,
      backstabs: 0,
      headshots: 17,
      headshots_hit: 0,
      heal: 0,
      cpc: 0,
      ic: 0,
      medicstat: None,
    ),
    SteamID(76561198046804654): Player(
      class_stats: [
        ClassStat(
          type: heavyweapons,
          kills: 23,
          assists: 4,
          deaths: 14,
          dmg: 7478,
          total_time: 566,
          weapon: {
            "minigun": WeaponStat(
              kills: 22,
              dmg: 0,
              avg_dmg: 0.0,
              shots: 0,
              hits: 0,
            ),
            "world": WeaponStat(
              kills: 1,
              dmg: 0,
              avg_dmg: 0.0,
              shots: 0,
              hits: 0,
            ),
          },
        ),
      ],
      team: Some(Red),
      kills: 23,
      deaths: 14,
      assists: 4,
      suicides: 0,
      dmg: 7478,
      dmg_real: 0,
      dt: 0,
      dt_real: 0,
      hr: 0,
      lks: 6,
      ubers: 0,
      ubertypes: {},
      drops: 0,
      medkits: 10,
      medkits_hp: 0,
      backstabs: 0,
      headshots: 0,
      headshots_hit: 0,
      heal: 0,
      cpc: 0,
      ic: 0,
      medicstat: None,
    ),
    SteamID(76561198053667422): Player(
      class_stats: [
        ClassStat(
          type: sniper,
          kills: 9,
          assists: 4,
          deaths: 22,
          dmg: 4373,
          total_time: 566,
          weapon: {
            "sniperrifle": WeaponStat(
              kills: 9,
              dmg: 0,
              avg_dmg: 0.0,
              shots: 0,
              hits: 0,
            ),
          },
        ),
      ],
      team: Some(Red),
      kills: 9,
      deaths: 22,
      assists: 4,
      suicides: 0,
      dmg: 4373,
      dmg_real: 0,
      dt: 0,
      dt_real: 0,
      hr: 0,
      lks: 2,
      ubers: 0,
      ubertypes: {},
      drops: 0,
      medkits: 4,
      medkits_hp: 0,
      backstabs: 0,
      headshots: 8,
      headshots_hit: 0,
      heal: 0,
      cpc: 1,
      ic: 0,
      medicstat: None,
    ),
    SteamID(76561198054462519): Player(
      class_stats: [
        ClassStat(
          type: demoman,
          kills: 14,
          assists: 6,
          deaths: 18,
          dmg: 9199,
          total_time: 566,
          weapon: {
            "paintrain": WeaponStat(
              kills: 1,
              dmg: 0,
              avg_dmg: 0.0,
              shots: 0,
              hits: 0,
            ),
            "tf_projectile_pipe": WeaponStat(
              kills: 3,
              dmg: 0,
              avg_dmg: 0.0,
              shots: 0,
              hits: 0,
            ),
            "tf_projectile_pipe_remote": WeaponStat(
              kills: 10,
              dmg: 0,
              avg_dmg: 0.0,
              shots: 0,
              hits: 0,
            ),
          },
        ),
      ],
      team: Some(Red),
      kills: 14,
      deaths: 18,
      assists: 6,
      suicides: 0,
      dmg: 9199,
      dmg_real: 0,
      dt: 0,
      dt_real: 0,
      hr: 0,
      lks: 4,
      ubers: 0,
      ubertypes: {},
      drops: 0,
      medkits: 31,
      medkits_hp: 0,
      backstabs: 0,
      headshots: 0,
      headshots_hit: 0,
      heal: 0,
      cpc: 0,
      ic: 0,
      medicstat: None,
    ),
    SteamID(76561198056225108): Player(
      class_stats: [
        ClassStat(
          type: pyro,
          kills: 8,
          assists: 9,
          deaths: 9,
          dmg: 2211,
          total_time: 566,
          weapon: {
            "deflect_rocket": WeaponStat(
              kills: 2,
              dmg: 0,
              avg_dmg: 0.0,
              shots: 0,
              hits: 0,
            ),
            "degreaser": WeaponStat(
              kills: 4,
              dmg: 0,
              avg_dmg: 0.0,
              shots: 0,
              hits: 0,
            ),
            "flaregun": WeaponStat(
              kills: 2,
              dmg: 0,
              avg_dmg: 0.0,
              shots: 0,
              hits: 0,
            ),
          },
        ),
      ],
      team: Some(Red),
      kills: 8,
      deaths: 9,
      assists: 9,
      suicides: 0,
      dmg: 2211,
      dmg_real: 0,
      dt: 0,
      dt_real: 0,
      hr: 0,
      lks: 2,
      ubers: 0,
      ubertypes: {},
      drops: 0,
      medkits: 14,
      medkits_hp: 0,
      backstabs: 0,
      headshots: 0,
      headshots_hit: 0,
      heal: 0,
      cpc: 1,
      ic: 0,
      medicstat: None,
    ),
    SteamID(76561198060782652): Player(
      class_stats: [
        ClassStat(
          type: spy,
          kills: 10,
          assists: 4,
          deaths: 20,
          dmg: 3971,
          total_time: 566,
          weapon: {
            "knife": WeaponStat(
              kills: 8,
              dmg: 0,
              avg_dmg: 0.0,
              shots: 0,
              hits: 0,
            ),
            "revolver": WeaponStat(
              kills: 2,
              dmg: 0,
              avg_dmg: 0.0,
              shots: 0,
              hits: 0,
            ),
          },
        ),
      ],
      team: Some(Red),
      kills: 10,
      deaths: 20,
      assists: 4,
      suicides: 0,
      dmg: 3971,
      dmg_real: 0,
      dt: 0,
      dt_real: 0,
      hr: 0,
      lks: 2,
      ubers: 0,
      ubertypes: {},
      drops: 0,
      medkits: 26,
      medkits_hp: 0,
      backstabs: 7,
      headshots: 0,
      headshots_hit: 0,
      heal: 0,
      cpc: 1,
      ic: 0,
      medicstat: None,
    ),
  },
  names: {
    SteamID(76561197988771970): "[{SL}]Kritzsie |TW|",
    SteamID(76561197995029224): "jojo",
    SteamID(76561198012319940): "☆彡 Arct!c |TW|",
    SteamID(76561198016519750): "Laijukkonen. ❤ |TW|",
    SteamID(76561198019766105): "CarboN",
    SteamID(76561198024494988): "Icewind",
    SteamID(76561198025078144): "fc | Chris",
    SteamID(76561198027623164): "-Grizzly",
    SteamID(76561198033463225): "wunderbra",
    SteamID(76561198036579861): "TheShowerFairy|TW|",
    SteamID(76561198037716772): "Transistor |TW|",
    SteamID(76561198037870053): "ryan",
    SteamID(76561198044073782): "Iron |TW|",
    SteamID(76561198046804654): "MB LFT UGC",
    SteamID(76561198053667422): "-Xe- Executer LF Heavy div6",
    SteamID(76561198054462519): "wardemon",
    SteamID(76561198056225108): "Crazy3k",
    SteamID(76561198060782652): "Teh Mezzooo!",
  },
  rounds: Some([
    {
      "events": [
        Event(
          type: "charge",
          medigun: medigun,
          time: 92,
          steamid: SteamID(76561198036579861),
          team: Some(Red),
        ),
        Event(
          type: "medic_death",
          time: 105,
          team: Some(Red),
          steamid: SteamID(76561198036579861),
          killer: SteamID(76561198037870053),
        ),
        Event(
          type: "charge",
          medigun: medigun,
          time: 133,
          steamid: SteamID(76561198024494988),
          team: Some(Blue),
        ),
        Event(
          type: "pointcap",
          time: 161,
          team: Some(Blue),
          point: 1,
        ),
        Event(
          type: "medic_death",
          time: 177,
          team: Some(Blue),
          steamid: SteamID(76561198024494988),
          killer: SteamID(76561198027623164),
        ),
        Event(
          type: "medic_death",
          time: 183,
          team: Some(Red),
          steamid: SteamID(76561198036579861),
          killer: SteamID(76561198037870053),
        ),
        Event(
          type: "pointcap",
          time: 236,
          team: Some(Blue),
          point: 2,
        ),
        Event(
          type: "medic_death",
          time: 237,
          team: Some(Red),
          steamid: SteamID(76561198036579861),
          killer: SteamID(76561198054462519),
        ),
        Event(
          type: "drop",
          time: 276,
          steamid: SteamID(76561198024494988),
          team: Some(Blue),
        ),
        Event(
          type: "medic_death",
          time: 276,
          team: Some(Blue),
          steamid: SteamID(76561198024494988),
          killer: SteamID(76561198012319940),
        ),
        Event(
          type: "pointcap",
          time: 329,
          team: Some(Blue),
          point: 3,
        ),
        Event(
          type: "charge",
          medigun: medigun,
          time: 356,
          steamid: SteamID(76561198024494988),
          team: Some(Blue),
        ),
        Event(
          type: "drop",
          time: 380,
          steamid: SteamID(76561198036579861),
          team: Some(Red),
        ),
        Event(
          type: "medic_death",
          time: 380,
          team: Some(Red),
          steamid: SteamID(76561198036579861),
          killer: SteamID(76561198053667422),
        ),
        Event(
          type: "charge",
          medigun: medigun,
          time: 440,
          steamid: SteamID(76561198024494988),
          team: Some(Blue),
        ),
        Event(
          type: "medic_death",
          time: 453,
          team: Some(Blue),
          steamid: SteamID(76561198024494988),
          killer: SteamID(76561198016519750),
        ),
        Event(
          type: "drop",
          time: 493,
          steamid: SteamID(76561198036579861),
          team: Some(Red),
        ),
        Event(
          type: "medic_death",
          time: 493,
          team: Some(Red),
          steamid: SteamID(76561198036579861),
          killer: SteamID(76561198054462519),
        ),
        Event(
          type: "medic_death",
          time: 519,
          team: Some(Blue),
          steamid: SteamID(76561198024494988),
          killer: SteamID(76561198027623164),
        ),
        Event(
          type: "medic_death",
          time: 554,
          team: Some(Blue),
          steamid: SteamID(76561198024494988),
          killer: SteamID(76561198033463225),
        ),
        Event(
          type: "charge",
          medigun: medigun,
          time: 608,
          steamid: SteamID(76561198036579861),
          team: Some(Red),
        ),
        Event(
          type: "medic_death",
          time: 634,
          team: Some(Red),
          steamid: SteamID(76561198036579861),
          killer: SteamID(76561198060782652),
        ),
        Event(
          type: "charge",
          medigun: medigun,
          time: 643,
          steamid: SteamID(76561198024494988),
          team: Some(Blue),
        ),
        Event(
          type: "medic_death",
          time: 654,
          team: Some(Blue),
          steamid: SteamID(76561198024494988),
          killer: SteamID(76561198037716772),
        ),
        Event(
          type: "medic_death",
          time: 691,
          team: Some(Blue),
          steamid: SteamID(76561198024494988),
          killer: SteamID(76561198033463225),
        ),
        Event(
          type: "charge",
          medigun: medigun,
          time: 769,
          steamid: SteamID(76561198024494988),
          team: Some(Blue),
        ),
        Event(
          type: "charge",
          medigun: medigun,
          time: 775,
          steamid: SteamID(76561198036579861),
          team: Some(Red),
        ),
        Event(
          type: "pointcap",
          time: 778,
          team: Some(Blue),
          point: 4,
        ),
        Event(
          type: "round_win",
          time: 778,
          team: Some(Some(Blue)),
        ),
      ],
      "firstcap": Some(Blue),
      "length": 778,
      "players": {
        SteamID(76561197988771970): RoundPlayer(
          kills: 14,
          dmg: 2659,
        ),
        SteamID(76561197995029224): RoundPlayer(
          kills: 8,
          dmg: 4504,
        ),
        SteamID(76561198012319940): RoundPlayer(
          kills: 15,
          dmg: 4564,
        ),
        SteamID(76561198016519750): RoundPlayer(
          kills: 13,
          dmg: 6919,
        ),
        SteamID(76561198019766105): RoundPlayer(
          kills: 6,
          dmg: 3256,
        ),
        SteamID(76561198024494988): RoundPlayer(
          kills: 0,
          dmg: 60,
        ),
        SteamID(76561198025078144): RoundPlayer(
          kills: 2,
          dmg: 2513,
        ),
        SteamID(76561198027623164): RoundPlayer(
          kills: 9,
          dmg: 4446,
        ),
        SteamID(76561198033463225): RoundPlayer(
          kills: 18,
          dmg: 5878,
        ),
        SteamID(76561198037716772): RoundPlayer(
          kills: 8,
          dmg: 2041,
        ),
        SteamID(76561198037870053): RoundPlayer(
          kills: 15,
          dmg: 3399,
        ),
        SteamID(76561198044073782): RoundPlayer(
          kills: 14,
          dmg: 4621,
        ),
        SteamID(76561198046804654): RoundPlayer(
          kills: 13,
          dmg: 4384,
        ),
        SteamID(76561198053667422): RoundPlayer(
          kills: 5,
          dmg: 1774,
        ),
        SteamID(76561198054462519): RoundPlayer(
          kills: 7,
          dmg: 4934,
        ),
        SteamID(76561198056225108): RoundPlayer(
          kills: 6,
          dmg: 1268,
        ),
        SteamID(76561198060782652): RoundPlayer(
          kills: 8,
          dmg: 2532,
        ),
      },
      "start_time": 1385547615,
      "team": Some(Teams(
        Red: Team(
          score: 0,
          kills: 97,
          deaths: 0,
          dmg: 34384,
          charges: 0,
          drops: 0,
          firstcaps: 0,
          caps: 0,
        ),
        Blue: Team(
          score: 4,
          kills: 64,
          deaths: 0,
          dmg: 25368,
          charges: 0,
          drops: 0,
          firstcaps: 0,
          caps: 0,
        ),
      )),
      "winner": Some(Blue),
    },
    {
      "events": [
        Event(
          type: "drop",
          time: 936,
          steamid: SteamID(76561198036579861),
          team: Some(Blue),
        ),
        Event(
          type: "medic_death",
          time: 936,
          team: Some(Blue),
          steamid: SteamID(76561198036579861),
          killer: SteamID(76561197995029224),
        ),
        Event(
          type: "pointcap",
          time: 987,
          team: Some(Blue),
          point: 1,
        ),
        Event(
          type: "drop",
          time: 1031,
          steamid: SteamID(76561198024494988),
          team: Some(Red),
        ),
        Event(
          type: "medic_death",
          time: 1031,
          team: Some(Red),
          steamid: SteamID(76561198024494988),
          killer: SteamID(76561198027623164),
        ),
        Event(
          type: "charge",
          medigun: medigun,
          time: 1044,
          steamid: SteamID(76561198036579861),
          team: Some(Blue),
        ),
        Event(
          type: "pointcap",
          time: 1045,
          team: Some(Blue),
          point: 2,
        ),
        Event(
          type: "charge",
          medigun: medigun,
          time: 1124,
          steamid: SteamID(76561198036579861),
          team: Some(Blue),
        ),
        Event(
          type: "pointcap",
          time: 1125,
          team: Some(Blue),
          point: 3,
        ),
        Event(
          type: "charge",
          medigun: medigun,
          time: 1129,
          steamid: SteamID(76561198024494988),
          team: Some(Red),
        ),
        Event(
          type: "medic_death",
          time: 1140,
          team: Some(Blue),
          steamid: SteamID(76561198036579861),
          killer: SteamID(76561198037870053),
        ),
        Event(
          type: "drop",
          time: 1207,
          steamid: SteamID(76561198024494988),
          team: Some(Red),
        ),
        Event(
          type: "medic_death",
          time: 1207,
          team: Some(Red),
          steamid: SteamID(76561198024494988),
          killer: SteamID(76561198027623164),
        ),
        Event(
          type: "drop",
          time: 1260,
          steamid: SteamID(76561198036579861),
          team: Some(Blue),
        ),
        Event(
          type: "medic_death",
          time: 1260,
          team: Some(Blue),
          steamid: SteamID(76561198036579861),
          killer: SteamID(76561198053667422),
        ),
        Event(
          type: "medic_death",
          time: 1291,
          team: Some(Red),
          steamid: SteamID(76561198024494988),
          killer: SteamID(76561198033463225),
        ),
        Event(
          type: "charge",
          medigun: medigun,
          time: 1336,
          steamid: SteamID(76561198036579861),
          team: Some(Blue),
        ),
        Event(
          type: "round_win",
          time: 1349,
          team: Some(Some(Blue)),
        ),
      ],
      "firstcap": Some(Blue),
      "length": 566,
      "players": {
        SteamID(76561197988771970): RoundPlayer(
          kills: 2,
          dmg: 1104,
        ),
        SteamID(76561197995029224): RoundPlayer(
          kills: 14,
          dmg: 4137,
        ),
        SteamID(76561198012319940): RoundPlayer(
          kills: 4,
          dmg: 1191,
        ),
        SteamID(76561198016519750): RoundPlayer(
          kills: 7,
          dmg: 3743,
        ),
        SteamID(76561198019766105): RoundPlayer(
          kills: 3,
          dmg: 1500,
        ),
        SteamID(76561198025078144): RoundPlayer(
          kills: 2,
          dmg: 2174,
        ),
        SteamID(76561198027623164): RoundPlayer(
          kills: 8,
          dmg: 1955,
        ),
        SteamID(76561198033463225): RoundPlayer(
          kills: 10,
          dmg: 3163,
        ),
        SteamID(76561198037716772): RoundPlayer(
          kills: 9,
          dmg: 2639,
        ),
        SteamID(76561198037870053): RoundPlayer(
          kills: 6,
          dmg: 2221,
        ),
        SteamID(76561198044073782): RoundPlayer(
          kills: 10,
          dmg: 3137,
        ),
        SteamID(76561198046804654): RoundPlayer(
          kills: 10,
          dmg: 3094,
        ),
        SteamID(76561198053667422): RoundPlayer(
          kills: 4,
          dmg: 2599,
        ),
        SteamID(76561198054462519): RoundPlayer(
          kills: 7,
          dmg: 4265,
        ),
        SteamID(76561198056225108): RoundPlayer(
          kills: 2,
          dmg: 943,
        ),
        SteamID(76561198060782652): RoundPlayer(
          kills: 2,
          dmg: 1439,
        ),
      },
      "start_time": 1385548398,
      "team": Some(Teams(
        Red: Team(
          score: 0,
          kills: 47,
          deaths: 0,
          dmg: 20872,
          charges: 0,
          drops: 0,
          firstcaps: 0,
          caps: 0,
        ),
        Blue: Team(
          score: 0,
          kills: 53,
          deaths: 0,
          dmg: 18432,
          charges: 0,
          drops: 0,
          firstcaps: 0,
          caps: 0,
        ),
      )),
      "winner": Some(Blue),
    },
  ]),
  healspread: {
    SteamID(76561198024494988): {
      SteamID(76561197995029224): 1144,
      SteamID(76561198025078144): 1174,
      SteamID(76561198037870053): 1030,
      SteamID(76561198046804654): 8397,
      SteamID(76561198053667422): 1248,
      SteamID(76561198054462519): 4182,
      SteamID(76561198056225108): 3211,
      SteamID(76561198060782652): 202,
    },
    SteamID(76561198036579861): {
      SteamID(76561197988771970): 1906,
      SteamID(76561198012319940): 391,
      SteamID(76561198016519750): 2088,
      SteamID(76561198019766105): 940,
      SteamID(76561198027623164): 1103,
      SteamID(76561198033463225): 6695,
      SteamID(76561198037716772): 4154,
      SteamID(76561198044073782): 1721,
    },
  },
  classkills: {
    SteamID(76561197988771970): ClassNumbers(
      scout: 3,
      soldier: 3,
      pyro: 2,
      demoman: 1,
      heavyweapons: 1,
      engineer: 2,
      medic: 0,
      sniper: 1,
      spy: 3,
    ),
    SteamID(76561197995029224): ClassNumbers(
      scout: 3,
      soldier: 7,
      pyro: 0,
      demoman: 1,
      heavyweapons: 1,
      engineer: 6,
      medic: 1,
      sniper: 2,
      spy: 1,
    ),
    SteamID(76561198012319940): ClassNumbers(
      scout: 0,
      soldier: 3,
      pyro: 2,
      demoman: 6,
      heavyweapons: 1,
      engineer: 1,
      medic: 1,
      sniper: 3,
      spy: 2,
    ),
    SteamID(76561198016519750): ClassNumbers(
      scout: 1,
      soldier: 3,
      pyro: 0,
      demoman: 5,
      heavyweapons: 2,
      engineer: 6,
      medic: 1,
      sniper: 0,
      spy: 2,
    ),
    SteamID(76561198019766105): ClassNumbers(
      scout: 4,
      soldier: 1,
      pyro: 1,
      demoman: 0,
      heavyweapons: 0,
      engineer: 1,
      medic: 0,
      sniper: 1,
      spy: 1,
    ),
    SteamID(76561198025078144): ClassNumbers(
      scout: 1,
      soldier: 1,
      pyro: 1,
      demoman: 0,
      heavyweapons: 1,
      engineer: 0,
      medic: 0,
      sniper: 0,
      spy: 0,
    ),
    SteamID(76561198027623164): ClassNumbers(
      scout: 0,
      soldier: 3,
      pyro: 2,
      demoman: 1,
      heavyweapons: 0,
      engineer: 3,
      medic: 4,
      sniper: 2,
      spy: 2,
    ),
    SteamID(76561198033463225): ClassNumbers(
      scout: 2,
      soldier: 9,
      pyro: 2,
      demoman: 1,
      heavyweapons: 6,
      engineer: 1,
      medic: 3,
      sniper: 3,
      spy: 1,
    ),
    SteamID(76561198037716772): ClassNumbers(
      scout: 3,
      soldier: 0,
      pyro: 0,
      demoman: 1,
      heavyweapons: 1,
      engineer: 0,
      medic: 1,
      sniper: 2,
      spy: 9,
    ),
    SteamID(76561198037870053): ClassNumbers(
      scout: 3,
      soldier: 2,
      pyro: 1,
      demoman: 1,
      heavyweapons: 3,
      engineer: 1,
      medic: 3,
      sniper: 2,
      spy: 5,
    ),
    SteamID(76561198044073782): ClassNumbers(
      scout: 1,
      soldier: 2,
      pyro: 0,
      demoman: 3,
      heavyweapons: 3,
      engineer: 5,
      medic: 0,
      sniper: 10,
      spy: 0,
    ),
    SteamID(76561198046804654): ClassNumbers(
      scout: 1,
      soldier: 7,
      pyro: 3,
      demoman: 2,
      heavyweapons: 5,
      engineer: 0,
      medic: 0,
      sniper: 0,
      spy: 5,
    ),
    SteamID(76561198053667422): ClassNumbers(
      scout: 0,
      soldier: 1,
      pyro: 1,
      demoman: 0,
      heavyweapons: 1,
      engineer: 0,
      medic: 2,
      sniper: 4,
      spy: 0,
    ),
    SteamID(76561198054462519): ClassNumbers(
      scout: 2,
      soldier: 2,
      pyro: 0,
      demoman: 4,
      heavyweapons: 2,
      engineer: 0,
      medic: 2,
      sniper: 0,
      spy: 2,
    ),
    SteamID(76561198056225108): ClassNumbers(
      scout: 0,
      soldier: 4,
      pyro: 0,
      demoman: 0,
      heavyweapons: 0,
      engineer: 1,
      medic: 0,
      sniper: 0,
      spy: 3,
    ),
    SteamID(76561198060782652): ClassNumbers(
      scout: 0,
      soldier: 1,
      pyro: 1,
      demoman: 1,
      heavyweapons: 2,
      engineer: 1,
      medic: 1,
      sniper: 3,
      spy: 0,
    ),
  },
  classdeaths: {
    SteamID(76561197988771970): ClassNumbers(
      scout: 3,
      soldier: 3,
      pyro: 0,
      demoman: 2,
      heavyweapons: 1,
      engineer: 1,
      medic: 0,
      sniper: 0,
      spy: 0,
    ),
    SteamID(76561197995029224): ClassNumbers(
      scout: 3,
      soldier: 3,
      pyro: 0,
      demoman: 3,
      heavyweapons: 9,
      engineer: 1,
      medic: 0,
      sniper: 2,
      spy: 3,
    ),
    SteamID(76561198012319940): ClassNumbers(
      scout: 5,
      soldier: 1,
      pyro: 3,
      demoman: 2,
      heavyweapons: 5,
      engineer: 0,
      medic: 0,
      sniper: 0,
      spy: 0,
    ),
    SteamID(76561198016519750): ClassNumbers(
      scout: 1,
      soldier: 1,
      pyro: 0,
      demoman: 4,
      heavyweapons: 2,
      engineer: 0,
      medic: 0,
      sniper: 0,
      spy: 1,
    ),
    SteamID(76561198019766105): ClassNumbers(
      scout: 1,
      soldier: 6,
      pyro: 1,
      demoman: 0,
      heavyweapons: 0,
      engineer: 0,
      medic: 0,
      sniper: 0,
      spy: 1,
    ),
    SteamID(76561198024494988): ClassNumbers(
      scout: 0,
      soldier: 4,
      pyro: 1,
      demoman: 1,
      heavyweapons: 3,
      engineer: 0,
      medic: 0,
      sniper: 0,
      spy: 1,
    ),
    SteamID(76561198025078144): ClassNumbers(
      scout: 2,
      soldier: 3,
      pyro: 0,
      demoman: 6,
      heavyweapons: 1,
      engineer: 1,
      medic: 0,
      sniper: 5,
      spy: 1,
    ),
    SteamID(76561198027623164): ClassNumbers(
      scout: 2,
      soldier: 7,
      pyro: 4,
      demoman: 2,
      heavyweapons: 7,
      engineer: 1,
      medic: 0,
      sniper: 1,
      spy: 1,
    ),
    SteamID(76561198033463225): ClassNumbers(
      scout: 3,
      soldier: 1,
      pyro: 0,
      demoman: 2,
      heavyweapons: 5,
      engineer: 1,
      medic: 0,
      sniper: 1,
      spy: 2,
    ),
    SteamID(76561198036579861): ClassNumbers(
      scout: 3,
      soldier: 1,
      pyro: 0,
      demoman: 2,
      heavyweapons: 0,
      engineer: 0,
      medic: 0,
      sniper: 2,
      spy: 1,
    ),
    SteamID(76561198037716772): ClassNumbers(
      scout: 1,
      soldier: 0,
      pyro: 0,
      demoman: 0,
      heavyweapons: 3,
      engineer: 1,
      medic: 0,
      sniper: 1,
      spy: 1,
    ),
    SteamID(76561198037870053): ClassNumbers(
      scout: 3,
      soldier: 0,
      pyro: 3,
      demoman: 1,
      heavyweapons: 2,
      engineer: 4,
      medic: 0,
      sniper: 1,
      spy: 0,
    ),
    SteamID(76561198044073782): ClassNumbers(
      scout: 2,
      soldier: 2,
      pyro: 0,
      demoman: 0,
      heavyweapons: 0,
      engineer: 0,
      medic: 0,
      sniper: 4,
      spy: 3,
    ),
    SteamID(76561198046804654): ClassNumbers(
      scout: 1,
      soldier: 0,
      pyro: 1,
      demoman: 2,
      heavyweapons: 6,
      engineer: 0,
      medic: 0,
      sniper: 3,
      spy: 1,
    ),
    SteamID(76561198053667422): ClassNumbers(
      scout: 1,
      soldier: 2,
      pyro: 2,
      demoman: 0,
      heavyweapons: 3,
      engineer: 1,
      medic: 0,
      sniper: 10,
      spy: 3,
    ),
    SteamID(76561198054462519): ClassNumbers(
      scout: 1,
      soldier: 1,
      pyro: 1,
      demoman: 5,
      heavyweapons: 1,
      engineer: 0,
      medic: 0,
      sniper: 3,
      spy: 6,
    ),
    SteamID(76561198056225108): ClassNumbers(
      scout: 2,
      soldier: 2,
      pyro: 0,
      demoman: 0,
      heavyweapons: 2,
      engineer: 1,
      medic: 0,
      sniper: 0,
      spy: 2,
    ),
    SteamID(76561198060782652): ClassNumbers(
      scout: 3,
      soldier: 2,
      pyro: 9,
      demoman: 2,
      heavyweapons: 1,
      engineer: 1,
      medic: 0,
      sniper: 0,
      spy: 2,
    ),
  },
  classkillassists: None,
  chat: [
    ChatMessage(
      steamid: SteamID(76561198053667422),
      name: "-Xe- Executer LF Heavy div6",
      msg: "gl hf",
    ),
    ChatMessage(
      steamid: SteamID(76561197995029224),
      name: "jojo",
      msg: "gl hf",
    ),
    ChatMessage(
      steamid: SteamID(76561198054462519),
      name: "wardemon",
      msg: "gl hf",
    ),
    ChatMessage(
      steamid: SteamID(76561198037716772),
      name: "Transistor |TW|",
      msg: "stop using babyface",
    ),
    ChatMessage(
      steamid: SteamID(76561198046804654),
      name: "MB LFT UGC",
      msg: "kk",
    ),
    ChatMessage(
      steamid: SteamID(76561197995029224),
      name: "jojo",
      msg: "lucky bitch",
    ),
    ChatMessage(
      steamid: SteamID(76561198044073782),
      name: "Iron |TW|",
      msg: "gr",
    ),
    ChatMessage(
      steamid: SteamID(76561198037870053),
      name: "ryan",
      msg: "pause",
    ),
    ChatMessage(
      steamid: SteamID(76561198012319940),
      name: "☆彡 Arct!c |TW|",
      msg: "pause if you want",
    ),
    ChatMessage(
      steamid: SteamID(76561198027623164),
      name: "-Grizzly",
      msg: ":3",
    ),
    ChatMessage(
      steamid: SteamID(76561197995029224),
      name: "jojo",
      msg: "lol",
    ),
    ChatMessage(
      steamid: SteamID(76561198019766105),
      name: "CarboN",
      msg: "haha",
    ),
    ChatMessage(
      steamid: SteamID(76561197995029224),
      name: "jojo",
      msg: "thanks for giving me at least something there",
    ),
    ChatMessage(
      steamid: SteamID(76561198019766105),
      name: "CarboN",
      msg: "gr",
    ),
  ],
  info: {
    "AD_scoring": false,
    "date": 1385581349,
    "has_accuracy": false,
    "has_as": false,
    "has_bs": false,
    "has_cp": false,
    "has_dt": false,
    "has_hp": false,
    "has_hp_real": false,
    "has_hr": false,
    "has_hs": false,
    "has_hs_hit": false,
    "has_intel": false,
    "has_real_damage": false,
    "has_sb": false,
    "has_weapon_damage": false,
    "map": "pl_upward",
    "rounds": None,
    "supplemental": true,
    "title": "BLU vs WAffle",
    "total_length": 1344,
    "uploader": Uploader(
      id: SteamID(76561198012110404),
      name: "NoSocks",
      info: None,
    ),
  },
  killstreaks: Some([
    KillStreak(
      steamid: SteamID(76561198037870053),
      streak: 5,
      time: 88,
    ),
    KillStreak(
      steamid: SteamID(76561198016519750),
      streak: 3,
      time: 448,
    ),
    KillStreak(
      steamid: SteamID(76561198033463225),
      streak: 3,
      time: 552,
    ),
    KillStreak(
      steamid: SteamID(76561198019766105),
      streak: 3,
      time: 461,
    ),
    KillStreak(
      steamid: SteamID(76561198012319940),
      streak: 3,
      time: 660,
    ),
    KillStreak(
      steamid: SteamID(76561198037870053),
      streak: 3,
      time: 657,
    ),
    KillStreak(
      steamid: SteamID(76561198016519750),
      streak: 3,
      time: 760,
    ),
    KillStreak(
      steamid: SteamID(76561198046804654),
      streak: 3,
      time: 947,
    ),
    KillStreak(
      steamid: SteamID(76561197995029224),
      streak: 3,
      time: 972,
    ),
    KillStreak(
      steamid: SteamID(76561198054462519),
      streak: 3,
      time: 1124,
    ),
    KillStreak(
      steamid: SteamID(76561198033463225),
      streak: 3,
      time: 1271,
    ),
  ]),
)
