---
source: src/raw.rs
expression: parsed
---
RawLog(
  version: 3,
  length: 953,
  teams: Some(Teams(
    Red: Team(
      score: 1,
      kills: 30,
      deaths: 0,
      dmg: 0,
      charges: 6,
      drops: 2,
      firstcaps: 0,
      caps: 5,
    ),
    Blue: Team(
      score: 5,
      kills: 64,
      deaths: 0,
      dmg: 0,
      charges: 9,
      drops: 0,
      firstcaps: 6,
      caps: 18,
    ),
  )),
  players: {
    SteamID(76561197962808987): Player(
      class_stats: [
        ClassStat(
          type: soldier,
          kills: 4,
          assists: 1,
          deaths: 14,
          dmg: 3256,
          total_time: 953,
          weapon: {
            "quake_rl": WeaponStat(
              kills: 3,
              dmg: 3256,
              avg_dmg: 44.60274,
              shots: 120,
              hits: 56,
            ),
            "world": WeaponStat(
              kills: 1,
              dmg: 0,
              avg_dmg: 0.0,
              shots: 0,
              hits: 0,
            ),
          },
        ),
      ],
      team: Some(Red),
      kills: 4,
      deaths: 14,
      assists: 1,
      suicides: 0,
      dmg: 3256,
      dmg_real: 105,
      dt: 3374,
      dt_real: 375,
      hr: 2573,
      lks: 2,
      ubers: 0,
      ubertypes: {},
      drops: 0,
      medkits: 14,
      medkits_hp: 633,
      backstabs: 0,
      headshots: 0,
      headshots_hit: 0,
      heal: 0,
      cpc: 0,
      ic: 0,
      medicstat: None,
    ),
    SteamID(76561197970669109): Player(
      class_stats: [
        ClassStat(
          type: soldier,
          kills: 9,
          assists: 5,
          deaths: 10,
          dmg: 4411,
          total_time: 953,
          weapon: {
            "quake_rl": WeaponStat(
              kills: 9,
              dmg: 4411,
              avg_dmg: 53.144577,
              shots: 182,
              hits: 73,
            ),
          },
        ),
      ],
      team: Some(Blue),
      kills: 9,
      deaths: 10,
      assists: 5,
      suicides: 0,
      dmg: 4411,
      dmg_real: 235,
      dt: 3600,
      dt_real: 219,
      hr: 3804,
      lks: 4,
      ubers: 0,
      ubertypes: {},
      drops: 0,
      medkits: 44,
      medkits_hp: 1490,
      backstabs: 0,
      headshots: 0,
      headshots_hit: 0,
      heal: 0,
      cpc: 2,
      ic: 0,
      medicstat: None,
    ),
    SteamID(76561198036448935): Player(
      class_stats: [
        ClassStat(
          type: scout,
          kills: 14,
          assists: 13,
          deaths: 6,
          dmg: 3353,
          total_time: 832,
          weapon: {
            "pistol_scout": WeaponStat(
              kills: 1,
              dmg: 213,
              avg_dmg: 10.142858,
              shots: 109,
              hits: 21,
            ),
            "scattergun": WeaponStat(
              kills: 13,
              dmg: 3140,
              avg_dmg: 24.153847,
              shots: 157,
              hits: 117,
            ),
          },
        ),
        ClassStat(
          type: sniper,
          kills: 4,
          assists: 1,
          deaths: 0,
          dmg: 0,
          total_time: 96,
          weapon: {
            "awper_hand": WeaponStat(
              kills: 3,
              dmg: 0,
              avg_dmg: 0.0,
              shots: 13,
              hits: 5,
            ),
            "smg": WeaponStat(
              kills: 1,
              dmg: 51,
              avg_dmg: 10.2,
              shots: 25,
              hits: 5,
            ),
          },
        ),
      ],
      team: Some(Blue),
      kills: 18,
      deaths: 6,
      assists: 14,
      suicides: 0,
      dmg: 0,
      dmg_real: 934,
      dt: 3152,
      dt_real: 202,
      hr: 3204,
      lks: 5,
      ubers: 0,
      ubertypes: {},
      drops: 0,
      medkits: 3,
      medkits_hp: 87,
      backstabs: 0,
      headshots: 3,
      headshots_hit: 3,
      heal: 0,
      cpc: 12,
      ic: 0,
      medicstat: None,
    ),
    SteamID(76561198045838834): Player(
      class_stats: [
        ClassStat(
          type: medic,
          kills: 0,
          assists: 8,
          deaths: 6,
          dmg: 172,
          total_time: 953,
          weapon: {
            "crusaders_crossbow": WeaponStat(
              kills: 0,
              dmg: 172,
              avg_dmg: 57.333332,
              shots: 62,
              hits: 33,
            ),
          },
        ),
      ],
      team: Some(Red),
      kills: 0,
      deaths: 6,
      assists: 8,
      suicides: 0,
      dmg: 172,
      dmg_real: 0,
      dt: 0,
      dt_real: 191,
      hr: 0,
      lks: 0,
      ubers: 6,
      ubertypes: {
        medigun: 6,
      },
      drops: 2,
      medkits: 1,
      medkits_hp: 30,
      backstabs: 0,
      headshots: 0,
      headshots_hit: 0,
      heal: 17112,
      cpc: 2,
      ic: 0,
      medicstat: None,
    ),
    SteamID(76561198068686187): Player(
      class_stats: [
        ClassStat(
          type: scout,
          kills: 6,
          assists: 3,
          deaths: 9,
          dmg: 3023,
          total_time: 807,
          weapon: {
            "pistol_scout": WeaponStat(
              kills: 1,
              dmg: 43,
              avg_dmg: 14.333333,
              shots: 12,
              hits: 3,
            ),
            "scattergun": WeaponStat(
              kills: 4,
              dmg: 2980,
              avg_dmg: 21.751825,
              shots: 208,
              hits: 129,
            ),
            "world": WeaponStat(
              kills: 1,
              dmg: 0,
              avg_dmg: 0.0,
              shots: 0,
              hits: 0,
            ),
          },
        ),
        ClassStat(
          type: sniper,
          kills: 0,
          assists: 0,
          deaths: 1,
          dmg: 0,
          total_time: 64,
          weapon: {
            "sniperrifle": WeaponStat(
              kills: 0,
              dmg: 0,
              avg_dmg: 0.0,
              shots: 3,
              hits: 0,
            ),
          },
        ),
        ClassStat(
          type: pyro,
          kills: 0,
          assists: 1,
          deaths: 0,
          dmg: 226,
          total_time: 44,
          weapon: {
            "scorch_shot": WeaponStat(
              kills: 0,
              dmg: 226,
              avg_dmg: 4.808511,
              shots: 0,
              hits: 0,
            ),
          },
        ),
      ],
      team: Some(Red),
      kills: 6,
      deaths: 10,
      assists: 4,
      suicides: 0,
      dmg: 3249,
      dmg_real: 199,
      dt: 3019,
      dt_real: 317,
      hr: 3714,
      lks: 2,
      ubers: 0,
      ubertypes: {},
      drops: 0,
      medkits: 4,
      medkits_hp: 126,
      backstabs: 0,
      headshots: 0,
      headshots_hit: 0,
      heal: 0,
      cpc: 5,
      ic: 0,
      medicstat: None,
    ),
    SteamID(76561198084582998): Player(
      class_stats: [
        ClassStat(
          type: medic,
          kills: 0,
          assists: 6,
          deaths: 1,
          dmg: 52,
          total_time: 953,
          weapon: {
            "crusaders_crossbow": WeaponStat(
              kills: 0,
              dmg: 52,
              avg_dmg: 52.0,
              shots: 90,
              hits: 61,
            ),
          },
        ),
      ],
      team: Some(Blue),
      kills: 0,
      deaths: 1,
      assists: 6,
      suicides: 0,
      dmg: 52,
      dmg_real: 0,
      dt: 0,
      dt_real: 41,
      hr: 0,
      lks: 0,
      ubers: 9,
      ubertypes: {
        medigun: 9,
      },
      drops: 0,
      medkits: 0,
      medkits_hp: 0,
      backstabs: 0,
      headshots: 0,
      headshots_hit: 0,
      heal: 15151,
      cpc: 3,
      ic: 0,
      medicstat: None,
    ),
    SteamID(76561198094788852): Player(
      class_stats: [
        ClassStat(
          type: soldier,
          kills: 14,
          assists: 7,
          deaths: 9,
          dmg: 0,
          total_time: 953,
          weapon: {
            "quake_rl": WeaponStat(
              kills: 13,
              dmg: 0,
              avg_dmg: 0.0,
              shots: 173,
              hits: 89,
            ),
            "world": WeaponStat(
              kills: 1,
              dmg: 0,
              avg_dmg: 0.0,
              shots: 0,
              hits: 0,
            ),
          },
        ),
      ],
      team: Some(Blue),
      kills: 14,
      deaths: 9,
      assists: 7,
      suicides: 0,
      dmg: 0,
      dmg_real: 498,
      dt: 3271,
      dt_real: 237,
      hr: 4020,
      lks: 6,
      ubers: 0,
      ubertypes: {},
      drops: 0,
      medkits: 38,
      medkits_hp: 1270,
      backstabs: 0,
      headshots: 0,
      headshots_hit: 0,
      heal: 0,
      cpc: 3,
      ic: 0,
      medicstat: None,
    ),
    SteamID(76561198099843841): Player(
      class_stats: [
        ClassStat(
          type: scout,
          kills: 23,
          assists: 7,
          deaths: 4,
          dmg: 4590,
          total_time: 934,
          weapon: {
            "pistol_scout": WeaponStat(
              kills: 3,
              dmg: 235,
              avg_dmg: 11.75,
              shots: 78,
              hits: 20,
            ),
            "scattergun": WeaponStat(
              kills: 19,
              dmg: 4355,
              avg_dmg: 21.884422,
              shots: 269,
              hits: 188,
            ),
            "world": WeaponStat(
              kills: 1,
              dmg: 0,
              avg_dmg: 0.0,
              shots: 0,
              hits: 0,
            ),
          },
        ),
      ],
      team: Some(Blue),
      kills: 23,
      deaths: 4,
      assists: 7,
      suicides: 0,
      dmg: 4590,
      dmg_real: 642,
      dt: 2759,
      dt_real: 108,
      hr: 4123,
      lks: 15,
      ubers: 0,
      ubertypes: {},
      drops: 0,
      medkits: 3,
      medkits_hp: 52,
      backstabs: 0,
      headshots: 0,
      headshots_hit: 0,
      heal: 0,
      cpc: 7,
      ic: 0,
      medicstat: None,
    ),
    SteamID(76561198172421881): Player(
      class_stats: [
        ClassStat(
          type: scout,
          kills: 4,
          assists: 4,
          deaths: 8,
          dmg: 0,
          total_time: 732,
          weapon: {
            "pistol_scout": WeaponStat(
              kills: 0,
              dmg: 8,
              avg_dmg: 8.0,
              shots: 9,
              hits: 1,
            ),
            "scattergun": WeaponStat(
              kills: 4,
              dmg: 0,
              avg_dmg: 0.0,
              shots: 129,
              hits: 79,
            ),
            "wrap_assassin": WeaponStat(
              kills: 0,
              dmg: 74,
              avg_dmg: 5.285714,
              shots: 0,
              hits: 0,
            ),
          },
        ),
        ClassStat(
          type: engineer,
          kills: 3,
          assists: 2,
          deaths: 0,
          dmg: 953,
          total_time: 189,
          weapon: {
            "frontier_justice": WeaponStat(
              kills: 1,
              dmg: 366,
              avg_dmg: 45.75,
              shots: 0,
              hits: 0,
            ),
            "obj_sentrygun": WeaponStat(
              kills: 2,
              dmg: 277,
              avg_dmg: 8.65625,
              shots: 0,
              hits: 0,
            ),
            "obj_sentrygun2": WeaponStat(
              kills: 0,
              dmg: 278,
              avg_dmg: 7.5135136,
              shots: 0,
              hits: 0,
            ),
            "the_capper": WeaponStat(
              kills: 0,
              dmg: 32,
              avg_dmg: 8.0,
              shots: 19,
              hits: 4,
            ),
          },
        ),
      ],
      team: Some(Red),
      kills: 7,
      deaths: 8,
      assists: 6,
      suicides: 0,
      dmg: 0,
      dmg_real: 157,
      dt: 2328,
      dt_real: 223,
      hr: 2574,
      lks: 3,
      ubers: 0,
      ubertypes: {},
      drops: 0,
      medkits: 5,
      medkits_hp: 106,
      backstabs: 0,
      headshots: 0,
      headshots_hit: 0,
      heal: 0,
      cpc: 4,
      ic: 0,
      medicstat: None,
    ),
    SteamID(76561198236109724): Player(
      class_stats: [
        ClassStat(
          type: demoman,
          kills: 7,
          assists: 1,
          deaths: 11,
          dmg: 4013,
          total_time: 953,
          weapon: {
            "iron_bomber": WeaponStat(
              kills: 1,
              dmg: 1134,
              avg_dmg: 47.25,
              shots: 53,
              hits: 17,
            ),
            "tf_projectile_pipe_remote": WeaponStat(
              kills: 6,
              dmg: 2879,
              avg_dmg: 44.984375,
              shots: 313,
              hits: 55,
            ),
          },
        ),
      ],
      team: Some(Red),
      kills: 7,
      deaths: 11,
      assists: 1,
      suicides: 0,
      dmg: 4013,
      dmg_real: 223,
      dt: 0,
      dt_real: 796,
      hr: 5338,
      lks: 4,
      ubers: 0,
      ubertypes: {},
      drops: 0,
      medkits: 16,
      medkits_hp: 695,
      backstabs: 0,
      headshots: 0,
      headshots_hit: 0,
      heal: 0,
      cpc: 1,
      ic: 0,
      medicstat: None,
    ),
    SteamID(76561198847863686): Player(
      class_stats: [
        ClassStat(
          type: soldier,
          kills: 6,
          assists: 1,
          deaths: 15,
          dmg: 5030,
          total_time: 953,
          weapon: {
            "tf_projectile_rocket": WeaponStat(
              kills: 6,
              dmg: 5030,
              avg_dmg: 51.32653,
              shots: 173,
              hits: 78,
            ),
          },
        ),
      ],
      team: Some(Red),
      kills: 6,
      deaths: 15,
      assists: 1,
      suicides: 0,
      dmg: 5030,
      dmg_real: 247,
      dt: 3751,
      dt_real: 407,
      hr: 2913,
      lks: 3,
      ubers: 0,
      ubertypes: {},
      drops: 0,
      medkits: 15,
      medkits_hp: 560,
      backstabs: 0,
      headshots: 0,
      headshots_hit: 0,
      heal: 0,
      cpc: 1,
      ic: 0,
      medicstat: None,
    ),
  },
  names: {
    SteamID(76561197962808987): "NIGGERNIGGERNIGGERNIGGERNIGGERNIGGERNIGG",
    SteamID(76561197970669109): "NIGGERNIGGERNIGGERNIGGERNIGGERNIGGERNIGG",
    SteamID(76561198036448935): "NIGGERNIGGERNIGGERNIGGERNIGGERNIGGERNIGG",
    SteamID(76561198045838834): "NIGGERNIGGERNIGGERNIGGERNIGGERNIGGERNIGG",
    SteamID(76561198068686187): "NIGGERNIGGERNIGGERNIGGERNIGGERNIGGERNIGG",
    SteamID(76561198084582998): "NIGGERNIGGERNIGGERNIGGERNIGGERNIGGERNIGG",
    SteamID(76561198094788852): "NIGGERNIGGERNIGGERNIGGERNIGGERNIGGERNIGG",
    SteamID(76561198099843841): "NIGGERNIGGERNIGGERNIGGERNIGGERNIGGERNIGG",
    SteamID(76561198172421881): "NIGGERNIGGERNIGGERNIGGERNIGGERNIGGERNIGG",
    SteamID(76561198236109724): "NIGGERNIGGERNIGGERNIGGERNIGGERNIGGERNIGG",
    SteamID(76561198847863686): "NIGGERNIGGERNIGGERNIGGERNIGGERNIGGERNIGG",
  },
  rounds: Some([
    {
      "events": [
        Event(
          type: "pointcap",
          time: 49,
          team: Some(Blue),
          point: 3,
        ),
        Event(
          type: "drop",
          time: 54,
          steamid: SteamID(76561198045838834),
          team: Some(Red),
        ),
        Event(
          type: "medic_death",
          time: 54,
          team: Some(Red),
          steamid: SteamID(76561198045838834),
          killer: SteamID(76561198094788852),
        ),
        Event(
          type: "pointcap",
          time: 67,
          team: Some(Blue),
          point: 4,
        ),
        Event(
          type: "charge",
          medigun: medigun,
          time: 92,
          steamid: SteamID(76561198084582998),
          team: Some(Blue),
        ),
        Event(
          type: "medic_death",
          time: 113,
          team: Some(Red),
          steamid: SteamID(76561198045838834),
          killer: SteamID(76561198099843841),
        ),
        Event(
          type: "pointcap",
          time: 116,
          team: Some(Blue),
          point: 5,
        ),
        Event(
          type: "round_win",
          time: 116,
          team: Some(Some(Blue)),
        ),
      ],
      "firstcap": Some(Blue),
      "length": 116,
      "players": {
        SteamID(76561197962808987): RoundPlayer(
          kills: 0,
          dmg: 494,
        ),
        SteamID(76561197970669109): RoundPlayer(
          kills: 0,
          dmg: 609,
        ),
        SteamID(76561198036448935): RoundPlayer(
          kills: 3,
          dmg: 514,
        ),
        SteamID(76561198045838834): RoundPlayer(
          kills: 0,
          dmg: 0,
        ),
        SteamID(76561198068686187): RoundPlayer(
          kills: 1,
          dmg: 140,
        ),
        SteamID(76561198084582998): RoundPlayer(
          kills: 0,
          dmg: 0,
        ),
        SteamID(76561198094788852): RoundPlayer(
          kills: 2,
          dmg: 633,
        ),
        SteamID(76561198099843841): RoundPlayer(
          kills: 5,
          dmg: 826,
        ),
        SteamID(76561198172421881): RoundPlayer(
          kills: 1,
          dmg: 208,
        ),
        SteamID(76561198236109724): RoundPlayer(
          kills: 0,
          dmg: 572,
        ),
        SteamID(76561198847863686): RoundPlayer(
          kills: 1,
          dmg: 471,
        ),
      },
      "start_time": 1707424446,
      "team": Some(Teams(
        Red: Team(
          score: 0,
          kills: 3,
          deaths: 0,
          dmg: 1885,
          charges: 0,
          drops: 0,
          firstcaps: 0,
          caps: 0,
        ),
        Blue: Team(
          score: 1,
          kills: 10,
          deaths: 0,
          dmg: 2582,
          charges: 0,
          drops: 0,
          firstcaps: 0,
          caps: 0,
        ),
      )),
      "winner": Some(Blue),
    },
    {
      "events": [
        Event(
          type: "pointcap",
          time: 169,
          team: Some(Blue),
          point: 3,
        ),
        Event(
          type: "pointcap",
          time: 178,
          team: Some(Blue),
          point: 4,
        ),
        Event(
          type: "drop",
          time: 211,
          steamid: SteamID(76561198045838834),
          team: Some(Red),
        ),
        Event(
          type: "medic_death",
          time: 211,
          team: Some(Red),
          steamid: SteamID(76561198045838834),
          killer: SteamID(76561198094788852),
        ),
        Event(
          type: "charge",
          medigun: medigun,
          time: 247,
          steamid: SteamID(76561198084582998),
          team: Some(Blue),
        ),
        Event(
          type: "pointcap",
          time: 267,
          team: Some(Blue),
          point: 5,
        ),
        Event(
          type: "round_win",
          time: 267,
          team: Some(Some(Blue)),
        ),
      ],
      "firstcap": Some(Blue),
      "length": 141,
      "players": {
        SteamID(76561197962808987): RoundPlayer(
          kills: 0,
          dmg: 397,
        ),
        SteamID(76561197970669109): RoundPlayer(
          kills: 0,
          dmg: 673,
        ),
        SteamID(76561198036448935): RoundPlayer(
          kills: 3,
          dmg: 491,
        ),
        SteamID(76561198045838834): RoundPlayer(
          kills: 0,
          dmg: 0,
        ),
        SteamID(76561198068686187): RoundPlayer(
          kills: 0,
          dmg: 354,
        ),
        SteamID(76561198084582998): RoundPlayer(
          kills: 0,
          dmg: 0,
        ),
        SteamID(76561198094788852): RoundPlayer(
          kills: 3,
          dmg: 694,
        ),
        SteamID(76561198099843841): RoundPlayer(
          kills: 2,
          dmg: 460,
        ),
        SteamID(76561198172421881): RoundPlayer(
          kills: 0,
          dmg: 264,
        ),
        SteamID(76561198236109724): RoundPlayer(
          kills: 2,
          dmg: 401,
        ),
        SteamID(76561198847863686): RoundPlayer(
          kills: 3,
          dmg: 697,
        ),
      },
      "start_time": 1707424572,
      "team": Some(Teams(
        Red: Team(
          score: 0,
          kills: 5,
          deaths: 0,
          dmg: 2113,
          charges: 0,
          drops: 0,
          firstcaps: 0,
          caps: 0,
        ),
        Blue: Team(
          score: 2,
          kills: 8,
          deaths: 0,
          dmg: 2318,
          charges: 0,
          drops: 0,
          firstcaps: 0,
          caps: 0,
        ),
      )),
      "winner": Some(Blue),
    },
    {
      "events": [
        Event(
          type: "pointcap",
          time: 325,
          team: Some(Blue),
          point: 3,
        ),
        Event(
          type: "pointcap",
          time: 343,
          team: Some(Blue),
          point: 4,
        ),
        Event(
          type: "charge",
          medigun: medigun,
          time: 348,
          steamid: SteamID(76561198045838834),
          team: Some(Red),
        ),
        Event(
          type: "charge",
          medigun: medigun,
          time: 351,
          steamid: SteamID(76561198084582998),
          team: Some(Blue),
        ),
        Event(
          type: "medic_death",
          time: 356,
          team: Some(Red),
          steamid: SteamID(76561198045838834),
          killer: SteamID(76561198099843841),
        ),
        Event(
          type: "pointcap",
          time: 366,
          team: Some(Blue),
          point: 5,
        ),
        Event(
          type: "round_win",
          time: 366,
          team: Some(Some(Blue)),
        ),
      ],
      "firstcap": Some(Blue),
      "length": 89,
      "players": {
        SteamID(76561197962808987): RoundPlayer(
          kills: 0,
          dmg: 111,
        ),
        SteamID(76561197970669109): RoundPlayer(
          kills: 1,
          dmg: 576,
        ),
        SteamID(76561198036448935): RoundPlayer(
          kills: 1,
          dmg: 213,
        ),
        SteamID(76561198045838834): RoundPlayer(
          kills: 0,
          dmg: 64,
        ),
        SteamID(76561198068686187): RoundPlayer(
          kills: 0,
          dmg: 351,
        ),
        SteamID(76561198084582998): RoundPlayer(
          kills: 0,
          dmg: 0,
        ),
        SteamID(76561198094788852): RoundPlayer(
          kills: 2,
          dmg: 625,
        ),
        SteamID(76561198099843841): RoundPlayer(
          kills: 6,
          dmg: 931,
        ),
        SteamID(76561198172421881): RoundPlayer(
          kills: 0,
          dmg: 452,
        ),
        SteamID(76561198236109724): RoundPlayer(
          kills: 0,
          dmg: 524,
        ),
        SteamID(76561198847863686): RoundPlayer(
          kills: 0,
          dmg: 539,
        ),
      },
      "start_time": 1707424723,
      "team": Some(Teams(
        Red: Team(
          score: 0,
          kills: 0,
          deaths: 0,
          dmg: 2041,
          charges: 0,
          drops: 0,
          firstcaps: 0,
          caps: 0,
        ),
        Blue: Team(
          score: 3,
          kills: 10,
          deaths: 0,
          dmg: 2345,
          charges: 0,
          drops: 0,
          firstcaps: 0,
          caps: 0,
        ),
      )),
      "winner": Some(Blue),
    },
    {
      "events": [
        Event(
          type: "medic_death",
          time: 407,
          team: Some(Red),
          steamid: SteamID(76561198045838834),
          killer: SteamID(76561197970669109),
        ),
        Event(
          type: "pointcap",
          time: 446,
          team: Some(Blue),
          point: 3,
        ),
        Event(
          type: "pointcap",
          time: 454,
          team: Some(Blue),
          point: 4,
        ),
        Event(
          type: "charge",
          medigun: medigun,
          time: 475,
          steamid: SteamID(76561198084582998),
          team: Some(Blue),
        ),
        Event(
          type: "charge",
          medigun: medigun,
          time: 497,
          steamid: SteamID(76561198045838834),
          team: Some(Red),
        ),
        Event(
          type: "medic_death",
          time: 503,
          team: Some(Blue),
          steamid: SteamID(76561198084582998),
          killer: SteamID(76561198236109724),
        ),
        Event(
          type: "pointcap",
          time: 515,
          team: Some(Red),
          point: 4,
        ),
        Event(
          type: "pointcap",
          time: 543,
          team: Some(Red),
          point: 3,
        ),
        Event(
          type: "pointcap",
          time: 563,
          team: Some(Red),
          point: 2,
        ),
        Event(
          type: "charge",
          medigun: medigun,
          time: 574,
          steamid: SteamID(76561198045838834),
          team: Some(Red),
        ),
        Event(
          type: "charge",
          medigun: medigun,
          time: 584,
          steamid: SteamID(76561198084582998),
          team: Some(Blue),
        ),
        Event(
          type: "charge",
          medigun: medigun,
          time: 634,
          steamid: SteamID(76561198045838834),
          team: Some(Red),
        ),
        Event(
          type: "charge",
          medigun: medigun,
          time: 641,
          steamid: SteamID(76561198084582998),
          team: Some(Blue),
        ),
        Event(
          type: "medic_death",
          time: 643,
          team: Some(Red),
          steamid: SteamID(76561198045838834),
          killer: SteamID(76561198099843841),
        ),
        Event(
          type: "pointcap",
          time: 645,
          team: Some(Red),
          point: 1,
        ),
        Event(
          type: "round_win",
          time: 645,
          team: Some(Some(Red)),
        ),
      ],
      "firstcap": Some(Blue),
      "length": 269,
      "players": {
        SteamID(76561197962808987): RoundPlayer(
          kills: 3,
          dmg: 842,
        ),
        SteamID(76561197970669109): RoundPlayer(
          kills: 1,
          dmg: 758,
        ),
        SteamID(76561198036448935): RoundPlayer(
          kills: 4,
          dmg: 1180,
        ),
        SteamID(76561198045838834): RoundPlayer(
          kills: 0,
          dmg: 40,
        ),
        SteamID(76561198068686187): RoundPlayer(
          kills: 1,
          dmg: 968,
        ),
        SteamID(76561198084582998): RoundPlayer(
          kills: 0,
          dmg: 0,
        ),
        SteamID(76561198094788852): RoundPlayer(
          kills: 3,
          dmg: 1585,
        ),
        SteamID(76561198099843841): RoundPlayer(
          kills: 5,
          dmg: 984,
        ),
        SteamID(76561198172421881): RoundPlayer(
          kills: 3,
          dmg: 705,
        ),
        SteamID(76561198236109724): RoundPlayer(
          kills: 4,
          dmg: 1053,
        ),
        SteamID(76561198847863686): RoundPlayer(
          kills: 0,
          dmg: 1048,
        ),
      },
      "start_time": 1707424822,
      "team": Some(Teams(
        Red: Team(
          score: 1,
          kills: 11,
          deaths: 0,
          dmg: 4656,
          charges: 0,
          drops: 0,
          firstcaps: 0,
          caps: 0,
        ),
        Blue: Team(
          score: 3,
          kills: 13,
          deaths: 0,
          dmg: 4507,
          charges: 0,
          drops: 0,
          firstcaps: 0,
          caps: 0,
        ),
      )),
      "winner": Some(Red),
    },
    {
      "events": [
        Event(
          type: "pointcap",
          time: 716,
          team: Some(Blue),
          point: 3,
        ),
        Event(
          type: "charge",
          medigun: medigun,
          time: 730,
          steamid: SteamID(76561198045838834),
          team: Some(Red),
        ),
        Event(
          type: "pointcap",
          time: 755,
          team: Some(Blue),
          point: 4,
        ),
        Event(
          type: "charge",
          medigun: medigun,
          time: 759,
          steamid: SteamID(76561198084582998),
          team: Some(Blue),
        ),
        Event(
          type: "pointcap",
          time: 779,
          team: Some(Blue),
          point: 5,
        ),
        Event(
          type: "round_win",
          time: 779,
          team: Some(Some(Blue)),
        ),
      ],
      "firstcap": Some(Blue),
      "length": 124,
      "players": {
        SteamID(76561197962808987): RoundPlayer(
          kills: 1,
          dmg: 746,
        ),
        SteamID(76561197970669109): RoundPlayer(
          kills: 3,
          dmg: 682,
        ),
        SteamID(76561198036448935): RoundPlayer(
          kills: 0,
          dmg: 248,
        ),
        SteamID(76561198045838834): RoundPlayer(
          kills: 0,
          dmg: 0,
        ),
        SteamID(76561198068686187): RoundPlayer(
          kills: 1,
          dmg: 451,
        ),
        SteamID(76561198084582998): RoundPlayer(
          kills: 0,
          dmg: 0,
        ),
        SteamID(76561198094788852): RoundPlayer(
          kills: 3,
          dmg: 627,
        ),
        SteamID(76561198099843841): RoundPlayer(
          kills: 3,
          dmg: 561,
        ),
        SteamID(76561198172421881): RoundPlayer(
          kills: 0,
          dmg: 252,
        ),
        SteamID(76561198236109724): RoundPlayer(
          kills: 0,
          dmg: 400,
        ),
        SteamID(76561198847863686): RoundPlayer(
          kills: 0,
          dmg: 681,
        ),
      },
      "start_time": 1707425101,
      "team": Some(Teams(
        Red: Team(
          score: 1,
          kills: 2,
          deaths: 0,
          dmg: 2530,
          charges: 0,
          drops: 0,
          firstcaps: 0,
          caps: 0,
        ),
        Blue: Team(
          score: 4,
          kills: 9,
          deaths: 0,
          dmg: 2118,
          charges: 0,
          drops: 0,
          firstcaps: 0,
          caps: 0,
        ),
      )),
      "winner": Some(Blue),
    },
    {
      "events": [
        Event(
          type: "pointcap",
          time: 831,
          team: Some(Blue),
          point: 3,
        ),
        Event(
          type: "pointcap",
          time: 846,
          team: Some(Blue),
          point: 4,
        ),
        Event(
          type: "charge",
          medigun: medigun,
          time: 873,
          steamid: SteamID(76561198084582998),
          team: Some(Blue),
        ),
        Event(
          type: "charge",
          medigun: medigun,
          time: 878,
          steamid: SteamID(76561198045838834),
          team: Some(Red),
        ),
        Event(
          type: "pointcap",
          time: 934,
          team: Some(Red),
          point: 4,
        ),
        Event(
          type: "pointcap",
          time: 975,
          team: Some(Blue),
          point: 4,
        ),
        Event(
          type: "charge",
          medigun: medigun,
          time: 982,
          steamid: SteamID(76561198084582998),
          team: Some(Blue),
        ),
        Event(
          type: "pointcap",
          time: 1003,
          team: Some(Blue),
          point: 5,
        ),
        Event(
          type: "round_win",
          time: 1003,
          team: Some(Some(Blue)),
        ),
      ],
      "firstcap": Some(Blue),
      "length": 214,
      "players": {
        SteamID(76561197962808987): RoundPlayer(
          kills: 0,
          dmg: 666,
        ),
        SteamID(76561197970669109): RoundPlayer(
          kills: 4,
          dmg: 1113,
        ),
        SteamID(76561198036448935): RoundPlayer(
          kills: 7,
          dmg: 0,
        ),
        SteamID(76561198045838834): RoundPlayer(
          kills: 0,
          dmg: 68,
        ),
        SteamID(76561198068686187): RoundPlayer(
          kills: 3,
          dmg: 985,
        ),
        SteamID(76561198084582998): RoundPlayer(
          kills: 0,
          dmg: 52,
        ),
        SteamID(76561198094788852): RoundPlayer(
          kills: 1,
          dmg: 0,
        ),
        SteamID(76561198099843841): RoundPlayer(
          kills: 2,
          dmg: 828,
        ),
        SteamID(76561198172421881): RoundPlayer(
          kills: 3,
          dmg: 0,
        ),
        SteamID(76561198236109724): RoundPlayer(
          kills: 1,
          dmg: 1063,
        ),
        SteamID(76561198847863686): RoundPlayer(
          kills: 2,
          dmg: 1594,
        ),
      },
      "start_time": 1707425235,
      "team": Some(Teams(
        Red: Team(
          score: 1,
          kills: 9,
          deaths: 0,
          dmg: 0,
          charges: 0,
          drops: 0,
          firstcaps: 0,
          caps: 0,
        ),
        Blue: Team(
          score: 5,
          kills: 14,
          deaths: 0,
          dmg: 0,
          charges: 0,
          drops: 0,
          firstcaps: 0,
          caps: 0,
        ),
      )),
      "winner": Some(Blue),
    },
  ]),
  healspread: {
    SteamID(76561198045838834): {
      SteamID(76561197962808987): 2573,
      SteamID(76561198068686187): 3714,
      SteamID(76561198172421881): 2574,
      SteamID(76561198236109724): 5338,
      SteamID(76561198847863686): 2913,
    },
    SteamID(76561198084582998): {
      SteamID(76561197970669109): 3804,
      SteamID(76561198036448935): 3204,
      SteamID(76561198094788852): 4020,
      SteamID(76561198099843841): 4123,
    },
  },
  classkills: {
    SteamID(76561197962808987): ClassNumbers(
      scout: 1,
      soldier: 3,
      pyro: 0,
      demoman: 0,
      heavyweapons: 0,
      engineer: 0,
      medic: 0,
      sniper: 0,
      spy: 0,
    ),
    SteamID(76561197970669109): ClassNumbers(
      scout: 3,
      soldier: 4,
      pyro: 0,
      demoman: 0,
      heavyweapons: 0,
      engineer: 0,
      medic: 1,
      sniper: 1,
      spy: 0,
    ),
    SteamID(76561198036448935): ClassNumbers(
      scout: 6,
      soldier: 8,
      pyro: 0,
      demoman: 4,
      heavyweapons: 0,
      engineer: 0,
      medic: 0,
      sniper: 0,
      spy: 0,
    ),
    SteamID(76561198068686187): ClassNumbers(
      scout: 3,
      soldier: 3,
      pyro: 0,
      demoman: 0,
      heavyweapons: 0,
      engineer: 0,
      medic: 0,
      sniper: 0,
      spy: 0,
    ),
    SteamID(76561198094788852): ClassNumbers(
      scout: 4,
      soldier: 3,
      pyro: 0,
      demoman: 5,
      heavyweapons: 0,
      engineer: 0,
      medic: 2,
      sniper: 0,
      spy: 0,
    ),
    SteamID(76561198099843841): ClassNumbers(
      scout: 4,
      soldier: 14,
      pyro: 0,
      demoman: 2,
      heavyweapons: 0,
      engineer: 0,
      medic: 3,
      sniper: 0,
      spy: 0,
    ),
    SteamID(76561198172421881): ClassNumbers(
      scout: 0,
      soldier: 7,
      pyro: 0,
      demoman: 0,
      heavyweapons: 0,
      engineer: 0,
      medic: 0,
      sniper: 0,
      spy: 0,
    ),
    SteamID(76561198236109724): ClassNumbers(
      scout: 6,
      soldier: 0,
      pyro: 0,
      demoman: 0,
      heavyweapons: 0,
      engineer: 0,
      medic: 1,
      sniper: 0,
      spy: 0,
    ),
    SteamID(76561198847863686): ClassNumbers(
      scout: 0,
      soldier: 6,
      pyro: 0,
      demoman: 0,
      heavyweapons: 0,
      engineer: 0,
      medic: 0,
      sniper: 0,
      spy: 0,
    ),
  },
  classdeaths: {
    SteamID(76561197962808987): ClassNumbers(
      scout: 11,
      soldier: 3,
      pyro: 0,
      demoman: 0,
      heavyweapons: 0,
      engineer: 0,
      medic: 0,
      sniper: 0,
      spy: 0,
    ),
    SteamID(76561197970669109): ClassNumbers(
      scout: 4,
      soldier: 5,
      pyro: 0,
      demoman: 0,
      heavyweapons: 0,
      engineer: 1,
      medic: 0,
      sniper: 0,
      spy: 0,
    ),
    SteamID(76561198036448935): ClassNumbers(
      scout: 1,
      soldier: 1,
      pyro: 0,
      demoman: 4,
      heavyweapons: 0,
      engineer: 0,
      medic: 0,
      sniper: 0,
      spy: 0,
    ),
    SteamID(76561198045838834): ClassNumbers(
      scout: 3,
      soldier: 3,
      pyro: 0,
      demoman: 0,
      heavyweapons: 0,
      engineer: 0,
      medic: 0,
      sniper: 0,
      spy: 0,
    ),
    SteamID(76561198068686187): ClassNumbers(
      scout: 5,
      soldier: 5,
      pyro: 0,
      demoman: 0,
      heavyweapons: 0,
      engineer: 0,
      medic: 0,
      sniper: 0,
      spy: 0,
    ),
    SteamID(76561198084582998): ClassNumbers(
      scout: 0,
      soldier: 0,
      pyro: 0,
      demoman: 1,
      heavyweapons: 0,
      engineer: 0,
      medic: 0,
      sniper: 0,
      spy: 0,
    ),
    SteamID(76561198094788852): ClassNumbers(
      scout: 3,
      soldier: 4,
      pyro: 0,
      demoman: 0,
      heavyweapons: 0,
      engineer: 2,
      medic: 0,
      sniper: 0,
      spy: 0,
    ),
    SteamID(76561198099843841): ClassNumbers(
      scout: 2,
      soldier: 0,
      pyro: 0,
      demoman: 2,
      heavyweapons: 0,
      engineer: 0,
      medic: 0,
      sniper: 0,
      spy: 0,
    ),
    SteamID(76561198172421881): ClassNumbers(
      scout: 4,
      soldier: 3,
      pyro: 0,
      demoman: 0,
      heavyweapons: 0,
      engineer: 0,
      medic: 0,
      sniper: 1,
      spy: 0,
    ),
    SteamID(76561198236109724): ClassNumbers(
      scout: 4,
      soldier: 5,
      pyro: 0,
      demoman: 0,
      heavyweapons: 0,
      engineer: 0,
      medic: 0,
      sniper: 2,
      spy: 0,
    ),
    SteamID(76561198847863686): ClassNumbers(
      scout: 10,
      soldier: 4,
      pyro: 0,
      demoman: 0,
      heavyweapons: 0,
      engineer: 0,
      medic: 0,
      sniper: 1,
      spy: 0,
    ),
  },
  classkillassists: Some({
    SteamID(76561197962808987): ClassNumbers(
      scout: 1,
      soldier: 4,
      pyro: 0,
      demoman: 0,
      heavyweapons: 0,
      engineer: 0,
      medic: 0,
      sniper: 0,
      spy: 0,
    ),
    SteamID(76561197970669109): ClassNumbers(
      scout: 6,
      soldier: 5,
      pyro: 0,
      demoman: 0,
      heavyweapons: 0,
      engineer: 0,
      medic: 2,
      sniper: 1,
      spy: 0,
    ),
    SteamID(76561198036448935): ClassNumbers(
      scout: 7,
      soldier: 16,
      pyro: 1,
      demoman: 5,
      heavyweapons: 0,
      engineer: 1,
      medic: 2,
      sniper: 0,
      spy: 0,
    ),
    SteamID(76561198045838834): ClassNumbers(
      scout: 6,
      soldier: 2,
      pyro: 0,
      demoman: 0,
      heavyweapons: 0,
      engineer: 0,
      medic: 0,
      sniper: 0,
      spy: 0,
    ),
    SteamID(76561198068686187): ClassNumbers(
      scout: 3,
      soldier: 7,
      pyro: 0,
      demoman: 0,
      heavyweapons: 0,
      engineer: 0,
      medic: 0,
      sniper: 0,
      spy: 0,
    ),
    SteamID(76561198084582998): ClassNumbers(
      scout: 1,
      soldier: 3,
      pyro: 0,
      demoman: 1,
      heavyweapons: 0,
      engineer: 0,
      medic: 1,
      sniper: 0,
      spy: 0,
    ),
    SteamID(76561198094788852): ClassNumbers(
      scout: 5,
      soldier: 7,
      pyro: 0,
      demoman: 7,
      heavyweapons: 0,
      engineer: 0,
      medic: 2,
      sniper: 0,
      spy: 0,
    ),
    SteamID(76561198099843841): ClassNumbers(
      scout: 6,
      soldier: 18,
      pyro: 0,
      demoman: 2,
      heavyweapons: 0,
      engineer: 0,
      medic: 4,
      sniper: 0,
      spy: 0,
    ),
    SteamID(76561198172421881): ClassNumbers(
      scout: 2,
      soldier: 10,
      pyro: 0,
      demoman: 0,
      heavyweapons: 0,
      engineer: 0,
      medic: 1,
      sniper: 0,
      spy: 0,
    ),
    SteamID(76561198236109724): ClassNumbers(
      scout: 6,
      soldier: 1,
      pyro: 0,
      demoman: 0,
      heavyweapons: 0,
      engineer: 0,
      medic: 1,
      sniper: 0,
      spy: 0,
    ),
    SteamID(76561198847863686): ClassNumbers(
      scout: 1,
      soldier: 6,
      pyro: 0,
      demoman: 0,
      heavyweapons: 0,
      engineer: 0,
      medic: 0,
      sniper: 0,
      spy: 0,
    ),
  }),
  chat: [
    ChatMessage(
      steamid: SteamID(76561198068686187),
      name: "NIGGERNIGGERNIGGERNIGGERNIGGERNIGGERNIGGERNIGGERNIGGERNIGGERNIGGERNIGGERNIGGERNIGGER",
      msg: "wtf",
    ),
  ],
  info: {
    "AD_scoring": false,
    "date": 1707539498,
    "has_accuracy": false,
    "has_as": false,
    "has_bs": false,
    "has_cp": false,
    "has_dt": false,
    "has_hp": false,
    "has_hp_real": false,
    "has_hr": false,
    "has_hs": false,
    "has_hs_hit": false,
    "has_intel": false,
    "has_real_damage": false,
    "has_sb": false,
    "has_weapon_damage": false,
    "map": "NIGGERNIGGERNIGGERNIGGER",
    "rounds": None,
    "supplemental": true,
    "title": "NIGGERNIGGERNIGGERNIGGERNIGGERNIGGERNIGG",
    "total_length": 953,
    "uploader": Uploader(
      id: SteamID(76561199604959585),
      name: "Goon4Me Incorporated.",
      info: None,
    ),
  },
  killstreaks: Some([
    KillStreak(
      steamid: SteamID(76561198036448935),
      streak: 3,
      time: 104,
    ),
    KillStreak(
      steamid: SteamID(76561198099843841),
      streak: 3,
      time: 356,
    ),
    KillStreak(
      steamid: SteamID(76561198094788852),
      streak: 3,
      time: 416,
    ),
    KillStreak(
      steamid: SteamID(76561197970669109),
      streak: 3,
      time: 762,
    ),
  ]),
)
