---
source: src/raw.rs
expression: parsed
---
RawLog(
  version: 3,
  length: 1288,
  teams: Some(Teams(
    Red: Team(
      score: 0,
      kills: 117,
      deaths: 0,
      dmg: 42051,
      charges: 11,
      drops: 0,
      firstcaps: 0,
      caps: 0,
    ),
    Blue: Team(
      score: 1,
      kills: 147,
      deaths: 0,
      dmg: 50700,
      charges: 12,
      drops: 1,
      firstcaps: 2,
      caps: 6,
    ),
  )),
  players: {
    SteamID(76561197972737525): Player(
      class_stats: [
        ClassStat(
          type: scout,
          kills: 19,
          assists: 11,
          deaths: 13,
          dmg: 4697,
          total_time: 1288,
          weapon: {
            "pep_pistol": WeaponStat(
              kills: 1,
              dmg: 143,
              avg_dmg: 13.0,
              shots: 0,
              hits: 0,
            ),
            "scattergun": WeaponStat(
              kills: 16,
              dmg: 4554,
              avg_dmg: 27.433735,
              shots: 291,
              hits: 146,
            ),
            "world": WeaponStat(
              kills: 2,
              dmg: 0,
              avg_dmg: 0.0,
              shots: 0,
              hits: 0,
            ),
          },
        ),
      ],
      team: Some(Blue),
      kills: 19,
      deaths: 13,
      assists: 11,
      suicides: 0,
      dmg: 4697,
      dmg_real: 510,
      dt: 4238,
      dt_real: 455,
      hr: 2506,
      lks: 4,
      ubers: 0,
      ubertypes: {},
      drops: 0,
      medkits: 18,
      medkits_hp: 358,
      backstabs: 0,
      headshots: 0,
      headshots_hit: 0,
      heal: 15,
      cpc: 2,
      ic: 0,
      medicstat: None,
    ),
    SteamID(76561197990486664): Player(
      class_stats: [
        ClassStat(
          type: pyro,
          kills: 14,
          assists: 7,
          deaths: 16,
          dmg: 4449,
          total_time: 1288,
          weapon: {
            "blackbox": WeaponStat(
              kills: 0,
              dmg: 129,
              avg_dmg: 129.0,
              shots: 0,
              hits: 0,
            ),
            "degreaser": WeaponStat(
              kills: 11,
              dmg: 2903,
              avg_dmg: 5.101933,
              shots: 0,
              hits: 0,
            ),
            "flaregun": WeaponStat(
              kills: 3,
              dmg: 1417,
              avg_dmg: 12.008474,
              shots: 0,
              hits: 0,
            ),
          },
        ),
      ],
      team: Some(Red),
      kills: 14,
      deaths: 16,
      assists: 7,
      suicides: 1,
      dmg: 4449,
      dmg_real: 129,
      dt: 5380,
      dt_real: 548,
      hr: 3406,
      lks: 4,
      ubers: 0,
      ubertypes: {},
      drops: 0,
      medkits: 6,
      medkits_hp: 161,
      backstabs: 0,
      headshots: 0,
      headshots_hit: 0,
      heal: 0,
      cpc: 0,
      ic: 0,
      medicstat: None,
    ),
    SteamID(76561197992327511): Player(
      class_stats: [
        ClassStat(
          type: scout,
          kills: 24,
          assists: 6,
          deaths: 15,
          dmg: 6346,
          total_time: 1288,
          weapon: {
            "pep_pistol": WeaponStat(
              kills: 2,
              dmg: 269,
              avg_dmg: 14.157895,
              shots: 0,
              hits: 0,
            ),
            "scattergun": WeaponStat(
              kills: 21,
              dmg: 6077,
              avg_dmg: 28.800947,
              shots: 333,
              hits: 190,
            ),
            "world": WeaponStat(
              kills: 1,
              dmg: 0,
              avg_dmg: 0.0,
              shots: 0,
              hits: 0,
            ),
            "wrap_assassin": WeaponStat(
              kills: 0,
              dmg: 0,
              avg_dmg: 0.0,
              shots: 0,
              hits: 0,
            ),
          },
        ),
      ],
      team: Some(Red),
      kills: 24,
      deaths: 15,
      assists: 6,
      suicides: 0,
      dmg: 6346,
      dmg_real: 766,
      dt: 4794,
      dt_real: 481,
      hr: 2644,
      lks: 5,
      ubers: 0,
      ubertypes: {},
      drops: 0,
      medkits: 17,
      medkits_hp: 290,
      backstabs: 0,
      headshots: 0,
      headshots_hit: 0,
      heal: 24,
      cpc: 3,
      ic: 0,
      medicstat: None,
    ),
    SteamID(76561198023071640): Player(
      class_stats: [
        ClassStat(
          type: pyro,
          kills: 16,
          assists: 7,
          deaths: 16,
          dmg: 5453,
          total_time: 1288,
          weapon: {
            "backburner": WeaponStat(
              kills: 13,
              dmg: 3997,
              avg_dmg: 7.0122805,
              shots: 0,
              hits: 0,
            ),
            "deflect_rocket": WeaponStat(
              kills: 3,
              dmg: 0,
              avg_dmg: 0.0,
              shots: 0,
              hits: 0,
            ),
            "detonator": WeaponStat(
              kills: 0,
              dmg: 978,
              avg_dmg: 5.62069,
              shots: 0,
              hits: 0,
            ),
            "quake_rl": WeaponStat(
              kills: 0,
              dmg: 478,
              avg_dmg: 119.5,
              shots: 0,
              hits: 0,
            ),
          },
        ),
      ],
      team: Some(Blue),
      kills: 16,
      deaths: 16,
      assists: 7,
      suicides: 0,
      dmg: 5453,
      dmg_real: 404,
      dt: 5619,
      dt_real: 792,
      hr: 2801,
      lks: 3,
      ubers: 0,
      ubertypes: {},
      drops: 0,
      medkits: 16,
      medkits_hp: 366,
      backstabs: 0,
      headshots: 0,
      headshots_hit: 0,
      heal: 0,
      cpc: 0,
      ic: 0,
      medicstat: None,
    ),
    SteamID(76561198024494988): Player(
      class_stats: [
        ClassStat(
          type: medic,
          kills: 0,
          assists: 15,
          deaths: 14,
          dmg: 0,
          total_time: 1288,
          weapon: {
            "crusaders_crossbow": WeaponStat(
              kills: 0,
              dmg: 0,
              avg_dmg: 0.0,
              shots: 60,
              hits: 32,
            ),
          },
        ),
      ],
      team: Some(Red),
      kills: 0,
      deaths: 14,
      assists: 15,
      suicides: 1,
      dmg: 0,
      dmg_real: 0,
      dt: 4023,
      dt_real: 728,
      hr: 322,
      lks: 0,
      ubers: 11,
      ubertypes: {
        medigun: 11,
      },
      drops: 0,
      medkits: 2,
      medkits_hp: 75,
      backstabs: 0,
      headshots: 0,
      headshots_hit: 0,
      heal: 22962,
      cpc: 0,
      ic: 0,
      medicstat: None,
    ),
    SteamID(76561198047592127): Player(
      class_stats: [
        ClassStat(
          type: medic,
          kills: 1,
          assists: 10,
          deaths: 7,
          dmg: 113,
          total_time: 1288,
          weapon: {
            "crusaders_crossbow": WeaponStat(
              kills: 1,
              dmg: 113,
              avg_dmg: 56.5,
              shots: 77,
              hits: 46,
            ),
          },
        ),
      ],
      team: Some(Blue),
      kills: 1,
      deaths: 7,
      assists: 10,
      suicides: 0,
      dmg: 113,
      dmg_real: 34,
      dt: 2987,
      dt_real: 506,
      hr: 227,
      lks: 1,
      ubers: 12,
      ubertypes: {
        quickfix: 2,
        medigun: 10,
      },
      drops: 1,
      medkits: 8,
      medkits_hp: 267,
      backstabs: 0,
      headshots: 0,
      headshots_hit: 0,
      heal: 24270,
      cpc: 0,
      ic: 0,
      medicstat: None,
    ),
    SteamID(76561198049405872): Player(
      class_stats: [
        ClassStat(
          type: soldier,
          kills: 16,
          assists: 4,
          deaths: 20,
          dmg: 5944,
          total_time: 1288,
          weapon: {
            "quake_rl": WeaponStat(
              kills: 15,
              dmg: 5944,
              avg_dmg: 57.708736,
              shots: 179,
              hits: 85,
            ),
            "world": WeaponStat(
              kills: 1,
              dmg: 0,
              avg_dmg: 0.0,
              shots: 0,
              hits: 0,
            ),
          },
        ),
      ],
      team: Some(Red),
      kills: 16,
      deaths: 20,
      assists: 4,
      suicides: 0,
      dmg: 5944,
      dmg_real: 679,
      dt: 5449,
      dt_real: 918,
      hr: 2613,
      lks: 2,
      ubers: 0,
      ubertypes: {},
      drops: 0,
      medkits: 29,
      medkits_hp: 1141,
      backstabs: 0,
      headshots: 0,
      headshots_hit: 0,
      heal: 0,
      cpc: 0,
      ic: 0,
      medicstat: None,
    ),
    SteamID(76561198052092018): Player(
      class_stats: [
        ClassStat(
          type: demoman,
          kills: 18,
          assists: 5,
          deaths: 12,
          dmg: 9868,
          total_time: 1288,
          weapon: {
            "iron_bomber": WeaponStat(
              kills: 6,
              dmg: 3311,
              avg_dmg: 68.979164,
              shots: 145,
              hits: 41,
            ),
            "tf_projectile_pipe_remote": WeaponStat(
              kills: 11,
              dmg: 6557,
              avg_dmg: 60.155964,
              shots: 312,
              hits: 94,
            ),
            "world": WeaponStat(
              kills: 1,
              dmg: 0,
              avg_dmg: 0.0,
              shots: 0,
              hits: 0,
            ),
          },
        ),
      ],
      team: Some(Blue),
      kills: 18,
      deaths: 12,
      assists: 5,
      suicides: 0,
      dmg: 9868,
      dmg_real: 740,
      dt: 6765,
      dt_real: 139,
      hr: 7079,
      lks: 3,
      ubers: 0,
      ubertypes: {},
      drops: 0,
      medkits: 6,
      medkits_hp: 143,
      backstabs: 0,
      headshots: 0,
      headshots_hit: 0,
      heal: 0,
      cpc: 0,
      ic: 0,
      medicstat: None,
    ),
    SteamID(76561198052362074): Player(
      class_stats: [
        ClassStat(
          type: demoman,
          kills: 11,
          assists: 5,
          deaths: 18,
          dmg: 7519,
          total_time: 1288,
          weapon: {
            "iron_bomber": WeaponStat(
              kills: 6,
              dmg: 2778,
              avg_dmg: 63.136364,
              shots: 119,
              hits: 38,
            ),
            "tf_projectile_pipe_remote": WeaponStat(
              kills: 5,
              dmg: 4741,
              avg_dmg: 57.817074,
              shots: 279,
              hits: 66,
            ),
          },
        ),
      ],
      team: Some(Red),
      kills: 11,
      deaths: 18,
      assists: 5,
      suicides: 0,
      dmg: 7519,
      dmg_real: 466,
      dt: 6220,
      dt_real: 1035,
      hr: 4211,
      lks: 6,
      ubers: 0,
      ubertypes: {},
      drops: 0,
      medkits: 6,
      medkits_hp: 161,
      backstabs: 0,
      headshots: 0,
      headshots_hit: 0,
      heal: 0,
      cpc: 0,
      ic: 0,
      medicstat: None,
    ),
    SteamID(76561198052694464): Player(
      class_stats: [
        ClassStat(
          type: engineer,
          kills: 10,
          assists: 6,
          deaths: 12,
          dmg: 2931,
          total_time: 1288,
          weapon: {
            "obj_minisentry": WeaponStat(
              kills: 2,
              dmg: 1060,
              avg_dmg: 7.464789,
              shots: 0,
              hits: 0,
            ),
            "obj_sentrygun": WeaponStat(
              kills: 0,
              dmg: 80,
              avg_dmg: 16.0,
              shots: 0,
              hits: 0,
            ),
            "obj_sentrygun2": WeaponStat(
              kills: 1,
              dmg: 19,
              avg_dmg: 19.0,
              shots: 0,
              hits: 0,
            ),
            "obj_sentrygun3": WeaponStat(
              kills: 3,
              dmg: 617,
              avg_dmg: 19.28125,
              shots: 0,
              hits: 0,
            ),
            "shotgun_primary": WeaponStat(
              kills: 4,
              dmg: 1040,
              avg_dmg: 20.392157,
              shots: 119,
              hits: 44,
            ),
            "wrangler_kill": WeaponStat(
              kills: 0,
              dmg: 115,
              avg_dmg: 2.254902,
              shots: 0,
              hits: 0,
            ),
          },
        ),
      ],
      team: Some(Red),
      kills: 10,
      deaths: 12,
      assists: 6,
      suicides: 0,
      dmg: 2931,
      dmg_real: 231,
      dt: 3446,
      dt_real: 509,
      hr: 1952,
      lks: 3,
      ubers: 0,
      ubertypes: {},
      drops: 0,
      medkits: 6,
      medkits_hp: 174,
      backstabs: 0,
      headshots: 0,
      headshots_hit: 0,
      heal: 1613,
      cpc: 2,
      ic: 0,
      medicstat: None,
    ),
    SteamID(76561198054395451): Player(
      class_stats: [
        ClassStat(
          type: sniper,
          kills: 24,
          assists: 4,
          deaths: 14,
          dmg: 8927,
          total_time: 1288,
          weapon: {
            "sniperrifle": WeaponStat(
              kills: 24,
              dmg: 8927,
              avg_dmg: 182.18367,
              shots: 126,
              hits: 49,
            ),
          },
        ),
      ],
      team: Some(Blue),
      kills: 24,
      deaths: 14,
      assists: 4,
      suicides: 0,
      dmg: 8927,
      dmg_real: 3542,
      dt: 3332,
      dt_real: 905,
      hr: 891,
      lks: 7,
      ubers: 0,
      ubertypes: {},
      drops: 0,
      medkits: 4,
      medkits_hp: 120,
      backstabs: 0,
      headshots: 19,
      headshots_hit: 26,
      heal: 0,
      cpc: 0,
      ic: 0,
      medicstat: None,
    ),
    SteamID(76561198071062583): Player(
      class_stats: [
        ClassStat(
          type: engineer,
          kills: 11,
          assists: 12,
          deaths: 10,
          dmg: 4014,
          total_time: 1288,
          weapon: {
            "obj_minisentry": WeaponStat(
              kills: 1,
              dmg: 683,
              avg_dmg: 8.035295,
              shots: 0,
              hits: 0,
            ),
            "obj_sentrygun": WeaponStat(
              kills: 0,
              dmg: 402,
              avg_dmg: 16.75,
              shots: 0,
              hits: 0,
            ),
            "obj_sentrygun2": WeaponStat(
              kills: 2,
              dmg: 368,
              avg_dmg: 16.727272,
              shots: 0,
              hits: 0,
            ),
            "obj_sentrygun3": WeaponStat(
              kills: 4,
              dmg: 1153,
              avg_dmg: 13.252873,
              shots: 0,
              hits: 0,
            ),
            "rescue_ranger": WeaponStat(
              kills: 0,
              dmg: 45,
              avg_dmg: 22.5,
              shots: 0,
              hits: 0,
            ),
            "shotgun_primary": WeaponStat(
              kills: 2,
              dmg: 606,
              avg_dmg: 35.64706,
              shots: 32,
              hits: 15,
            ),
            "southern_hospitality": WeaponStat(
              kills: 0,
              dmg: 105,
              avg_dmg: 9.545455,
              shots: 0,
              hits: 0,
            ),
            "world": WeaponStat(
              kills: 1,
              dmg: 0,
              avg_dmg: 0.0,
              shots: 0,
              hits: 0,
            ),
            "wrangler_kill": WeaponStat(
              kills: 1,
              dmg: 652,
              avg_dmg: 7.4942527,
              shots: 0,
              hits: 0,
            ),
          },
        ),
      ],
      team: Some(Blue),
      kills: 11,
      deaths: 10,
      assists: 12,
      suicides: 0,
      dmg: 4014,
      dmg_real: 167,
      dt: 2310,
      dt_real: 486,
      hr: 1034,
      lks: 2,
      ubers: 0,
      ubertypes: {},
      drops: 0,
      medkits: 5,
      medkits_hp: 137,
      backstabs: 0,
      headshots: 0,
      headshots_hit: 0,
      heal: 298,
      cpc: 1,
      ic: 0,
      medicstat: None,
    ),
    SteamID(76561198074516520): Player(
      class_stats: [
        ClassStat(
          type: heavyweapons,
          kills: 23,
          assists: 12,
          deaths: 8,
          dmg: 5152,
          total_time: 1288,
          weapon: {
            "tomislav": WeaponStat(
              kills: 22,
              dmg: 5152,
              avg_dmg: 10.600823,
              shots: 0,
              hits: 0,
            ),
            "world": WeaponStat(
              kills: 1,
              dmg: 0,
              avg_dmg: 0.0,
              shots: 0,
              hits: 0,
            ),
          },
        ),
      ],
      team: Some(Blue),
      kills: 23,
      deaths: 8,
      assists: 12,
      suicides: 0,
      dmg: 5152,
      dmg_real: 291,
      dt: 7785,
      dt_real: 801,
      hr: 7582,
      lks: 8,
      ubers: 0,
      ubertypes: {},
      drops: 0,
      medkits: 12,
      medkits_hp: 423,
      backstabs: 0,
      headshots: 0,
      headshots_hit: 0,
      heal: 114,
      cpc: 1,
      ic: 0,
      medicstat: None,
    ),
    SteamID(76561198076020012): Player(
      class_stats: [
        ClassStat(
          type: sniper,
          kills: 21,
          assists: 1,
          deaths: 19,
          dmg: 6413,
          total_time: 1288,
          weapon: {
            "awper_hand": WeaponStat(
              kills: 20,
              dmg: 6361,
              avg_dmg: 147.93024,
              shots: 133,
              hits: 43,
            ),
            "nonnonviolent_protest": WeaponStat(
              kills: 1,
              dmg: 52,
              avg_dmg: 52.0,
              shots: 0,
              hits: 0,
            ),
          },
        ),
      ],
      team: Some(Red),
      kills: 21,
      deaths: 19,
      assists: 1,
      suicides: 0,
      dmg: 6413,
      dmg_real: 2684,
      dt: 7153,
      dt_real: 1524,
      hr: 3276,
      lks: 4,
      ubers: 0,
      ubertypes: {},
      drops: 0,
      medkits: 0,
      medkits_hp: 0,
      backstabs: 0,
      headshots: 17,
      headshots_hit: 24,
      heal: 0,
      cpc: 0,
      ic: 0,
      medicstat: None,
    ),
    SteamID(76561198105348049): Player(
      class_stats: [
        ClassStat(
          type: spy,
          kills: 12,
          assists: 0,
          deaths: 18,
          dmg: 5111,
          total_time: 1288,
          weapon: {
            "big_earner": WeaponStat(
              kills: 9,
              dmg: 3580,
              avg_dmg: 358.0,
              shots: 0,
              hits: 0,
            ),
            "letranger": WeaponStat(
              kills: 0,
              dmg: 141,
              avg_dmg: 23.5,
              shots: 35,
              hits: 6,
            ),
            "revolver": WeaponStat(
              kills: 1,
              dmg: 370,
              avg_dmg: 37.0,
              shots: 32,
              hits: 10,
            ),
            "spy_cicle": WeaponStat(
              kills: 2,
              dmg: 1020,
              avg_dmg: 204.0,
              shots: 0,
              hits: 0,
            ),
          },
        ),
      ],
      team: Some(Blue),
      kills: 12,
      deaths: 18,
      assists: 0,
      suicides: 0,
      dmg: 5111,
      dmg_real: 1574,
      dt: 2670,
      dt_real: 672,
      hr: 415,
      lks: 3,
      ubers: 0,
      ubertypes: {},
      drops: 0,
      medkits: 12,
      medkits_hp: 231,
      backstabs: 11,
      headshots: 0,
      headshots_hit: 0,
      heal: 0,
      cpc: 0,
      ic: 0,
      medicstat: None,
    ),
    SteamID(76561198120760515): Player(
      class_stats: [
        ClassStat(
          type: spy,
          kills: 14,
          assists: 3,
          deaths: 17,
          dmg: 4227,
          total_time: 1288,
          weapon: {
            "big_earner": WeaponStat(
              kills: 1,
              dmg: 490,
              avg_dmg: 245.0,
              shots: 0,
              hits: 0,
            ),
            "enforcer": WeaponStat(
              kills: 7,
              dmg: 1493,
              avg_dmg: 39.289474,
              shots: 149,
              hits: 38,
            ),
            "knife": WeaponStat(
              kills: 3,
              dmg: 1734,
              avg_dmg: 115.6,
              shots: 0,
              hits: 0,
            ),
            "kunai": WeaponStat(
              kills: 1,
              dmg: 450,
              avg_dmg: 450.0,
              shots: 0,
              hits: 0,
            ),
            "revolver": WeaponStat(
              kills: 0,
              dmg: 60,
              avg_dmg: 60.0,
              shots: 1,
              hits: 1,
            ),
            "world": WeaponStat(
              kills: 2,
              dmg: 0,
              avg_dmg: 0.0,
              shots: 0,
              hits: 0,
            ),
          },
        ),
      ],
      team: Some(Red),
      kills: 14,
      deaths: 17,
      assists: 3,
      suicides: 0,
      dmg: 4227,
      dmg_real: 839,
      dt: 3327,
      dt_real: 356,
      hr: 532,
      lks: 4,
      ubers: 0,
      ubertypes: {},
      drops: 0,
      medkits: 29,
      medkits_hp: 536,
      backstabs: 5,
      headshots: 0,
      headshots_hit: 0,
      heal: 0,
      cpc: 1,
      ic: 0,
      medicstat: None,
    ),
    SteamID(76561198138541489): Player(
      class_stats: [
        ClassStat(
          type: soldier,
          kills: 23,
          assists: 7,
          deaths: 19,
          dmg: 7365,
          total_time: 1288,
          weapon: {
            "blackbox": WeaponStat(
              kills: 18,
              dmg: 6150,
              avg_dmg: 52.118645,
              shots: 186,
              hits: 90,
            ),
            "quake_rl": WeaponStat(
              kills: 5,
              dmg: 1215,
              avg_dmg: 63.94737,
              shots: 36,
              hits: 17,
            ),
          },
        ),
      ],
      team: Some(Blue),
      kills: 23,
      deaths: 19,
      assists: 7,
      suicides: 0,
      dmg: 7365,
      dmg_real: 793,
      dt: 6345,
      dt_real: 1162,
      hr: 2059,
      lks: 5,
      ubers: 0,
      ubertypes: {},
      drops: 0,
      medkits: 24,
      medkits_hp: 739,
      backstabs: 0,
      headshots: 0,
      headshots_hit: 0,
      heal: 989,
      cpc: 1,
      ic: 0,
      medicstat: None,
    ),
    SteamID(76561198162124761): Player(
      class_stats: [
        ClassStat(
          type: heavyweapons,
          kills: 7,
          assists: 3,
          deaths: 18,
          dmg: 4222,
          total_time: 1288,
          weapon: {
            "minigun": WeaponStat(
              kills: 7,
              dmg: 4222,
              avg_dmg: 10.581453,
              shots: 0,
              hits: 0,
            ),
          },
        ),
      ],
      team: Some(Red),
      kills: 7,
      deaths: 18,
      assists: 3,
      suicides: 0,
      dmg: 4222,
      dmg_real: 124,
      dt: 10908,
      dt_real: 1956,
      hr: 6103,
      lks: 2,
      ubers: 0,
      ubertypes: {},
      drops: 0,
      medkits: 6,
      medkits_hp: 362,
      backstabs: 0,
      headshots: 0,
      headshots_hit: 0,
      heal: 396,
      cpc: 1,
      ic: 0,
      medicstat: None,
    ),
  },
  names: {
    SteamID(76561197972737525): "cloudy-AA-",
    SteamID(76561197990486664): "(mus)Tard",
    SteamID(76561197992327511): "[GC]Kimo #JEDIISFREE",
    SteamID(76561198023071640): "Joseph__",
    SteamID(76561198024494988): "Icewind | demos.tf",
    SteamID(76561198047592127): "YO IM,,,ROBOBOT,,,STICKY HERE ?",
    SteamID(76561198049405872): "demps",
    SteamID(76561198052092018): "R0boprod",
    SteamID(76561198052362074): "Old Billy Riley",
    SteamID(76561198052694464): "Kireek",
    SteamID(76561198054395451): "Sebbo",
    SteamID(76561198071062583): "Rocket Launcher",
    SteamID(76561198074516520): "psycho baby",
    SteamID(76561198076020012): "Pen Island",
    SteamID(76561198105348049): "ShaddowDude",
    SteamID(76561198120760515): "ｄ_ｔ",
    SteamID(76561198138541489): "Kaerra",
    SteamID(76561198162124761): "viking",
  },
  rounds: Some([
    {
      "events": [
        Event(
          type: "charge",
          medigun: medigun,
          time: 23,
          steamid: SteamID(76561198047592127),
          team: Some(Red),
        ),
        Event(
          type: "charge",
          medigun: medigun,
          time: 37,
          steamid: SteamID(76561198024494988),
          team: Some(Blue),
        ),
        Event(
          type: "charge",
          medigun: medigun,
          time: 80,
          steamid: SteamID(76561198047592127),
          team: Some(Red),
        ),
        Event(
          type: "charge",
          medigun: medigun,
          time: 106,
          steamid: SteamID(76561198024494988),
          team: Some(Blue),
        ),
        Event(
          type: "medic_death",
          time: 155,
          team: Some(Blue),
          steamid: SteamID(76561198024494988),
          killer: SteamID(76561198105348049),
        ),
        Event(
          type: "charge",
          medigun: medigun,
          time: 160,
          steamid: SteamID(76561198047592127),
          team: Some(Red),
        ),
        Event(
          type: "pointcap",
          time: 204,
          team: Some(Blue),
          point: 2,
        ),
        Event(
          type: "charge",
          medigun: medigun,
          time: 230,
          steamid: SteamID(76561198047592127),
          team: Some(Red),
        ),
        Event(
          type: "charge",
          medigun: medigun,
          time: 248,
          steamid: SteamID(76561198024494988),
          team: Some(Blue),
        ),
        Event(
          type: "drop",
          time: 359,
          steamid: SteamID(76561198047592127),
          team: Some(Red),
        ),
        Event(
          type: "medic_death",
          time: 359,
          team: Some(Red),
          steamid: SteamID(76561198047592127),
          killer: SteamID(76561198076020012),
        ),
        Event(
          type: "charge",
          medigun: medigun,
          time: 361,
          steamid: SteamID(76561198024494988),
          team: Some(Blue),
        ),
        Event(
          type: "medic_death",
          time: 372,
          team: Some(Blue),
          steamid: SteamID(76561198024494988),
          killer: SteamID(76561198138541489),
        ),
        Event(
          type: "pointcap",
          time: 380,
          team: Some(Blue),
          point: 3,
        ),
        Event(
          type: "medic_death",
          time: 416,
          team: Some(Red),
          steamid: SteamID(76561198047592127),
          killer: SteamID(76561197992327511),
        ),
        Event(
          type: "medic_death",
          time: 423,
          team: Some(Blue),
          steamid: SteamID(76561198024494988),
          killer: SteamID(76561198054395451),
        ),
        Event(
          type: "charge",
          medigun: medigun,
          time: 502,
          steamid: SteamID(76561198024494988),
          team: Some(Blue),
        ),
        Event(
          type: "charge",
          medigun: medigun,
          time: 506,
          steamid: SteamID(76561198047592127),
          team: Some(Red),
        ),
        Event(
          type: "medic_death",
          time: 511,
          team: Some(Blue),
          steamid: SteamID(76561198024494988),
          killer: SteamID(76561198054395451),
        ),
        Event(
          type: "medic_death",
          time: 535,
          team: Some(Blue),
          steamid: SteamID(76561198024494988),
          killer: SteamID(76561198023071640),
        ),
        Event(
          type: "medic_death",
          time: 597,
          team: Some(Blue),
          steamid: SteamID(76561198024494988),
          killer: SteamID(76561198052092018),
        ),
        Event(
          type: "charge",
          medigun: medigun,
          time: 611,
          steamid: SteamID(76561198047592127),
          team: Some(Red),
        ),
        Event(
          type: "medic_death",
          time: 666,
          team: Some(Red),
          steamid: SteamID(76561198047592127),
          killer: SteamID(76561198120760515),
        ),
        Event(
          type: "charge",
          medigun: medigun,
          time: 681,
          steamid: SteamID(76561198024494988),
          team: Some(Blue),
        ),
        Event(
          type: "medic_death",
          time: 721,
          team: Some(Blue),
          steamid: SteamID(76561198024494988),
          killer: SteamID(76561198054395451),
        ),
        Event(
          type: "medic_death",
          time: 722,
          team: Some(Red),
          steamid: SteamID(76561198047592127),
          killer: SteamID(76561198052362074),
        ),
        Event(
          type: "charge",
          medigun: medigun,
          time: 807,
          steamid: SteamID(76561198024494988),
          team: Some(Blue),
        ),
        Event(
          type: "charge",
          medigun: quickfix,
          time: 808,
          steamid: SteamID(76561198047592127),
          team: Some(Red),
        ),
        Event(
          type: "medic_death",
          time: 823,
          team: Some(Blue),
          steamid: SteamID(76561198024494988),
          killer: SteamID(76561198074516520),
        ),
        Event(
          type: "charge",
          medigun: quickfix,
          time: 886,
          steamid: SteamID(76561198047592127),
          team: Some(Red),
        ),
        Event(
          type: "charge",
          medigun: medigun,
          time: 925,
          steamid: SteamID(76561198024494988),
          team: Some(Blue),
        ),
        Event(
          type: "medic_death",
          time: 933,
          team: Some(Red),
          steamid: SteamID(76561198047592127),
          killer: SteamID(76561197990486664),
        ),
        Event(
          type: "medic_death",
          time: 959,
          team: Some(Red),
          steamid: SteamID(76561198047592127),
          killer: SteamID(76561198052362074),
        ),
        Event(
          type: "pointcap",
          time: 959,
          team: Some(Blue),
          point: 4,
        ),
        Event(
          type: "round_win",
          time: 959,
          team: Some(Some(Blue)),
        ),
      ],
      "firstcap": Some(Blue),
      "length": 959,
      "players": {
        SteamID(76561197972737525): RoundPlayer(
          kills: 13,
          dmg: 3283,
        ),
        SteamID(76561197990486664): RoundPlayer(
          kills: 14,
          dmg: 3789,
        ),
        SteamID(76561197992327511): RoundPlayer(
          kills: 16,
          dmg: 4582,
        ),
        SteamID(76561198023071640): RoundPlayer(
          kills: 15,
          dmg: 4819,
        ),
        SteamID(76561198024494988): RoundPlayer(
          kills: 0,
          dmg: 0,
        ),
        SteamID(76561198047592127): RoundPlayer(
          kills: 0,
          dmg: 0,
        ),
        SteamID(76561198049405872): RoundPlayer(
          kills: 8,
          dmg: 4036,
        ),
        SteamID(76561198052092018): RoundPlayer(
          kills: 12,
          dmg: 7938,
        ),
        SteamID(76561198052362074): RoundPlayer(
          kills: 7,
          dmg: 5866,
        ),
        SteamID(76561198052694464): RoundPlayer(
          kills: 6,
          dmg: 2215,
        ),
        SteamID(76561198054395451): RoundPlayer(
          kills: 19,
          dmg: 7325,
        ),
        SteamID(76561198071062583): RoundPlayer(
          kills: 8,
          dmg: 2725,
        ),
        SteamID(76561198074516520): RoundPlayer(
          kills: 18,
          dmg: 3922,
        ),
        SteamID(76561198076020012): RoundPlayer(
          kills: 15,
          dmg: 4467,
        ),
        SteamID(76561198105348049): RoundPlayer(
          kills: 11,
          dmg: 4907,
        ),
        SteamID(76561198120760515): RoundPlayer(
          kills: 12,
          dmg: 3187,
        ),
        SteamID(76561198138541489): RoundPlayer(
          kills: 18,
          dmg: 6150,
        ),
        SteamID(76561198162124761): RoundPlayer(
          kills: 5,
          dmg: 2798,
        ),
      },
      "start_time": 1586713185,
      "team": Some(Teams(
        Red: Team(
          score: 0,
          kills: 114,
          deaths: 0,
          dmg: 41069,
          charges: 0,
          drops: 0,
          firstcaps: 0,
          caps: 0,
        ),
        Blue: Team(
          score: 4,
          kills: 83,
          deaths: 0,
          dmg: 30940,
          charges: 0,
          drops: 0,
          firstcaps: 0,
          caps: 0,
        ),
      )),
      "winner": Some(Blue),
    },
    {
      "events": [
        Event(
          type: "charge",
          medigun: medigun,
          time: 985,
          steamid: SteamID(76561198024494988),
          team: Some(Red),
        ),
        Event(
          type: "charge",
          medigun: medigun,
          time: 987,
          steamid: SteamID(76561198047592127),
          team: Some(Blue),
        ),
        Event(
          type: "charge",
          medigun: medigun,
          time: 1007,
          steamid: SteamID(76561198047592127),
          team: Some(Blue),
        ),
        Event(
          type: "pointcap",
          time: 1091,
          team: Some(Blue),
          point: 1,
        ),
        Event(
          type: "charge",
          medigun: medigun,
          time: 1096,
          steamid: SteamID(76561198024494988),
          team: Some(Red),
        ),
        Event(
          type: "charge",
          medigun: medigun,
          time: 1101,
          steamid: SteamID(76561198047592127),
          team: Some(Blue),
        ),
        Event(
          type: "medic_death",
          time: 1106,
          team: Some(Red),
          steamid: SteamID(76561198024494988),
          killer: SteamID(76561198071062583),
        ),
        Event(
          type: "pointcap",
          time: 1135,
          team: Some(Blue),
          point: 2,
        ),
        Event(
          type: "charge",
          medigun: medigun,
          time: 1176,
          steamid: SteamID(76561198047592127),
          team: Some(Blue),
        ),
        Event(
          type: "charge",
          medigun: medigun,
          time: 1193,
          steamid: SteamID(76561198024494988),
          team: Some(Red),
        ),
        Event(
          type: "medic_death",
          time: 1205,
          team: Some(Red),
          steamid: SteamID(76561198024494988),
          killer: SteamID(76561198054395451),
        ),
        Event(
          type: "pointcap",
          time: 1207,
          team: Some(Blue),
          point: 3,
        ),
        Event(
          type: "medic_death",
          time: 1246,
          team: Some(Red),
          steamid: SteamID(76561198024494988),
          killer: SteamID(76561197972737525),
        ),
        Event(
          type: "medic_death",
          time: 1259,
          team: Some(Blue),
          steamid: SteamID(76561198047592127),
          killer: SteamID(76561198049405872),
        ),
        Event(
          type: "medic_death",
          time: 1267,
          team: Some(Red),
          steamid: SteamID(76561198024494988),
          killer: SteamID(76561198052092018),
        ),
        Event(
          type: "medic_death",
          time: 1293,
          team: Some(Red),
          steamid: SteamID(76561198024494988),
          killer: SteamID(76561198023071640),
        ),
        Event(
          type: "round_win",
          time: 1299,
          team: Some(Some(Blue)),
        ),
      ],
      "firstcap": Some(Blue),
      "length": 329,
      "players": {
        SteamID(76561197972737525): RoundPlayer(
          kills: 6,
          dmg: 1414,
        ),
        SteamID(76561197990486664): RoundPlayer(
          kills: 0,
          dmg: 660,
        ),
        SteamID(76561197992327511): RoundPlayer(
          kills: 8,
          dmg: 1764,
        ),
        SteamID(76561198023071640): RoundPlayer(
          kills: 1,
          dmg: 634,
        ),
        SteamID(76561198024494988): RoundPlayer(
          kills: 0,
          dmg: 0,
        ),
        SteamID(76561198047592127): RoundPlayer(
          kills: 1,
          dmg: 113,
        ),
        SteamID(76561198049405872): RoundPlayer(
          kills: 8,
          dmg: 1908,
        ),
        SteamID(76561198052092018): RoundPlayer(
          kills: 6,
          dmg: 1930,
        ),
        SteamID(76561198052362074): RoundPlayer(
          kills: 4,
          dmg: 1653,
        ),
        SteamID(76561198052694464): RoundPlayer(
          kills: 4,
          dmg: 716,
        ),
        SteamID(76561198054395451): RoundPlayer(
          kills: 5,
          dmg: 1602,
        ),
        SteamID(76561198071062583): RoundPlayer(
          kills: 3,
          dmg: 1289,
        ),
        SteamID(76561198074516520): RoundPlayer(
          kills: 5,
          dmg: 1230,
        ),
        SteamID(76561198076020012): RoundPlayer(
          kills: 6,
          dmg: 1946,
        ),
        SteamID(76561198105348049): RoundPlayer(
          kills: 1,
          dmg: 204,
        ),
        SteamID(76561198120760515): RoundPlayer(
          kills: 2,
          dmg: 1040,
        ),
        SteamID(76561198138541489): RoundPlayer(
          kills: 5,
          dmg: 1215,
        ),
        SteamID(76561198162124761): RoundPlayer(
          kills: 2,
          dmg: 1424,
        ),
      },
      "start_time": 1586714155,
      "team": Some(Teams(
        Red: Team(
          score: 0,
          kills: 34,
          deaths: 0,
          dmg: 11111,
          charges: 0,
          drops: 0,
          firstcaps: 0,
          caps: 0,
        ),
        Blue: Team(
          score: 0,
          kills: 33,
          deaths: 0,
          dmg: 9631,
          charges: 0,
          drops: 0,
          firstcaps: 0,
          caps: 0,
        ),
      )),
      "winner": Some(Blue),
    },
  ]),
  healspread: {
    SteamID(76561198024494988): {
      SteamID(76561197990486664): 3199,
      SteamID(76561197992327511): 2196,
      SteamID(76561198049405872): 1827,
      SteamID(76561198052362074): 4065,
      SteamID(76561198052694464): 1952,
      SteamID(76561198076020012): 3276,
      SteamID(76561198120760515): 468,
      SteamID(76561198162124761): 5979,
    },
    SteamID(76561198047592127): {
      SteamID(76561197972737525): 2472,
      SteamID(76561198023071640): 2780,
      SteamID(76561198047592127): 225,
      SteamID(76561198052092018): 7070,
      SteamID(76561198054395451): 818,
      SteamID(76561198071062583): 1034,
      SteamID(76561198074516520): 7479,
      SteamID(76561198105348049): 415,
      SteamID(76561198138541489): 1977,
    },
    SteamID(76561198052694464): {
      SteamID(76561197990486664): 98,
      SteamID(76561197992327511): 436,
      SteamID(76561198024494988): 247,
      SteamID(76561198049405872): 586,
      SteamID(76561198052362074): 58,
      SteamID(76561198120760515): 64,
      SteamID(76561198162124761): 124,
    },
  },
  classkills: {
    SteamID(76561197972737525): ClassNumbers(
      scout: 3,
      soldier: 1,
      pyro: 0,
      demoman: 5,
      heavyweapons: 3,
      engineer: 1,
      medic: 1,
      sniper: 1,
      spy: 4,
    ),
    SteamID(76561197990486664): ClassNumbers(
      scout: 4,
      soldier: 2,
      pyro: 1,
      demoman: 3,
      heavyweapons: 0,
      engineer: 2,
      medic: 1,
      sniper: 0,
      spy: 1,
    ),
    SteamID(76561197992327511): ClassNumbers(
      scout: 0,
      soldier: 4,
      pyro: 5,
      demoman: 3,
      heavyweapons: 4,
      engineer: 1,
      medic: 1,
      sniper: 4,
      spy: 2,
    ),
    SteamID(76561198023071640): ClassNumbers(
      scout: 1,
      soldier: 3,
      pyro: 1,
      demoman: 0,
      heavyweapons: 3,
      engineer: 1,
      medic: 2,
      sniper: 1,
      spy: 4,
    ),
    SteamID(76561198047592127): ClassNumbers(
      scout: 1,
      soldier: 0,
      pyro: 0,
      demoman: 0,
      heavyweapons: 0,
      engineer: 0,
      medic: 0,
      sniper: 0,
      spy: 0,
    ),
    SteamID(76561198049405872): ClassNumbers(
      scout: 3,
      soldier: 2,
      pyro: 0,
      demoman: 1,
      heavyweapons: 1,
      engineer: 2,
      medic: 1,
      sniper: 2,
      spy: 4,
    ),
    SteamID(76561198052092018): ClassNumbers(
      scout: 4,
      soldier: 2,
      pyro: 1,
      demoman: 2,
      heavyweapons: 2,
      engineer: 3,
      medic: 2,
      sniper: 2,
      spy: 0,
    ),
    SteamID(76561198052362074): ClassNumbers(
      scout: 0,
      soldier: 0,
      pyro: 4,
      demoman: 2,
      heavyweapons: 0,
      engineer: 1,
      medic: 2,
      sniper: 0,
      spy: 2,
    ),
    SteamID(76561198052694464): ClassNumbers(
      scout: 4,
      soldier: 1,
      pyro: 1,
      demoman: 1,
      heavyweapons: 0,
      engineer: 0,
      medic: 0,
      sniper: 0,
      spy: 3,
    ),
    SteamID(76561198054395451): ClassNumbers(
      scout: 1,
      soldier: 1,
      pyro: 1,
      demoman: 3,
      heavyweapons: 6,
      engineer: 2,
      medic: 4,
      sniper: 5,
      spy: 1,
    ),
    SteamID(76561198071062583): ClassNumbers(
      scout: 0,
      soldier: 1,
      pyro: 4,
      demoman: 0,
      heavyweapons: 1,
      engineer: 1,
      medic: 1,
      sniper: 1,
      spy: 2,
    ),
    SteamID(76561198074516520): ClassNumbers(
      scout: 3,
      soldier: 7,
      pyro: 1,
      demoman: 3,
      heavyweapons: 2,
      engineer: 0,
      medic: 1,
      sniper: 0,
      spy: 6,
    ),
    SteamID(76561198076020012): ClassNumbers(
      scout: 1,
      soldier: 5,
      pyro: 4,
      demoman: 0,
      heavyweapons: 2,
      engineer: 2,
      medic: 1,
      sniper: 4,
      spy: 2,
    ),
    SteamID(76561198105348049): ClassNumbers(
      scout: 1,
      soldier: 1,
      pyro: 1,
      demoman: 1,
      heavyweapons: 1,
      engineer: 1,
      medic: 1,
      sniper: 5,
      spy: 0,
    ),
    SteamID(76561198120760515): ClassNumbers(
      scout: 1,
      soldier: 3,
      pyro: 1,
      demoman: 0,
      heavyweapons: 0,
      engineer: 2,
      medic: 1,
      sniper: 4,
      spy: 2,
    ),
    SteamID(76561198138541489): ClassNumbers(
      scout: 1,
      soldier: 4,
      pyro: 6,
      demoman: 4,
      heavyweapons: 0,
      engineer: 3,
      medic: 1,
      sniper: 4,
      spy: 0,
    ),
    SteamID(76561198162124761): ClassNumbers(
      scout: 0,
      soldier: 2,
      pyro: 0,
      demoman: 2,
      heavyweapons: 1,
      engineer: 0,
      medic: 0,
      sniper: 0,
      spy: 2,
    ),
  },
  classdeaths: {
    SteamID(76561197972737525): ClassNumbers(
      scout: 0,
      soldier: 3,
      pyro: 4,
      demoman: 0,
      heavyweapons: 0,
      engineer: 4,
      medic: 0,
      sniper: 1,
      spy: 1,
    ),
    SteamID(76561197990486664): ClassNumbers(
      scout: 0,
      soldier: 6,
      pyro: 1,
      demoman: 1,
      heavyweapons: 1,
      engineer: 4,
      medic: 0,
      sniper: 1,
      spy: 1,
    ),
    SteamID(76561197992327511): ClassNumbers(
      scout: 3,
      soldier: 1,
      pyro: 1,
      demoman: 4,
      heavyweapons: 3,
      engineer: 0,
      medic: 1,
      sniper: 1,
      spy: 1,
    ),
    SteamID(76561198023071640): ClassNumbers(
      scout: 5,
      soldier: 0,
      pyro: 1,
      demoman: 4,
      heavyweapons: 0,
      engineer: 1,
      medic: 0,
      sniper: 4,
      spy: 1,
    ),
    SteamID(76561198024494988): ClassNumbers(
      scout: 1,
      soldier: 1,
      pyro: 2,
      demoman: 2,
      heavyweapons: 1,
      engineer: 1,
      medic: 0,
      sniper: 4,
      spy: 1,
    ),
    SteamID(76561198047592127): ClassNumbers(
      scout: 1,
      soldier: 1,
      pyro: 1,
      demoman: 2,
      heavyweapons: 0,
      engineer: 0,
      medic: 0,
      sniper: 1,
      spy: 1,
    ),
    SteamID(76561198049405872): ClassNumbers(
      scout: 1,
      soldier: 4,
      pyro: 3,
      demoman: 2,
      heavyweapons: 7,
      engineer: 1,
      medic: 0,
      sniper: 1,
      spy: 1,
    ),
    SteamID(76561198052092018): ClassNumbers(
      scout: 3,
      soldier: 1,
      pyro: 3,
      demoman: 2,
      heavyweapons: 2,
      engineer: 1,
      medic: 0,
      sniper: 0,
      spy: 0,
    ),
    SteamID(76561198052362074): ClassNumbers(
      scout: 5,
      soldier: 4,
      pyro: 0,
      demoman: 2,
      heavyweapons: 3,
      engineer: 0,
      medic: 0,
      sniper: 3,
      spy: 1,
    ),
    SteamID(76561198052694464): ClassNumbers(
      scout: 1,
      soldier: 3,
      pyro: 1,
      demoman: 3,
      heavyweapons: 0,
      engineer: 1,
      medic: 0,
      sniper: 2,
      spy: 1,
    ),
    SteamID(76561198054395451): ClassNumbers(
      scout: 4,
      soldier: 2,
      pyro: 0,
      demoman: 0,
      heavyweapons: 0,
      engineer: 0,
      medic: 0,
      sniper: 4,
      spy: 4,
    ),
    SteamID(76561198071062583): ClassNumbers(
      scout: 1,
      soldier: 2,
      pyro: 2,
      demoman: 1,
      heavyweapons: 0,
      engineer: 0,
      medic: 0,
      sniper: 2,
      spy: 2,
    ),
    SteamID(76561198074516520): ClassNumbers(
      scout: 4,
      soldier: 1,
      pyro: 0,
      demoman: 0,
      heavyweapons: 1,
      engineer: 0,
      medic: 0,
      sniper: 2,
      spy: 0,
    ),
    SteamID(76561198076020012): ClassNumbers(
      scout: 1,
      soldier: 4,
      pyro: 1,
      demoman: 2,
      heavyweapons: 0,
      engineer: 1,
      medic: 0,
      sniper: 5,
      spy: 5,
    ),
    SteamID(76561198105348049): ClassNumbers(
      scout: 2,
      soldier: 4,
      pyro: 1,
      demoman: 2,
      heavyweapons: 2,
      engineer: 3,
      medic: 0,
      sniper: 2,
      spy: 2,
    ),
    SteamID(76561198120760515): ClassNumbers(
      scout: 4,
      soldier: 0,
      pyro: 4,
      demoman: 0,
      heavyweapons: 6,
      engineer: 2,
      medic: 0,
      sniper: 1,
      spy: 0,
    ),
    SteamID(76561198138541489): ClassNumbers(
      scout: 4,
      soldier: 2,
      pyro: 2,
      demoman: 0,
      heavyweapons: 2,
      engineer: 1,
      medic: 0,
      sniper: 5,
      spy: 3,
    ),
    SteamID(76561198162124761): ClassNumbers(
      scout: 3,
      soldier: 0,
      pyro: 3,
      demoman: 2,
      heavyweapons: 2,
      engineer: 1,
      medic: 0,
      sniper: 6,
      spy: 1,
    ),
  },
  classkillassists: Some({
    SteamID(76561197972737525): ClassNumbers(
      scout: 3,
      soldier: 5,
      pyro: 0,
      demoman: 7,
      heavyweapons: 3,
      engineer: 1,
      medic: 4,
      sniper: 1,
      spy: 6,
    ),
    SteamID(76561197990486664): ClassNumbers(
      scout: 4,
      soldier: 5,
      pyro: 2,
      demoman: 3,
      heavyweapons: 1,
      engineer: 3,
      medic: 2,
      sniper: 0,
      spy: 1,
    ),
    SteamID(76561197992327511): ClassNumbers(
      scout: 0,
      soldier: 7,
      pyro: 7,
      demoman: 3,
      heavyweapons: 4,
      engineer: 1,
      medic: 1,
      sniper: 4,
      spy: 3,
    ),
    SteamID(76561198023071640): ClassNumbers(
      scout: 3,
      soldier: 3,
      pyro: 1,
      demoman: 2,
      heavyweapons: 4,
      engineer: 3,
      medic: 2,
      sniper: 1,
      spy: 4,
    ),
    SteamID(76561198024494988): ClassNumbers(
      scout: 2,
      soldier: 0,
      pyro: 1,
      demoman: 5,
      heavyweapons: 4,
      engineer: 0,
      medic: 1,
      sniper: 1,
      spy: 1,
    ),
    SteamID(76561198047592127): ClassNumbers(
      scout: 5,
      soldier: 4,
      pyro: 1,
      demoman: 0,
      heavyweapons: 0,
      engineer: 0,
      medic: 0,
      sniper: 1,
      spy: 0,
    ),
    SteamID(76561198049405872): ClassNumbers(
      scout: 5,
      soldier: 3,
      pyro: 0,
      demoman: 1,
      heavyweapons: 1,
      engineer: 2,
      medic: 1,
      sniper: 3,
      spy: 4,
    ),
    SteamID(76561198052092018): ClassNumbers(
      scout: 4,
      soldier: 2,
      pyro: 1,
      demoman: 4,
      heavyweapons: 4,
      engineer: 4,
      medic: 2,
      sniper: 2,
      spy: 0,
    ),
    SteamID(76561198052362074): ClassNumbers(
      scout: 1,
      soldier: 0,
      pyro: 7,
      demoman: 3,
      heavyweapons: 0,
      engineer: 1,
      medic: 2,
      sniper: 0,
      spy: 2,
    ),
    SteamID(76561198052694464): ClassNumbers(
      scout: 5,
      soldier: 2,
      pyro: 3,
      demoman: 2,
      heavyweapons: 0,
      engineer: 0,
      medic: 0,
      sniper: 0,
      spy: 4,
    ),
    SteamID(76561198054395451): ClassNumbers(
      scout: 1,
      soldier: 1,
      pyro: 4,
      demoman: 3,
      heavyweapons: 6,
      engineer: 2,
      medic: 4,
      sniper: 5,
      spy: 2,
    ),
    SteamID(76561198071062583): ClassNumbers(
      scout: 2,
      soldier: 3,
      pyro: 5,
      demoman: 4,
      heavyweapons: 2,
      engineer: 1,
      medic: 1,
      sniper: 2,
      spy: 3,
    ),
    SteamID(76561198074516520): ClassNumbers(
      scout: 4,
      soldier: 8,
      pyro: 3,
      demoman: 5,
      heavyweapons: 3,
      engineer: 3,
      medic: 2,
      sniper: 0,
      spy: 7,
    ),
    SteamID(76561198076020012): ClassNumbers(
      scout: 1,
      soldier: 5,
      pyro: 4,
      demoman: 0,
      heavyweapons: 2,
      engineer: 3,
      medic: 1,
      sniper: 4,
      spy: 2,
    ),
    SteamID(76561198105348049): ClassNumbers(
      scout: 1,
      soldier: 1,
      pyro: 1,
      demoman: 1,
      heavyweapons: 1,
      engineer: 1,
      medic: 1,
      sniper: 5,
      spy: 0,
    ),
    SteamID(76561198120760515): ClassNumbers(
      scout: 1,
      soldier: 4,
      pyro: 1,
      demoman: 0,
      heavyweapons: 0,
      engineer: 2,
      medic: 1,
      sniper: 4,
      spy: 4,
    ),
    SteamID(76561198138541489): ClassNumbers(
      scout: 1,
      soldier: 4,
      pyro: 7,
      demoman: 4,
      heavyweapons: 1,
      engineer: 5,
      medic: 3,
      sniper: 4,
      spy: 1,
    ),
    SteamID(76561198162124761): ClassNumbers(
      scout: 0,
      soldier: 3,
      pyro: 0,
      demoman: 4,
      heavyweapons: 1,
      engineer: 0,
      medic: 0,
      sniper: 0,
      spy: 2,
    ),
  }),
  chat: [
    ChatMessage(
      steamid: SteamID(76561198105348049),
      name: "ShaddowDude",
      msg: "nice spy fake was cool",
    ),
    ChatMessage(
      steamid: SteamID(76561198105348049),
      name: "ShaddowDude",
      msg: "actually nice strat",
    ),
    ChatMessage(
      steamid: SteamID(76561198162124761),
      name: "viking",
      msg: "ye im cool",
    ),
    ChatMessage(
      steamid: SteamID(76561198049405872),
      name: "demps",
      msg: "that gun spot scarrerd me so bad dude",
    ),
    ChatMessage(
      steamid: SteamID(76561198105348049),
      name: "ShaddowDude",
      msg: "xD#",
    ),
    ChatMessage(
      steamid: SteamID(76561197972737525),
      name: "cloudy-AA-",
      msg: "wadlow finger",
    ),
    ChatMessage(
      steamid: SteamID(76561198076020012),
      name: "Pen Island",
      msg: "heavy don\'t body block pls...",
    ),
    ChatMessage(
      steamid: SteamID(76561198049405872),
      name: "demps",
      msg: "lol",
    ),
    ChatMessage(
      steamid: SteamID(76561198105348049),
      name: "ShaddowDude",
      msg: "stop faking sniper its too confusing",
    ),
    ChatMessage(
      steamid: SteamID(76561198105348049),
      name: "ShaddowDude",
      msg: ":(",
    ),
    ChatMessage(
      steamid: SteamID(76561197972737525),
      name: "cloudy-AA-",
      msg: "reeeeeeeeeeeeeeeee",
    ),
    ChatMessage(
      steamid: SteamID(76561198049405872),
      name: "demps",
      msg: "i didnt deserve that",
    ),
    ChatMessage(
      steamid: SteamID(76561197972737525),
      name: "cloudy-AA-",
      msg: "u did",
    ),
    ChatMessage(
      steamid: SteamID(76561197972737525),
      name: "cloudy-AA-",
      msg: "im so bad",
    ),
    ChatMessage(
      steamid: SteamID(76561198049405872),
      name: "demps",
      msg: "nice reflect",
    ),
    ChatMessage(
      steamid: SteamID(76561198023071640),
      name: "Joseph__",
      msg: "yes",
    ),
    ChatMessage(
      steamid: SteamID(76561198023071640),
      name: "Joseph__",
      msg: "pyros funny",
    ),
    ChatMessage(
      steamid: SteamID(76561197990486664),
      name: "(mus)Tard",
      msg: "quirky",
    ),
    ChatMessage(
      steamid: SteamID(76561198105348049),
      name: "ShaddowDude",
      msg: ":(",
    ),
    ChatMessage(
      steamid: SteamID(76561198105348049),
      name: "ShaddowDude",
      msg: "D:",
    ),
    ChatMessage(
      steamid: SteamID(76561198105348049),
      name: "ShaddowDude",
      msg: "why shoot me?",
    ),
    ChatMessage(
      steamid: SteamID(76561198105348049),
      name: "ShaddowDude",
      msg: "rather than cart",
    ),
    ChatMessage(
      steamid: SteamID(76561198105348049),
      name: "ShaddowDude",
      msg: "or",
    ),
    ChatMessage(
      steamid: SteamID(76561198105348049),
      name: "ShaddowDude",
      msg: "a good class",
    ),
    ChatMessage(
      steamid: SteamID(76561198076020012),
      name: "Pen Island",
      msg: "pyro gross",
    ),
    ChatMessage(
      steamid: SteamID(76561198049405872),
      name: "demps",
      msg: "ggs",
    ),
    ChatMessage(
      steamid: SteamID(76561198052092018),
      name: "R0boprod",
      msg: "GG",
    ),
    ChatMessage(
      steamid: SteamID(76561198047592127),
      name: "YO IM,,,ROBOBOT,,,STICKY HERE ?",
      msg: "more?]",
    ),
    ChatMessage(
      steamid: SteamID(76561198074516520),
      name: "psycho baby",
      msg: "gg wp",
    ),
    ChatMessage(
      steamid: SteamID(76561198105348049),
      name: "ShaddowDude",
      msg: "gg",
    ),
  ],
  info: {
    "AD_scoring": true,
    "date": 1586721697,
    "has_accuracy": false,
    "has_as": false,
    "has_bs": false,
    "has_cp": false,
    "has_dt": false,
    "has_hp": false,
    "has_hp_real": false,
    "has_hr": false,
    "has_hs": false,
    "has_hs_hit": false,
    "has_intel": false,
    "has_real_damage": false,
    "has_sb": false,
    "has_weapon_damage": false,
    "map": "pl_badwater_pro_v9",
    "rounds": None,
    "supplemental": true,
    "title": "SchnitzelBrigade: BLU vs RED",
    "total_length": 1288,
    "uploader": Uploader(
      id: SteamID(76561198024494988),
      name: "Icewind |t.D|",
      info: Some("LogsTF 2.3.0"),
    ),
  },
  killstreaks: Some([
    KillStreak(
      steamid: SteamID(76561198074516520),
      streak: 4,
      time: 165,
    ),
    KillStreak(
      steamid: SteamID(76561198054395451),
      streak: 3,
      time: 506,
    ),
    KillStreak(
      steamid: SteamID(76561198138541489),
      streak: 3,
      time: 540,
    ),
    KillStreak(
      steamid: SteamID(76561197992327511),
      streak: 3,
      time: 721,
    ),
    KillStreak(
      steamid: SteamID(76561198076020012),
      streak: 3,
      time: 730,
    ),
    KillStreak(
      steamid: SteamID(76561198074516520),
      streak: 3,
      time: 820,
    ),
    KillStreak(
      steamid: SteamID(76561198138541489),
      streak: 3,
      time: 823,
    ),
    KillStreak(
      steamid: SteamID(76561197992327511),
      streak: 4,
      time: 934,
    ),
    KillStreak(
      steamid: SteamID(76561197992327511),
      streak: 3,
      time: 1241,
    ),
  ]),
)
