---
source: src/raw.rs
expression: parsed
---
RawLog(
  version: 3,
  length: 1795,
  teams: Some(Teams(
    Red: Team(
      score: 5,
      kills: 109,
      deaths: 0,
      dmg: 36487,
      charges: 11,
      drops: 0,
      firstcaps: 4,
      caps: 22,
    ),
    Blue: Team(
      score: 2,
      kills: 99,
      deaths: 0,
      dmg: 39646,
      charges: 11,
      drops: 0,
      firstcaps: 3,
      caps: 14,
    ),
  )),
  players: {
    SteamID(76561198062128351): Player(
      class_stats: [
        ClassStat(
          type: scout,
          kills: 22,
          assists: 14,
          deaths: 14,
          dmg: 6247,
          total_time: 1795,
          weapon: {
            "pistol_scout": WeaponStat(
              kills: 2,
              dmg: 245,
              avg_dmg: 16.333334,
              shots: 96,
              hits: 15,
            ),
            "scattergun": WeaponStat(
              kills: 20,
              dmg: 6002,
              avg_dmg: 25.432203,
              shots: 338,
              hits: 231,
            ),
          },
        ),
      ],
      team: Some(Red),
      kills: 22,
      deaths: 14,
      assists: 14,
      suicides: 0,
      dmg: 6247,
      dmg_real: 799,
      dt: 4756,
      dt_real: 521,
      hr: 5179,
      lks: 4,
      ubers: 0,
      ubertypes: {},
      drops: 0,
      medkits: 22,
      medkits_hp: 548,
      backstabs: 0,
      headshots: 0,
      headshots_hit: 0,
      heal: 0,
      cpc: 16,
      ic: 0,
      medicstat: None,
    ),
    SteamID(76561198073143375): Player(
      class_stats: [
        ClassStat(
          type: scout,
          kills: 19,
          assists: 15,
          deaths: 13,
          dmg: 6462,
          total_time: 1641,
          weapon: {
            "maxgun": WeaponStat(
              kills: 2,
              dmg: 481,
              avg_dmg: 10.456522,
              shots: 201,
              hits: 46,
            ),
            "pistol_scout": WeaponStat(
              kills: 0,
              dmg: 16,
              avg_dmg: 8.0,
              shots: 11,
              hits: 2,
            ),
            "scattergun": WeaponStat(
              kills: 16,
              dmg: 5965,
              avg_dmg: 20.084175,
              shots: 424,
              hits: 274,
            ),
            "world": WeaponStat(
              kills: 1,
              dmg: 0,
              avg_dmg: 0.0,
              shots: 0,
              hits: 0,
            ),
          },
        ),
      ],
      team: Some(Blue),
      kills: 19,
      deaths: 13,
      assists: 15,
      suicides: 0,
      dmg: 6497,
      dmg_real: 305,
      dt: 5243,
      dt_real: 674,
      hr: 6647,
      lks: 4,
      ubers: 0,
      ubertypes: {},
      drops: 0,
      medkits: 13,
      medkits_hp: 356,
      backstabs: 0,
      headshots: 0,
      headshots_hit: 0,
      heal: 0,
      cpc: 7,
      ic: 0,
      medicstat: None,
    ),
    SteamID(76561198076912448): Player(
      class_stats: [
        ClassStat(
          type: soldier,
          kills: 15,
          assists: 10,
          deaths: 20,
          dmg: 6581,
          total_time: 1404,
          weapon: {
            "quake_rl": WeaponStat(
              kills: 15,
              dmg: 6581,
              avg_dmg: 60.37615,
              shots: 199,
              hits: 102,
            ),
          },
        ),
        ClassStat(
          type: sniper,
          kills: 4,
          assists: 0,
          deaths: 4,
          dmg: 1422,
          total_time: 391,
          weapon: {
            "smg": WeaponStat(
              kills: 0,
              dmg: 22,
              avg_dmg: 11.0,
              shots: 20,
              hits: 2,
            ),
            "sniperrifle": WeaponStat(
              kills: 4,
              dmg: 1400,
              avg_dmg: 140.0,
              shots: 23,
              hits: 10,
            ),
          },
        ),
      ],
      team: Some(Red),
      kills: 19,
      deaths: 24,
      assists: 10,
      suicides: 0,
      dmg: 8003,
      dmg_real: 909,
      dt: 8086,
      dt_real: 1081,
      hr: 6480,
      lks: 3,
      ubers: 0,
      ubertypes: {},
      drops: 0,
      medkits: 70,
      medkits_hp: 2751,
      backstabs: 0,
      headshots: 2,
      headshots_hit: 4,
      heal: 0,
      cpc: 2,
      ic: 0,
      medicstat: None,
    ),
    SteamID(76561198077163186): Player(
      class_stats: [
        ClassStat(
          type: demoman,
          kills: 22,
          assists: 3,
          deaths: 13,
          dmg: 10111,
          total_time: 1795,
          weapon: {
            "tf_projectile_pipe": WeaponStat(
              kills: 14,
              dmg: 3195,
              avg_dmg: 67.97872,
              shots: 150,
              hits: 41,
            ),
            "tf_projectile_pipe_remote": WeaponStat(
              kills: 8,
              dmg: 6916,
              avg_dmg: 50.115944,
              shots: 454,
              hits: 118,
            ),
          },
        ),
      ],
      team: Some(Blue),
      kills: 22,
      deaths: 13,
      assists: 3,
      suicides: 0,
      dmg: 10111,
      dmg_real: 1220,
      dt: 7597,
      dt_real: 380,
      hr: 9166,
      lks: 6,
      ubers: 0,
      ubertypes: {},
      drops: 0,
      medkits: 38,
      medkits_hp: 1446,
      backstabs: 0,
      headshots: 0,
      headshots_hit: 0,
      heal: 0,
      cpc: 8,
      ic: 0,
      medicstat: None,
    ),
    SteamID(76561198118657767): Player(
      class_stats: [
        ClassStat(
          type: soldier,
          kills: 10,
          assists: 11,
          deaths: 24,
          dmg: 6336,
          total_time: 1795,
          weapon: {
            "tf_projectile_rocket": WeaponStat(
              kills: 10,
              dmg: 6336,
              avg_dmg: 51.512196,
              shots: 311,
              hits: 106,
            ),
          },
        ),
      ],
      team: Some(Blue),
      kills: 10,
      deaths: 24,
      assists: 11,
      suicides: 0,
      dmg: 6336,
      dmg_real: 394,
      dt: 6867,
      dt_real: 785,
      hr: 5173,
      lks: 2,
      ubers: 0,
      ubertypes: {},
      drops: 0,
      medkits: 40,
      medkits_hp: 1200,
      backstabs: 0,
      headshots: 0,
      headshots_hit: 0,
      heal: 0,
      cpc: 3,
      ic: 0,
      medicstat: None,
    ),
    SteamID(76561198126490152): Player(
      class_stats: [
        ClassStat(
          type: soldier,
          kills: 15,
          assists: 4,
          deaths: 23,
          dmg: 8511,
          total_time: 1715,
          weapon: {
            "tf_projectile_rocket": WeaponStat(
              kills: 15,
              dmg: 8511,
              avg_dmg: 59.93662,
              shots: 275,
              hits: 121,
            ),
          },
        ),
        ClassStat(
          type: scout,
          kills: 0,
          assists: 1,
          deaths: 1,
          dmg: 291,
          total_time: 63,
          weapon: {
            "scattergun": WeaponStat(
              kills: 0,
              dmg: 242,
              avg_dmg: 30.25,
              shots: 11,
              hits: 5,
            ),
            "the_winger": WeaponStat(
              kills: 0,
              dmg: 49,
              avg_dmg: 24.5,
              shots: 0,
              hits: 0,
            ),
          },
        ),
        ClassStat(
          type: heavyweapons,
          kills: 1,
          assists: 0,
          deaths: 1,
          dmg: 134,
          total_time: 16,
          weapon: {
            "tomislav": WeaponStat(
              kills: 1,
              dmg: 134,
              avg_dmg: 7.4444447,
              shots: 0,
              hits: 0,
            ),
          },
        ),
      ],
      team: Some(Blue),
      kills: 16,
      deaths: 25,
      assists: 5,
      suicides: 0,
      dmg: 8936,
      dmg_real: 748,
      dt: 7873,
      dt_real: 797,
      hr: 6007,
      lks: 3,
      ubers: 0,
      ubertypes: {},
      drops: 0,
      medkits: 51,
      medkits_hp: 1773,
      backstabs: 0,
      headshots: 0,
      headshots_hit: 0,
      heal: 0,
      cpc: 4,
      ic: 0,
      medicstat: None,
    ),
    SteamID(76561198156060630): Player(
      class_stats: [
        ClassStat(
          type: medic,
          kills: 0,
          assists: 13,
          deaths: 12,
          dmg: 240,
          total_time: 1795,
          weapon: {
            "crusaders_crossbow": WeaponStat(
              kills: 0,
              dmg: 240,
              avg_dmg: 60.0,
              shots: 115,
              hits: 61,
            ),
          },
        ),
      ],
      team: Some(Blue),
      kills: 0,
      deaths: 12,
      assists: 13,
      suicides: 0,
      dmg: 240,
      dmg_real: 0,
      dt: 3215,
      dt_real: 424,
      hr: 0,
      lks: 0,
      ubers: 11,
      ubertypes: {
        kritzkrieg: 2,
        medigun: 9,
      },
      drops: 0,
      medkits: 7,
      medkits_hp: 230,
      backstabs: 0,
      headshots: 0,
      headshots_hit: 0,
      heal: 29813,
      cpc: 4,
      ic: 0,
      medicstat: None,
    ),
    SteamID(76561198240848740): Player(
      class_stats: [
        ClassStat(
          type: demoman,
          kills: 22,
          assists: 7,
          deaths: 17,
          dmg: 8794,
          total_time: 1795,
          weapon: {
            "iron_bomber": WeaponStat(
              kills: 10,
              dmg: 3149,
              avg_dmg: 69.977776,
              shots: 165,
              hits: 41,
            ),
            "tf_projectile_pipe": WeaponStat(
              kills: 0,
              dmg: 30,
              avg_dmg: 30.0,
              shots: 23,
              hits: 1,
            ),
            "tf_projectile_pipe_remote": WeaponStat(
              kills: 11,
              dmg: 5615,
              avg_dmg: 50.13393,
              shots: 430,
              hits: 106,
            ),
            "world": WeaponStat(
              kills: 1,
              dmg: 0,
              avg_dmg: 0.0,
              shots: 0,
              hits: 0,
            ),
          },
        ),
      ],
      team: Some(Red),
      kills: 22,
      deaths: 17,
      assists: 7,
      suicides: 0,
      dmg: 8794,
      dmg_real: 791,
      dt: 10827,
      dt_real: 606,
      hr: 10861,
      lks: 9,
      ubers: 0,
      ubertypes: {},
      drops: 0,
      medkits: 34,
      medkits_hp: 1241,
      backstabs: 0,
      headshots: 0,
      headshots_hit: 0,
      heal: 0,
      cpc: 4,
      ic: 0,
      medicstat: None,
    ),
    SteamID(76561198277951578): Player(
      class_stats: [
        ClassStat(
          type: scout,
          kills: 27,
          assists: 8,
          deaths: 16,
          dmg: 6082,
          total_time: 1368,
          weapon: {
            "pistol_scout": WeaponStat(
              kills: 3,
              dmg: 158,
              avg_dmg: 17.555555,
              shots: 36,
              hits: 9,
            ),
            "scattergun": WeaponStat(
              kills: 24,
              dmg: 5924,
              avg_dmg: 28.075829,
              shots: 273,
              hits: 197,
            ),
          },
        ),
        ClassStat(
          type: sniper,
          kills: 5,
          assists: 0,
          deaths: 4,
          dmg: 1377,
          total_time: 285,
          weapon: {
            "smg": WeaponStat(
              kills: 0,
              dmg: 37,
              avg_dmg: 9.25,
              shots: 15,
              hits: 4,
            ),
            "sniperrifle": WeaponStat(
              kills: 5,
              dmg: 1340,
              avg_dmg: 148.88889,
              shots: 25,
              hits: 9,
            ),
          },
        ),
        ClassStat(
          type: engineer,
          kills: 0,
          assists: 0,
          deaths: 1,
          dmg: 67,
          total_time: 111,
          weapon: {
            "obj_sentrygun3": WeaponStat(
              kills: 0,
              dmg: 67,
              avg_dmg: 16.75,
              shots: 0,
              hits: 0,
            ),
          },
        ),
        ClassStat(
          type: spy,
          kills: 0,
          assists: 0,
          deaths: 1,
          dmg: 0,
          total_time: 28,
          weapon: {},
        ),
      ],
      team: Some(Blue),
      kills: 32,
      deaths: 22,
      assists: 8,
      suicides: 0,
      dmg: 7526,
      dmg_real: 1555,
      dt: 5692,
      dt_real: 628,
      hr: 2820,
      lks: 7,
      ubers: 0,
      ubertypes: {},
      drops: 0,
      medkits: 34,
      medkits_hp: 796,
      backstabs: 0,
      headshots: 2,
      headshots_hit: 2,
      heal: 0,
      cpc: 11,
      ic: 0,
      medicstat: None,
    ),
    SteamID(76561198352372705): Player(
      class_stats: [
        ClassStat(
          type: scout,
          kills: 19,
          assists: 13,
          deaths: 12,
          dmg: 5839,
          total_time: 1698,
          weapon: {
            "maxgun": WeaponStat(
              kills: 2,
              dmg: 137,
              avg_dmg: 10.538462,
              shots: 57,
              hits: 13,
            ),
            "scattergun": WeaponStat(
              kills: 16,
              dmg: 5702,
              avg_dmg: 24.791304,
              shots: 387,
              hits: 225,
            ),
            "world": WeaponStat(
              kills: 1,
              dmg: 0,
              avg_dmg: 0.0,
              shots: 0,
              hits: 0,
            ),
          },
        ),
        ClassStat(
          type: engineer,
          kills: 1,
          assists: 0,
          deaths: 0,
          dmg: 283,
          total_time: 97,
          weapon: {
            "obj_sentrygun": WeaponStat(
              kills: 0,
              dmg: 34,
              avg_dmg: 3.7777777,
              shots: 0,
              hits: 0,
            ),
            "obj_sentrygun3": WeaponStat(
              kills: 1,
              dmg: 235,
              avg_dmg: 19.583334,
              shots: 0,
              hits: 0,
            ),
            "shotgun_primary": WeaponStat(
              kills: 0,
              dmg: 14,
              avg_dmg: 14.0,
              shots: 2,
              hits: 1,
            ),
          },
        ),
      ],
      team: Some(Red),
      kills: 20,
      deaths: 12,
      assists: 13,
      suicides: 0,
      dmg: 6122,
      dmg_real: 418,
      dt: 6134,
      dt_real: 474,
      hr: 8125,
      lks: 6,
      ubers: 0,
      ubertypes: {},
      drops: 0,
      medkits: 17,
      medkits_hp: 404,
      backstabs: 0,
      headshots: 0,
      headshots_hit: 0,
      heal: 0,
      cpc: 9,
      ic: 0,
      medicstat: None,
    ),
    SteamID(76561198442198135): Player(
      class_stats: [
        ClassStat(
          type: medic,
          kills: 0,
          assists: 18,
          deaths: 8,
          dmg: 253,
          total_time: 1795,
          weapon: {
            "crusaders_crossbow": WeaponStat(
              kills: 0,
              dmg: 253,
              avg_dmg: 63.25,
              shots: 126,
              hits: 58,
            ),
          },
        ),
      ],
      team: Some(Red),
      kills: 0,
      deaths: 8,
      assists: 18,
      suicides: 0,
      dmg: 253,
      dmg_real: 0,
      dt: 3905,
      dt_real: 555,
      hr: 0,
      lks: 0,
      ubers: 11,
      ubertypes: {
        medigun: 11,
      },
      drops: 0,
      medkits: 9,
      medkits_hp: 330,
      backstabs: 0,
      headshots: 0,
      headshots_hit: 0,
      heal: 32672,
      cpc: 4,
      ic: 0,
      medicstat: None,
    ),
    SteamID(76561198931708958): Player(
      class_stats: [
        ClassStat(
          type: soldier,
          kills: 26,
          assists: 4,
          deaths: 24,
          dmg: 7068,
          total_time: 1795,
          weapon: {
            "quake_rl": WeaponStat(
              kills: 25,
              dmg: 7068,
              avg_dmg: 63.107143,
              shots: 239,
              hits: 99,
            ),
            "world": WeaponStat(
              kills: 1,
              dmg: 0,
              avg_dmg: 0.0,
              shots: 0,
              hits: 0,
            ),
          },
        ),
      ],
      team: Some(Red),
      kills: 26,
      deaths: 24,
      assists: 4,
      suicides: 0,
      dmg: 7068,
      dmg_real: 771,
      dt: 5938,
      dt_real: 985,
      hr: 2027,
      lks: 7,
      ubers: 0,
      ubertypes: {},
      drops: 0,
      medkits: 80,
      medkits_hp: 2434,
      backstabs: 0,
      headshots: 0,
      headshots_hit: 0,
      heal: 0,
      cpc: 4,
      ic: 0,
      medicstat: None,
    ),
  },
  names: {
    SteamID(76561198062128351): "Time",
    SteamID(76561198073143375): "PhiPhi",
    SteamID(76561198076912448): "cock",
    SteamID(76561198077163186): "ℙengstah",
    SteamID(76561198118657767): "dorkson",
    SteamID(76561198126490152): "4skiNZ^dott",
    SteamID(76561198156060630): "big maurice",
    SteamID(76561198240848740): "boba",
    SteamID(76561198277951578): "selad",
    SteamID(76561198352372705): "\u{e38}",
    SteamID(76561198442198135): "kimono mackey",
    SteamID(76561198931708958): "Unko",
  },
  rounds: Some([
    {
      "events": [
        Event(
          type: "medic_death",
          time: 29,
          team: Some(Blue),
          steamid: SteamID(76561198156060630),
          killer: SteamID(76561198931708958),
        ),
        Event(
          type: "pointcap",
          time: 51,
          team: Some(Blue),
          point: 3,
        ),
        Event(
          type: "charge",
          medigun: medigun,
          time: 81,
          steamid: SteamID(76561198442198135),
          team: Some(Red),
        ),
        Event(
          type: "pointcap",
          time: 92,
          team: Some(Blue),
          point: 4,
        ),
        Event(
          type: "pointcap",
          time: 111,
          team: Some(Red),
          point: 4,
        ),
        Event(
          type: "pointcap",
          time: 125,
          team: Some(Blue),
          point: 4,
        ),
        Event(
          type: "charge",
          medigun: medigun,
          time: 140,
          steamid: SteamID(76561198156060630),
          team: Some(Blue),
        ),
        Event(
          type: "medic_death",
          time: 144,
          team: Some(Red),
          steamid: SteamID(76561198442198135),
          killer: SteamID(76561198077163186),
        ),
        Event(
          type: "pointcap",
          time: 149,
          team: Some(Blue),
          point: 5,
        ),
        Event(
          type: "round_win",
          time: 149,
          team: Some(Blue),
        ),
      ],
      "firstcap": Some(Blue),
      "length": 149,
      "players": {
        SteamID(76561198062128351): RoundPlayer(
          kills: 0,
          dmg: 310,
        ),
        SteamID(76561198073143375): RoundPlayer(
          kills: 1,
          dmg: 659,
        ),
        SteamID(76561198076912448): RoundPlayer(
          kills: 1,
          dmg: 717,
        ),
        SteamID(76561198077163186): RoundPlayer(
          kills: 5,
          dmg: 1490,
        ),
        SteamID(76561198118657767): RoundPlayer(
          kills: 1,
          dmg: 642,
        ),
        SteamID(76561198126490152): RoundPlayer(
          kills: 0,
          dmg: 819,
        ),
        SteamID(76561198156060630): RoundPlayer(
          kills: 0,
          dmg: 0,
        ),
        SteamID(76561198240848740): RoundPlayer(
          kills: 0,
          dmg: 378,
        ),
        SteamID(76561198277951578): RoundPlayer(
          kills: 6,
          dmg: 921,
        ),
        SteamID(76561198352372705): RoundPlayer(
          kills: 2,
          dmg: 770,
        ),
        SteamID(76561198442198135): RoundPlayer(
          kills: 0,
          dmg: 75,
        ),
        SteamID(76561198931708958): RoundPlayer(
          kills: 2,
          dmg: 463,
        ),
      },
      "start_time": 1707643153,
      "team": Some(Teams(
        Red: Team(
          score: 0,
          kills: 5,
          deaths: 0,
          dmg: 2713,
          charges: 0,
          drops: 0,
          firstcaps: 0,
          caps: 0,
        ),
        Blue: Team(
          score: 1,
          kills: 13,
          deaths: 0,
          dmg: 4531,
          charges: 0,
          drops: 0,
          firstcaps: 0,
          caps: 0,
        ),
      )),
      "winner": Some(Blue),
    },
    {
      "events": [
        Event(
          type: "medic_death",
          time: 186,
          team: Some(Blue),
          steamid: SteamID(76561198156060630),
          killer: SteamID(76561198931708958),
        ),
        Event(
          type: "medic_death",
          time: 196,
          team: Some(Red),
          steamid: SteamID(76561198442198135),
          killer: SteamID(76561198277951578),
        ),
        Event(
          type: "pointcap",
          time: 217,
          team: Some(Red),
          point: 3,
        ),
        Event(
          type: "pointcap",
          time: 256,
          team: Some(Red),
          point: 2,
        ),
        Event(
          type: "charge",
          medigun: kritzkrieg,
          time: 261,
          steamid: SteamID(76561198156060630),
          team: Some(Blue),
        ),
        Event(
          type: "medic_death",
          time: 265,
          team: Some(Red),
          steamid: SteamID(76561198442198135),
          killer: SteamID(76561198073143375),
        ),
        Event(
          type: "medic_death",
          time: 274,
          team: Some(Blue),
          steamid: SteamID(76561198156060630),
          killer: SteamID(76561198076912448),
        ),
        Event(
          type: "charge",
          medigun: medigun,
          time: 342,
          steamid: SteamID(76561198442198135),
          team: Some(Red),
        ),
        Event(
          type: "charge",
          medigun: medigun,
          time: 345,
          steamid: SteamID(76561198156060630),
          team: Some(Blue),
        ),
        Event(
          type: "pointcap",
          time: 370,
          team: Some(Blue),
          point: 2,
        ),
        Event(
          type: "medic_death",
          time: 383,
          team: Some(Red),
          steamid: SteamID(76561198442198135),
          killer: SteamID(76561198277951578),
        ),
        Event(
          type: "pointcap",
          time: 397,
          team: Some(Blue),
          point: 3,
        ),
        Event(
          type: "pointcap",
          time: 415,
          team: Some(Blue),
          point: 4,
        ),
        Event(
          type: "charge",
          medigun: medigun,
          time: 424,
          steamid: SteamID(76561198156060630),
          team: Some(Blue),
        ),
        Event(
          type: "pointcap",
          time: 433,
          team: Some(Blue),
          point: 5,
        ),
        Event(
          type: "round_win",
          time: 433,
          team: Some(Blue),
        ),
      ],
      "firstcap": Some(Red),
      "length": 276,
      "players": {
        SteamID(76561198062128351): RoundPlayer(
          kills: 2,
          dmg: 839,
        ),
        SteamID(76561198073143375): RoundPlayer(
          kills: 4,
          dmg: 1489,
        ),
        SteamID(76561198076912448): RoundPlayer(
          kills: 3,
          dmg: 1158,
        ),
        SteamID(76561198077163186): RoundPlayer(
          kills: 5,
          dmg: 1309,
        ),
        SteamID(76561198118657767): RoundPlayer(
          kills: 2,
          dmg: 876,
        ),
        SteamID(76561198126490152): RoundPlayer(
          kills: 1,
          dmg: 965,
        ),
        SteamID(76561198156060630): RoundPlayer(
          kills: 0,
          dmg: 0,
        ),
        SteamID(76561198240848740): RoundPlayer(
          kills: 2,
          dmg: 666,
        ),
        SteamID(76561198277951578): RoundPlayer(
          kills: 5,
          dmg: 1261,
        ),
        SteamID(76561198352372705): RoundPlayer(
          kills: 2,
          dmg: 980,
        ),
        SteamID(76561198442198135): RoundPlayer(
          kills: 0,
          dmg: 0,
        ),
        SteamID(76561198931708958): RoundPlayer(
          kills: 4,
          dmg: 861,
        ),
      },
      "start_time": 1707643310,
      "team": Some(Teams(
        Red: Team(
          score: 0,
          kills: 13,
          deaths: 0,
          dmg: 4504,
          charges: 0,
          drops: 0,
          firstcaps: 0,
          caps: 0,
        ),
        Blue: Team(
          score: 2,
          kills: 17,
          deaths: 0,
          dmg: 5900,
          charges: 0,
          drops: 0,
          firstcaps: 0,
          caps: 0,
        ),
      )),
      "winner": Some(Blue),
    },
    {
      "events": [
        Event(
          type: "pointcap",
          time: 497,
          team: Some(Red),
          point: 3,
        ),
        Event(
          type: "charge",
          medigun: medigun,
          time: 588,
          steamid: SteamID(76561198156060630),
          team: Some(Blue),
        ),
        Event(
          type: "charge",
          medigun: medigun,
          time: 592,
          steamid: SteamID(76561198442198135),
          team: Some(Red),
        ),
        Event(
          type: "pointcap",
          time: 606,
          team: Some(Red),
          point: 2,
        ),
        Event(
          type: "medic_death",
          time: 619,
          team: Some(Blue),
          steamid: SteamID(76561198156060630),
          killer: SteamID(76561198931708958),
        ),
        Event(
          type: "pointcap",
          time: 629,
          team: Some(Red),
          point: 1,
        ),
        Event(
          type: "round_win",
          time: 629,
          team: Some(Red),
        ),
      ],
      "firstcap": Some(Red),
      "length": 188,
      "players": {
        SteamID(76561198062128351): RoundPlayer(
          kills: 1,
          dmg: 316,
        ),
        SteamID(76561198073143375): RoundPlayer(
          kills: 1,
          dmg: 659,
        ),
        SteamID(76561198076912448): RoundPlayer(
          kills: 2,
          dmg: 688,
        ),
        SteamID(76561198077163186): RoundPlayer(
          kills: 0,
          dmg: 1061,
        ),
        SteamID(76561198118657767): RoundPlayer(
          kills: 0,
          dmg: 685,
        ),
        SteamID(76561198126490152): RoundPlayer(
          kills: 2,
          dmg: 1098,
        ),
        SteamID(76561198156060630): RoundPlayer(
          kills: 0,
          dmg: 0,
        ),
        SteamID(76561198240848740): RoundPlayer(
          kills: 4,
          dmg: 1168,
        ),
        SteamID(76561198277951578): RoundPlayer(
          kills: 3,
          dmg: 862,
        ),
        SteamID(76561198352372705): RoundPlayer(
          kills: 1,
          dmg: 668,
        ),
        SteamID(76561198442198135): RoundPlayer(
          kills: 0,
          dmg: 55,
        ),
        SteamID(76561198931708958): RoundPlayer(
          kills: 5,
          dmg: 1122,
        ),
      },
      "start_time": 1707643594,
      "team": Some(Teams(
        Red: Team(
          score: 1,
          kills: 13,
          deaths: 0,
          dmg: 4017,
          charges: 0,
          drops: 0,
          firstcaps: 0,
          caps: 0,
        ),
        Blue: Team(
          score: 2,
          kills: 6,
          deaths: 0,
          dmg: 4365,
          charges: 0,
          drops: 0,
          firstcaps: 0,
          caps: 0,
        ),
      )),
      "winner": Some(Red),
    },
    {
      "events": [
        Event(
          type: "medic_death",
          time: 670,
          team: Some(Blue),
          steamid: SteamID(76561198156060630),
          killer: SteamID(76561198931708958),
        ),
        Event(
          type: "pointcap",
          time: 691,
          team: Some(Red),
          point: 3,
        ),
        Event(
          type: "pointcap",
          time: 711,
          team: Some(Red),
          point: 2,
        ),
        Event(
          type: "charge",
          medigun: medigun,
          time: 715,
          steamid: SteamID(76561198442198135),
          team: Some(Red),
        ),
        Event(
          type: "pointcap",
          time: 723,
          team: Some(Red),
          point: 1,
        ),
        Event(
          type: "round_win",
          time: 723,
          team: Some(Red),
        ),
      ],
      "firstcap": Some(Red),
      "length": 86,
      "players": {
        SteamID(76561198062128351): RoundPlayer(
          kills: 1,
          dmg: 375,
        ),
        SteamID(76561198073143375): RoundPlayer(
          kills: 1,
          dmg: 234,
        ),
        SteamID(76561198076912448): RoundPlayer(
          kills: 0,
          dmg: 121,
        ),
        SteamID(76561198077163186): RoundPlayer(
          kills: 0,
          dmg: 536,
        ),
        SteamID(76561198118657767): RoundPlayer(
          kills: 0,
          dmg: 169,
        ),
        SteamID(76561198126490152): RoundPlayer(
          kills: 0,
          dmg: 209,
        ),
        SteamID(76561198156060630): RoundPlayer(
          kills: 0,
          dmg: 0,
        ),
        SteamID(76561198240848740): RoundPlayer(
          kills: 4,
          dmg: 848,
        ),
        SteamID(76561198277951578): RoundPlayer(
          kills: 2,
          dmg: 598,
        ),
        SteamID(76561198352372705): RoundPlayer(
          kills: 0,
          dmg: 190,
        ),
        SteamID(76561198442198135): RoundPlayer(
          kills: 0,
          dmg: 0,
        ),
        SteamID(76561198931708958): RoundPlayer(
          kills: 2,
          dmg: 355,
        ),
      },
      "start_time": 1707643790,
      "team": Some(Teams(
        Red: Team(
          score: 2,
          kills: 7,
          deaths: 0,
          dmg: 1889,
          charges: 0,
          drops: 0,
          firstcaps: 0,
          caps: 0,
        ),
        Blue: Team(
          score: 2,
          kills: 3,
          deaths: 0,
          dmg: 1746,
          charges: 0,
          drops: 0,
          firstcaps: 0,
          caps: 0,
        ),
      )),
      "winner": Some(Red),
    },
    {
      "events": [
        Event(
          type: "medic_death",
          time: 777,
          team: Some(Blue),
          steamid: SteamID(76561198156060630),
          killer: SteamID(76561198076912448),
        ),
        Event(
          type: "medic_death",
          time: 785,
          team: Some(Red),
          steamid: SteamID(76561198442198135),
          killer: SteamID(76561198277951578),
        ),
        Event(
          type: "pointcap",
          time: 804,
          team: Some(Blue),
          point: 3,
        ),
        Event(
          type: "charge",
          medigun: kritzkrieg,
          time: 847,
          steamid: SteamID(76561198156060630),
          team: Some(Blue),
        ),
        Event(
          type: "medic_death",
          time: 848,
          team: Some(Red),
          steamid: SteamID(76561198442198135),
          killer: SteamID(76561198077163186),
        ),
        Event(
          type: "pointcap",
          time: 867,
          team: Some(Blue),
          point: 4,
        ),
        Event(
          type: "medic_death",
          time: 918,
          team: Some(Blue),
          steamid: SteamID(76561198156060630),
          killer: SteamID(76561198076912448),
        ),
        Event(
          type: "pointcap",
          time: 964,
          team: Some(Red),
          point: 4,
        ),
        Event(
          type: "charge",
          medigun: medigun,
          time: 978,
          steamid: SteamID(76561198442198135),
          team: Some(Red),
        ),
        Event(
          type: "medic_death",
          time: 991,
          team: Some(Red),
          steamid: SteamID(76561198442198135),
          killer: SteamID(76561198277951578),
        ),
        Event(
          type: "charge",
          medigun: medigun,
          time: 1014,
          steamid: SteamID(76561198156060630),
          team: Some(Blue),
        ),
        Event(
          type: "pointcap",
          time: 1035,
          team: Some(Blue),
          point: 4,
        ),
        Event(
          type: "medic_death",
          time: 1043,
          team: Some(Blue),
          steamid: SteamID(76561198156060630),
          killer: SteamID(76561198062128351),
        ),
        Event(
          type: "pointcap",
          time: 1061,
          team: Some(Red),
          point: 4,
        ),
        Event(
          type: "pointcap",
          time: 1086,
          team: Some(Red),
          point: 3,
        ),
        Event(
          type: "pointcap",
          time: 1116,
          team: Some(Red),
          point: 2,
        ),
        Event(
          type: "charge",
          medigun: medigun,
          time: 1121,
          steamid: SteamID(76561198442198135),
          team: Some(Red),
        ),
        Event(
          type: "charge",
          medigun: medigun,
          time: 1124,
          steamid: SteamID(76561198156060630),
          team: Some(Blue),
        ),
        Event(
          type: "charge",
          medigun: medigun,
          time: 1330,
          steamid: SteamID(76561198442198135),
          team: Some(Red),
        ),
        Event(
          type: "charge",
          medigun: medigun,
          time: 1331,
          steamid: SteamID(76561198156060630),
          team: Some(Blue),
        ),
        Event(
          type: "pointcap",
          time: 1333,
          team: Some(Red),
          point: 1,
        ),
        Event(
          type: "round_win",
          time: 1333,
          team: Some(Red),
        ),
      ],
      "firstcap": Some(Blue),
      "length": 602,
      "players": {
        SteamID(76561198062128351): RoundPlayer(
          kills: 10,
          dmg: 2046,
        ),
        SteamID(76561198073143375): RoundPlayer(
          kills: 7,
          dmg: 1887,
        ),
        SteamID(76561198076912448): RoundPlayer(
          kills: 9,
          dmg: 3021,
        ),
        SteamID(76561198077163186): RoundPlayer(
          kills: 7,
          dmg: 3293,
        ),
        SteamID(76561198118657767): RoundPlayer(
          kills: 4,
          dmg: 2162,
        ),
        SteamID(76561198126490152): RoundPlayer(
          kills: 4,
          dmg: 2113,
        ),
        SteamID(76561198156060630): RoundPlayer(
          kills: 0,
          dmg: 116,
        ),
        SteamID(76561198240848740): RoundPlayer(
          kills: 4,
          dmg: 2577,
        ),
        SteamID(76561198277951578): RoundPlayer(
          kills: 12,
          dmg: 2536,
        ),
        SteamID(76561198352372705): RoundPlayer(
          kills: 5,
          dmg: 1339,
        ),
        SteamID(76561198442198135): RoundPlayer(
          kills: 0,
          dmg: 63,
        ),
        SteamID(76561198931708958): RoundPlayer(
          kills: 7,
          dmg: 2086,
        ),
      },
      "start_time": 1707643884,
      "team": Some(Teams(
        Red: Team(
          score: 3,
          kills: 35,
          deaths: 0,
          dmg: 11132,
          charges: 0,
          drops: 0,
          firstcaps: 0,
          caps: 0,
        ),
        Blue: Team(
          score: 2,
          kills: 34,
          deaths: 0,
          dmg: 12107,
          charges: 0,
          drops: 0,
          firstcaps: 0,
          caps: 0,
        ),
      )),
      "winner": Some(Red),
    },
    {
      "events": [
        Event(
          type: "medic_death",
          time: 1370,
          team: Some(Blue),
          steamid: SteamID(76561198156060630),
          killer: SteamID(76561198931708958),
        ),
        Event(
          type: "medic_death",
          time: 1372,
          team: Some(Red),
          steamid: SteamID(76561198442198135),
          killer: SteamID(76561198126490152),
        ),
        Event(
          type: "pointcap",
          time: 1387,
          team: Some(Red),
          point: 3,
        ),
        Event(
          type: "pointcap",
          time: 1400,
          team: Some(Red),
          point: 2,
        ),
        Event(
          type: "medic_death",
          time: 1432,
          team: Some(Blue),
          steamid: SteamID(76561198156060630),
          killer: SteamID(76561198931708958),
        ),
        Event(
          type: "charge",
          medigun: medigun,
          time: 1460,
          steamid: SteamID(76561198442198135),
          team: Some(Red),
        ),
        Event(
          type: "pointcap",
          time: 1473,
          team: Some(Red),
          point: 1,
        ),
        Event(
          type: "round_win",
          time: 1473,
          team: Some(Red),
        ),
      ],
      "firstcap": Some(Red),
      "length": 132,
      "players": {
        SteamID(76561198062128351): RoundPlayer(
          kills: 3,
          dmg: 654,
        ),
        SteamID(76561198073143375): RoundPlayer(
          kills: 2,
          dmg: 425,
        ),
        SteamID(76561198076912448): RoundPlayer(
          kills: 2,
          dmg: 833,
        ),
        SteamID(76561198077163186): RoundPlayer(
          kills: 1,
          dmg: 381,
        ),
        SteamID(76561198118657767): RoundPlayer(
          kills: 2,
          dmg: 639,
        ),
        SteamID(76561198126490152): RoundPlayer(
          kills: 1,
          dmg: 483,
        ),
        SteamID(76561198156060630): RoundPlayer(
          kills: 0,
          dmg: 49,
        ),
        SteamID(76561198240848740): RoundPlayer(
          kills: 0,
          dmg: 622,
        ),
        SteamID(76561198277951578): RoundPlayer(
          kills: 0,
          dmg: 132,
        ),
        SteamID(76561198352372705): RoundPlayer(
          kills: 5,
          dmg: 663,
        ),
        SteamID(76561198442198135): RoundPlayer(
          kills: 0,
          dmg: 0,
        ),
        SteamID(76561198931708958): RoundPlayer(
          kills: 4,
          dmg: 997,
        ),
      },
      "start_time": 1707644494,
      "team": Some(Teams(
        Red: Team(
          score: 4,
          kills: 14,
          deaths: 0,
          dmg: 3769,
          charges: 0,
          drops: 0,
          firstcaps: 0,
          caps: 0,
        ),
        Blue: Team(
          score: 2,
          kills: 6,
          deaths: 0,
          dmg: 2109,
          charges: 0,
          drops: 0,
          firstcaps: 0,
          caps: 0,
        ),
      )),
      "winner": Some(Red),
    },
    {
      "events": [
        Event(
          type: "pointcap",
          time: 1543,
          team: Some(Blue),
          point: 3,
        ),
        Event(
          type: "pointcap",
          time: 1556,
          team: Some(Blue),
          point: 4,
        ),
        Event(
          type: "charge",
          medigun: medigun,
          time: 1624,
          steamid: SteamID(76561198442198135),
          team: Some(Red),
        ),
        Event(
          type: "charge",
          medigun: medigun,
          time: 1626,
          steamid: SteamID(76561198156060630),
          team: Some(Blue),
        ),
        Event(
          type: "medic_death",
          time: 1673,
          team: Some(Blue),
          steamid: SteamID(76561198156060630),
          killer: SteamID(76561198076912448),
        ),
        Event(
          type: "pointcap",
          time: 1684,
          team: Some(Red),
          point: 4,
        ),
        Event(
          type: "pointcap",
          time: 1715,
          team: Some(Red),
          point: 3,
        ),
        Event(
          type: "charge",
          medigun: medigun,
          time: 1721,
          steamid: SteamID(76561198442198135),
          team: Some(Red),
        ),
        Event(
          type: "pointcap",
          time: 1733,
          team: Some(Red),
          point: 2,
        ),
        Event(
          type: "pointcap",
          time: 1773,
          team: Some(Blue),
          point: 2,
        ),
        Event(
          type: "charge",
          medigun: medigun,
          time: 1784,
          steamid: SteamID(76561198156060630),
          team: Some(Blue),
        ),
        Event(
          type: "charge",
          medigun: medigun,
          time: 1785,
          steamid: SteamID(76561198442198135),
          team: Some(Red),
        ),
        Event(
          type: "pointcap",
          time: 1814,
          team: Some(Red),
          point: 2,
        ),
        Event(
          type: "medic_death",
          time: 1840,
          team: Some(Blue),
          steamid: SteamID(76561198156060630),
          killer: SteamID(76561198062128351),
        ),
        Event(
          type: "pointcap",
          time: 1843,
          team: Some(Red),
          point: 1,
        ),
        Event(
          type: "round_win",
          time: 1843,
          team: Some(Red),
        ),
      ],
      "firstcap": Some(Blue),
      "length": 362,
      "players": {
        SteamID(76561198062128351): RoundPlayer(
          kills: 5,
          dmg: 1707,
        ),
        SteamID(76561198073143375): RoundPlayer(
          kills: 3,
          dmg: 1144,
        ),
        SteamID(76561198076912448): RoundPlayer(
          kills: 2,
          dmg: 1465,
        ),
        SteamID(76561198077163186): RoundPlayer(
          kills: 4,
          dmg: 2041,
        ),
        SteamID(76561198118657767): RoundPlayer(
          kills: 1,
          dmg: 1163,
        ),
        SteamID(76561198126490152): RoundPlayer(
          kills: 8,
          dmg: 3249,
        ),
        SteamID(76561198156060630): RoundPlayer(
          kills: 0,
          dmg: 75,
        ),
        SteamID(76561198240848740): RoundPlayer(
          kills: 8,
          dmg: 2535,
        ),
        SteamID(76561198277951578): RoundPlayer(
          kills: 4,
          dmg: 1216,
        ),
        SteamID(76561198352372705): RoundPlayer(
          kills: 5,
          dmg: 1512,
        ),
        SteamID(76561198442198135): RoundPlayer(
          kills: 0,
          dmg: 60,
        ),
        SteamID(76561198931708958): RoundPlayer(
          kills: 2,
          dmg: 1184,
        ),
      },
      "start_time": 1707644634,
      "team": Some(Teams(
        Red: Team(
          score: 5,
          kills: 22,
          deaths: 0,
          dmg: 8463,
          charges: 0,
          drops: 0,
          firstcaps: 0,
          caps: 0,
        ),
        Blue: Team(
          score: 2,
          kills: 20,
          deaths: 0,
          dmg: 8888,
          charges: 0,
          drops: 0,
          firstcaps: 0,
          caps: 0,
        ),
      )),
      "winner": Some(Red),
    },
  ]),
  healspread: {
    SteamID(76561198156060630): {
      SteamID(76561198073143375): 6647,
      SteamID(76561198077163186): 9166,
      SteamID(76561198118657767): 5173,
      SteamID(76561198126490152): 6007,
      SteamID(76561198277951578): 2820,
    },
    SteamID(76561198442198135): {
      SteamID(76561198062128351): 5179,
      SteamID(76561198076912448): 6480,
      SteamID(76561198240848740): 10861,
      SteamID(76561198352372705): 8125,
      SteamID(76561198931708958): 2027,
    },
  },
  classkills: {
    SteamID(76561198062128351): ClassNumbers(
      scout: 6,
      soldier: 11,
      pyro: 0,
      demoman: 2,
      heavyweapons: 0,
      engineer: 0,
      medic: 2,
      sniper: 1,
      spy: 0,
    ),
    SteamID(76561198073143375): ClassNumbers(
      scout: 5,
      soldier: 9,
      pyro: 0,
      demoman: 3,
      heavyweapons: 0,
      engineer: 0,
      medic: 1,
      sniper: 1,
      spy: 0,
    ),
    SteamID(76561198076912448): ClassNumbers(
      scout: 7,
      soldier: 4,
      pyro: 0,
      demoman: 0,
      heavyweapons: 1,
      engineer: 1,
      medic: 4,
      sniper: 1,
      spy: 1,
    ),
    SteamID(76561198077163186): ClassNumbers(
      scout: 6,
      soldier: 4,
      pyro: 0,
      demoman: 10,
      heavyweapons: 0,
      engineer: 0,
      medic: 2,
      sniper: 0,
      spy: 0,
    ),
    SteamID(76561198118657767): ClassNumbers(
      scout: 2,
      soldier: 6,
      pyro: 0,
      demoman: 1,
      heavyweapons: 0,
      engineer: 0,
      medic: 0,
      sniper: 1,
      spy: 0,
    ),
    SteamID(76561198126490152): ClassNumbers(
      scout: 6,
      soldier: 8,
      pyro: 0,
      demoman: 0,
      heavyweapons: 0,
      engineer: 0,
      medic: 1,
      sniper: 1,
      spy: 0,
    ),
    SteamID(76561198240848740): ClassNumbers(
      scout: 7,
      soldier: 9,
      pyro: 0,
      demoman: 5,
      heavyweapons: 0,
      engineer: 0,
      medic: 0,
      sniper: 1,
      spy: 0,
    ),
    SteamID(76561198277951578): ClassNumbers(
      scout: 7,
      soldier: 17,
      pyro: 0,
      demoman: 3,
      heavyweapons: 0,
      engineer: 0,
      medic: 4,
      sniper: 1,
      spy: 0,
    ),
    SteamID(76561198352372705): ClassNumbers(
      scout: 5,
      soldier: 14,
      pyro: 0,
      demoman: 1,
      heavyweapons: 0,
      engineer: 0,
      medic: 0,
      sniper: 0,
      spy: 0,
    ),
    SteamID(76561198931708958): ClassNumbers(
      scout: 5,
      soldier: 9,
      pyro: 0,
      demoman: 5,
      heavyweapons: 0,
      engineer: 0,
      medic: 6,
      sniper: 1,
      spy: 0,
    ),
  },
  classdeaths: {
    SteamID(76561198062128351): ClassNumbers(
      scout: 5,
      soldier: 3,
      pyro: 0,
      demoman: 5,
      heavyweapons: 1,
      engineer: 0,
      medic: 0,
      sniper: 0,
      spy: 0,
    ),
    SteamID(76561198073143375): ClassNumbers(
      scout: 2,
      soldier: 6,
      pyro: 0,
      demoman: 3,
      heavyweapons: 0,
      engineer: 0,
      medic: 0,
      sniper: 2,
      spy: 0,
    ),
    SteamID(76561198076912448): ClassNumbers(
      scout: 11,
      soldier: 8,
      pyro: 0,
      demoman: 3,
      heavyweapons: 0,
      engineer: 0,
      medic: 0,
      sniper: 2,
      spy: 0,
    ),
    SteamID(76561198077163186): ClassNumbers(
      scout: 3,
      soldier: 5,
      pyro: 0,
      demoman: 5,
      heavyweapons: 0,
      engineer: 0,
      medic: 0,
      sniper: 0,
      spy: 0,
    ),
    SteamID(76561198118657767): ClassNumbers(
      scout: 16,
      soldier: 4,
      pyro: 0,
      demoman: 4,
      heavyweapons: 0,
      engineer: 0,
      medic: 0,
      sniper: 0,
      spy: 0,
    ),
    SteamID(76561198126490152): ClassNumbers(
      scout: 10,
      soldier: 10,
      pyro: 0,
      demoman: 5,
      heavyweapons: 0,
      engineer: 0,
      medic: 0,
      sniper: 0,
      spy: 0,
    ),
    SteamID(76561198156060630): ClassNumbers(
      scout: 2,
      soldier: 10,
      pyro: 0,
      demoman: 0,
      heavyweapons: 0,
      engineer: 0,
      medic: 0,
      sniper: 0,
      spy: 0,
    ),
    SteamID(76561198240848740): ClassNumbers(
      scout: 6,
      soldier: 1,
      pyro: 0,
      demoman: 10,
      heavyweapons: 0,
      engineer: 0,
      medic: 0,
      sniper: 0,
      spy: 0,
    ),
    SteamID(76561198277951578): ClassNumbers(
      scout: 8,
      soldier: 6,
      pyro: 0,
      demoman: 5,
      heavyweapons: 0,
      engineer: 1,
      medic: 0,
      sniper: 2,
      spy: 0,
    ),
    SteamID(76561198352372705): ClassNumbers(
      scout: 7,
      soldier: 4,
      pyro: 0,
      demoman: 1,
      heavyweapons: 0,
      engineer: 0,
      medic: 0,
      sniper: 0,
      spy: 0,
    ),
    SteamID(76561198442198135): ClassNumbers(
      scout: 4,
      soldier: 1,
      pyro: 0,
      demoman: 2,
      heavyweapons: 0,
      engineer: 0,
      medic: 0,
      sniper: 1,
      spy: 0,
    ),
    SteamID(76561198931708958): ClassNumbers(
      scout: 13,
      soldier: 8,
      pyro: 0,
      demoman: 1,
      heavyweapons: 0,
      engineer: 0,
      medic: 0,
      sniper: 2,
      spy: 0,
    ),
  },
  classkillassists: Some({
    SteamID(76561198062128351): ClassNumbers(
      scout: 11,
      soldier: 18,
      pyro: 0,
      demoman: 3,
      heavyweapons: 1,
      engineer: 0,
      medic: 2,
      sniper: 1,
      spy: 0,
    ),
    SteamID(76561198073143375): ClassNumbers(
      scout: 8,
      soldier: 17,
      pyro: 0,
      demoman: 6,
      heavyweapons: 0,
      engineer: 0,
      medic: 2,
      sniper: 1,
      spy: 0,
    ),
    SteamID(76561198076912448): ClassNumbers(
      scout: 12,
      soldier: 6,
      pyro: 0,
      demoman: 1,
      heavyweapons: 1,
      engineer: 1,
      medic: 6,
      sniper: 1,
      spy: 1,
    ),
    SteamID(76561198077163186): ClassNumbers(
      scout: 7,
      soldier: 4,
      pyro: 0,
      demoman: 12,
      heavyweapons: 0,
      engineer: 0,
      medic: 2,
      sniper: 0,
      spy: 0,
    ),
    SteamID(76561198118657767): ClassNumbers(
      scout: 3,
      soldier: 14,
      pyro: 0,
      demoman: 2,
      heavyweapons: 0,
      engineer: 0,
      medic: 0,
      sniper: 2,
      spy: 0,
    ),
    SteamID(76561198126490152): ClassNumbers(
      scout: 9,
      soldier: 9,
      pyro: 0,
      demoman: 1,
      heavyweapons: 0,
      engineer: 0,
      medic: 1,
      sniper: 1,
      spy: 0,
    ),
    SteamID(76561198156060630): ClassNumbers(
      scout: 6,
      soldier: 2,
      pyro: 0,
      demoman: 2,
      heavyweapons: 0,
      engineer: 0,
      medic: 2,
      sniper: 1,
      spy: 0,
    ),
    SteamID(76561198240848740): ClassNumbers(
      scout: 8,
      soldier: 14,
      pyro: 0,
      demoman: 6,
      heavyweapons: 0,
      engineer: 0,
      medic: 0,
      sniper: 1,
      spy: 0,
    ),
    SteamID(76561198277951578): ClassNumbers(
      scout: 9,
      soldier: 22,
      pyro: 0,
      demoman: 4,
      heavyweapons: 0,
      engineer: 0,
      medic: 4,
      sniper: 1,
      spy: 0,
    ),
    SteamID(76561198352372705): ClassNumbers(
      scout: 8,
      soldier: 21,
      pyro: 0,
      demoman: 2,
      heavyweapons: 0,
      engineer: 0,
      medic: 1,
      sniper: 0,
      spy: 1,
    ),
    SteamID(76561198442198135): ClassNumbers(
      scout: 3,
      soldier: 9,
      pyro: 0,
      demoman: 4,
      heavyweapons: 0,
      engineer: 0,
      medic: 1,
      sniper: 1,
      spy: 0,
    ),
    SteamID(76561198931708958): ClassNumbers(
      scout: 7,
      soldier: 10,
      pyro: 0,
      demoman: 5,
      heavyweapons: 0,
      engineer: 0,
      medic: 7,
      sniper: 1,
      spy: 0,
    ),
  }),
  chat: [
    ChatMessage(
      steamid: (),
      name: "Console",
      msg: "All our servers are now also accessible through SDR (Valve\'s gaming VPN), type !sdr to view the connect info",
    ),
    ChatMessage(
      steamid: SteamID(76561198073143375),
      name: "PhiPhi",
      msg: "server lkaggingg?",
    ),
    ChatMessage(
      steamid: SteamID(76561198442198135),
      name: "kimono mackey",
      msg: "uomg",
    ),
    ChatMessage(
      steamid: SteamID(76561198277951578),
      name: "selad",
      msg: "dott",
    ),
    ChatMessage(
      steamid: (),
      name: "Console",
      msg: "All our servers are now also accessible through SDR (Valve\'s gaming VPN), type !sdr to view the connect info",
    ),
    ChatMessage(
      steamid: SteamID(76561198077163186),
      name: "ℙengstah",
      msg: "gg",
    ),
  ],
  info: {
    "AD_scoring": false,
    "date": 1707648632,
    "has_accuracy": false,
    "has_as": false,
    "has_bs": false,
    "has_cp": false,
    "has_dt": false,
    "has_hp": false,
    "has_hp_real": false,
    "has_hr": false,
    "has_hs": false,
    "has_hs_hit": false,
    "has_intel": false,
    "has_real_damage": false,
    "has_sb": false,
    "has_weapon_damage": false,
    "map": "cp_snakewater_final1",
    "rounds": None,
    "supplemental": true,
    "title": "au.serveme.tf #4027",
    "total_length": 1795,
    "uploader": Uploader(
      id: SteamID(76561197960497430),
      name: "Arie - VanillaTF2.org",
      info: Some("LogsTF 2.6.2"),
    ),
  },
  killstreaks: Some([
    KillStreak(
      steamid: SteamID(76561198077163186),
      streak: 3,
      time: 140,
    ),
    KillStreak(
      steamid: SteamID(76561198931708958),
      streak: 3,
      time: 186,
    ),
    KillStreak(
      steamid: SteamID(76561198931708958),
      streak: 3,
      time: 619,
    ),
    KillStreak(
      steamid: SteamID(76561198240848740),
      streak: 3,
      time: 684,
    ),
    KillStreak(
      steamid: SteamID(76561198277951578),
      streak: 4,
      time: 778,
    ),
    KillStreak(
      steamid: SteamID(76561198062128351),
      streak: 3,
      time: 1043,
    ),
    KillStreak(
      steamid: SteamID(76561198931708958),
      streak: 3,
      time: 1370,
    ),
    KillStreak(
      steamid: SteamID(76561198240848740),
      streak: 3,
      time: 1662,
    ),
  ]),
)
